---
source: external-crates/move/crates/move-transactional-test-runner/src/framework.rs
---
processed 8 tasks

init:
A: object(0,0), B: object(0,1)

task 1, lines 6-40:
//# publish
created: object(1,0), object(1,1)
mutated: object(0,2)
gas summary: computation_cost: 1000000, storage_cost: 9530400,  storage_rebate: 0, non_refundable_storage_fee: 0

task 2, lines 42-48:
//# programmable --sender A --inputs object(1,0) 42 @A
//> 0: test::counter::inc(Input(0));
//> 1: test::counter::inc_by(Input(0), Input(1));
//> 2: sui::coin::value<sui::sui::SUI>(Gas);
//> 3: test::counter::inc_by(Input(0), Result(2));
//> 4: test::counter::take(Input(0), Input(1));
//> 5: TransferObjects([Result(4)], Input(2))
Error: Transaction Effects Status: Move Bytecode Verification Error. Please run the Bytecode Verifier for more information.
Debug of error: VMVerificationOrDeserializationError at command Some(2)

task 3, lines 50-52:
//# programmable --sender A --inputs 42 @B
//> 0: SplitCoins(Gas, [Input(0)]);
//> 1: TransferObjects([Result(0)], Input(1))
created: object(3,0)
mutated: object(0,0)
gas summary: computation_cost: 1000000, storage_cost: 2614400,  storage_rebate: 1294128, non_refundable_storage_fee: 13072

task 4, line 54:
//# create-checkpoint
Checkpoint created: 1

task 5, lines 56-67:
//# run-graphql
Response: {
  "data": {
    "transaction": null,
    "transactionEffects": null
  }
}

task 6, lines 69-90:
//# run-graphql
Response: {
  "data": {
    "transactionA": {
      "transactionBcs": "AAADAQGcMy1Ls6jvs8qGVnvW6KzX5gEV+gavJe/8BJm5D7lrqAIAAAAAAAAAAQAIKgAAAAAAAAAAIPzMmkIbuxPBpmoaqY8K11Ap7elIV3ecaRW0T5QGi5IeBgAShFZF5bfsDTiX0Mq4Xlap5N2nC+6ssTj2FHdO39T3aQdjb3VudGVyA2luYwABAQAAABKEVkXlt+wNOJfQyrheVqnk3acL7qyxOPYUd07f1PdpB2NvdW50ZXIGaW5jX2J5AAIBAAABAQAAAAAAAAAAAAAAAAAAAAAAAAAAAAAAAAAAAAAAAAAAAAIEY29pbgV2YWx1ZQEHAAAAAAAAAAAAAAAAAAAAAAAAAAAAAAAAAAAAAAAAAAIDc3VpA1NVSQABAAAShFZF5bfsDTiX0Mq4Xlap5N2nC+6ssTj2FHdO39T3aQdjb3VudGVyBmluY19ieQACAQAAAgIAABKEVkXlt+wNOJfQyrheVqnk3acL7qyxOPYUd07f1PdpB2NvdW50ZXIEdGFrZQACAQAAAQEAAQECBAABAgD8zJpCG7sTwaZqGqmPCtdQKe3pSFd3nGkVtE+UBouSHgFMAy9Hh6lg99EueM4RLkLPEXbZ95bVu4C/IvFGaFkYXAEAAAAAAAAAINf86AH5IwpfeCjiq/Uq2wGirHbRvsuJyQW/4nKzhxiC/MyaQhu7E8GmahqpjwrXUCnt6UhXd5xpFbRPlAaLkh7oAwAAAAAAAADyBSoBAAAAAA==",
      "effects": {
        "effectsBcs": "AQENAQIAAAAAAAAAAAAAAAAAAAAAAAAAAAAAAADKmjsAAAAAQEIPAAAAAABQtCgAAAAAAOyMFAAAAAAAJDUAAAAAAAAgIg6J+BH9gssknPcZcMWEkXHsETfFWYMRh7R17poEAy8BAAAAAAACID5mg7jBgGeB+McRCJpT/+Xend1JHfO2Jn0nH+fGVuW7ILMR8z5U8SWUiu9w7d4BVbu7uJSsk7vBBynIqvQbXlSyAwAAAAAAAAACTAMvR4epYPfRLnjOES5CzxF22feW1buAvyLxRmhZGFwBAQAAAAAAAAAg1/zoAfkjCl94KOKr9SrbAaKsdtG+y4nJBb/icrOHGIIA/MyaQhu7E8GmahqpjwrXUCnt6UhXd5xpFbRPlAaLkh4BIL6YEBoRxolafGUVRMDA8riy2NEkT+NhM7BfRyMZ+3ZKAPzMmkIbuxPBpmoaqY8K11Ap7elIV3ecaRW0T5QGi5IeAJwzLUuzqO+zyoZWe9borNfmARX6Bq8l7/wEmbkPuWuoAQIAAAAAAAAAIAdL+QOZDES2eUOQuVazWttG1NpuDmtvHugJp1VtZ9guAgIAAAAAAAAAASAzdn7kVcmnyw62OokhwgXv1H+iHjK3iCxJItHQ95M1LwICAAAAAAAAAAAAAA=="
      }
    },
    "transactionB": {
      "transactionBcs": "AAACAAgqAAAAAAAAAAAgp7AycDh4qnTDEmk1eJ/R1NfhEdWRGwkkfWljBhwxK1oCAgABAQAAAQECAAABAQD8zJpCG7sTwaZqGqmPCtdQKe3pSFd3nGkVtE+UBouSHgFMAy9Hh6lg99EueM4RLkLPEXbZ95bVu4C/IvFGaFkYXAMAAAAAAAAAIL6YEBoRxolafGUVRMDA8riy2NEkT+NhM7BfRyMZ+3ZK/MyaQhu7E8GmahqpjwrXUCnt6UhXd5xpFbRPlAaLkh7oAwAAAAAAAADyBSoBAAAAAA==",
      "effects": {
        "effectsBcs": "AQAAAAAAAAAAAAAAAAAAAAAAAMqaOwAAAABAQg8AAAAAAIDkJwAAAAAAML8TAAAAAAAQMwAAAAAAACDr22t4qVoGOptdIaYgQoGdKgkKHwRnlNjXvRlTOPjnaQEBAAAAAAEgIg6J+BH9gssknPcZcMWEkXHsETfFWYMRh7R17poEAy8EAAAAAAAAAAIbiVBh6HbLP3lGGMO3rKiIKZJtaOb7CRcZ2nhIXcwBRQABIF8iLUhTwqkYZsk9ktXxoNwxsTSP1/8EIg2EZq+jDNr7AKewMnA4eKp0wxJpNXif0dTX4RHVkRsJJH1pYwYcMStaAUwDL0eHqWD30S54zhEuQs8Rdtn3ltW7gL8i8UZoWRhcAQMAAAAAAAAAIL6YEBoRxolafGUVRMDA8riy2NEkT+NhM7BfRyMZ+3ZKAPzMmkIbuxPBpmoaqY8K11Ap7elIV3ecaRW0T5QGi5IeASBF0IGPYW09lq1rfBJ04dxlNI1C50QjUA3SJd83Ltv7AgD8zJpCG7sTwaZqGqmPCtdQKe3pSFd3nGkVtE+UBouSHgAAAA=="
      }
    },
    "effectsA": {
      "effectsBcs": "AQENAQIAAAAAAAAAAAAAAAAAAAAAAAAAAAAAAADKmjsAAAAAQEIPAAAAAABQtCgAAAAAAOyMFAAAAAAAJDUAAAAAAAAgIg6J+BH9gssknPcZcMWEkXHsETfFWYMRh7R17poEAy8BAAAAAAACID5mg7jBgGeB+McRCJpT/+Xend1JHfO2Jn0nH+fGVuW7ILMR8z5U8SWUiu9w7d4BVbu7uJSsk7vBBynIqvQbXlSyAwAAAAAAAAACTAMvR4epYPfRLnjOES5CzxF22feW1buAvyLxRmhZGFwBAQAAAAAAAAAg1/zoAfkjCl94KOKr9SrbAaKsdtG+y4nJBb/icrOHGIIA/MyaQhu7E8GmahqpjwrXUCnt6UhXd5xpFbRPlAaLkh4BIL6YEBoRxolafGUVRMDA8riy2NEkT+NhM7BfRyMZ+3ZKAPzMmkIbuxPBpmoaqY8K11Ap7elIV3ecaRW0T5QGi5IeAJwzLUuzqO+zyoZWe9borNfmARX6Bq8l7/wEmbkPuWuoAQIAAAAAAAAAIAdL+QOZDES2eUOQuVazWttG1NpuDmtvHugJp1VtZ9guAgIAAAAAAAAAASAzdn7kVcmnyw62OokhwgXv1H+iHjK3iCxJItHQ95M1LwICAAAAAAAAAAAAAA==",
      "transaction": {
        "transactionBcs": "AAADAQGcMy1Ls6jvs8qGVnvW6KzX5gEV+gavJe/8BJm5D7lrqAIAAAAAAAAAAQAIKgAAAAAAAAAAIPzMmkIbuxPBpmoaqY8K11Ap7elIV3ecaRW0T5QGi5IeBgAShFZF5bfsDTiX0Mq4Xlap5N2nC+6ssTj2FHdO39T3aQdjb3VudGVyA2luYwABAQAAABKEVkXlt+wNOJfQyrheVqnk3acL7qyxOPYUd07f1PdpB2NvdW50ZXIGaW5jX2J5AAIBAAABAQAAAAAAAAAAAAAAAAAAAAAAAAAAAAAAAAAAAAAAAAAAAAIEY29pbgV2YWx1ZQEHAAAAAAAAAAAAAAAAAAAAAAAAAAAAAAAAAAAAAAAAAAIDc3VpA1NVSQABAAAShFZF5bfsDTiX0Mq4Xlap5N2nC+6ssTj2FHdO39T3aQdjb3VudGVyBmluY19ieQACAQAAAgIAABKEVkXlt+wNOJfQyrheVqnk3acL7qyxOPYUd07f1PdpB2NvdW50ZXIEdGFrZQACAQAAAQEAAQECBAABAgD8zJpCG7sTwaZqGqmPCtdQKe3pSFd3nGkVtE+UBouSHgFMAy9Hh6lg99EueM4RLkLPEXbZ95bVu4C/IvFGaFkYXAEAAAAAAAAAINf86AH5IwpfeCjiq/Uq2wGirHbRvsuJyQW/4nKzhxiC/MyaQhu7E8GmahqpjwrXUCnt6UhXd5xpFbRPlAaLkh7oAwAAAAAAAADyBSoBAAAAAA=="
      }
    },
    "effectsB": {
      "effectsBcs": "AQAAAAAAAAAAAAAAAAAAAAAAAMqaOwAAAABAQg8AAAAAAIDkJwAAAAAAML8TAAAAAAAQMwAAAAAAACDr22t4qVoGOptdIaYgQoGdKgkKHwRnlNjXvRlTOPjnaQEBAAAAAAEgIg6J+BH9gssknPcZcMWEkXHsETfFWYMRh7R17poEAy8EAAAAAAAAAAIbiVBh6HbLP3lGGMO3rKiIKZJtaOb7CRcZ2nhIXcwBRQABIF8iLUhTwqkYZsk9ktXxoNwxsTSP1/8EIg2EZq+jDNr7AKewMnA4eKp0wxJpNXif0dTX4RHVkRsJJH1pYwYcMStaAUwDL0eHqWD30S54zhEuQs8Rdtn3ltW7gL8i8UZoWRhcAQMAAAAAAAAAIL6YEBoRxolafGUVRMDA8riy2NEkT+NhM7BfRyMZ+3ZKAPzMmkIbuxPBpmoaqY8K11Ap7elIV3ecaRW0T5QGi5IeASBF0IGPYW09lq1rfBJ04dxlNI1C50QjUA3SJd83Ltv7AgD8zJpCG7sTwaZqGqmPCtdQKe3pSFd3nGkVtE+UBouSHgAAAA==",
      "transaction": {
        "transactionBcs": "AAACAAgqAAAAAAAAAAAgp7AycDh4qnTDEmk1eJ/R1NfhEdWRGwkkfWljBhwxK1oCAgABAQAAAQECAAABAQD8zJpCG7sTwaZqGqmPCtdQKe3pSFd3nGkVtE+UBouSHgFMAy9Hh6lg99EueM4RLkLPEXbZ95bVu4C/IvFGaFkYXAMAAAAAAAAAIL6YEBoRxolafGUVRMDA8riy2NEkT+NhM7BfRyMZ+3ZK/MyaQhu7E8GmahqpjwrXUCnt6UhXd5xpFbRPlAaLkh7oAwAAAAAAAADyBSoBAAAAAA=="
      }
    }
  }
}

task 7, lines 92-109:
//# run-graphql
Response: {
  "data": {
    "multiGetTransactions": [
      {
        "transactionBcs": "AAADAQGcMy1Ls6jvs8qGVnvW6KzX5gEV+gavJe/8BJm5D7lrqAIAAAAAAAAAAQAIKgAAAAAAAAAAIPzMmkIbuxPBpmoaqY8K11Ap7elIV3ecaRW0T5QGi5IeBgAShFZF5bfsDTiX0Mq4Xlap5N2nC+6ssTj2FHdO39T3aQdjb3VudGVyA2luYwABAQAAABKEVkXlt+wNOJfQyrheVqnk3acL7qyxOPYUd07f1PdpB2NvdW50ZXIGaW5jX2J5AAIBAAABAQAAAAAAAAAAAAAAAAAAAAAAAAAAAAAAAAAAAAAAAAAAAAIEY29pbgV2YWx1ZQEHAAAAAAAAAAAAAAAAAAAAAAAAAAAAAAAAAAAAAAAAAAIDc3VpA1NVSQABAAAShFZF5bfsDTiX0Mq4Xlap5N2nC+6ssTj2FHdO39T3aQdjb3VudGVyBmluY19ieQACAQAAAgIAABKEVkXlt+wNOJfQyrheVqnk3acL7qyxOPYUd07f1PdpB2NvdW50ZXIEdGFrZQACAQAAAQEAAQECBAABAgD8zJpCG7sTwaZqGqmPCtdQKe3pSFd3nGkVtE+UBouSHgFMAy9Hh6lg99EueM4RLkLPEXbZ95bVu4C/IvFGaFkYXAEAAAAAAAAAINf86AH5IwpfeCjiq/Uq2wGirHbRvsuJyQW/4nKzhxiC/MyaQhu7E8GmahqpjwrXUCnt6UhXd5xpFbRPlAaLkh7oAwAAAAAAAADyBSoBAAAAAA=="
      },
      {
        "transactionBcs": "AAACAAgqAAAAAAAAAAAgp7AycDh4qnTDEmk1eJ/R1NfhEdWRGwkkfWljBhwxK1oCAgABAQAAAQECAAABAQD8zJpCG7sTwaZqGqmPCtdQKe3pSFd3nGkVtE+UBouSHgFMAy9Hh6lg99EueM4RLkLPEXbZ95bVu4C/IvFGaFkYXAMAAAAAAAAAIL6YEBoRxolafGUVRMDA8riy2NEkT+NhM7BfRyMZ+3ZK/MyaQhu7E8GmahqpjwrXUCnt6UhXd5xpFbRPlAaLkh7oAwAAAAAAAADyBSoBAAAAAA=="
      }
    ],
    "multiGetTransactionEffects": [
      {
        "digest": "3HwimCwvfYX7iuvJqDVxWytmAM9VQMeZEvhAeCTGdYk6",
        "effectsDigest": "AGRaRh6xoWW7fBejC32XtAVBzLEtmvC384YR7qouE4Yc",
        "effectsBcs": "AQENAQIAAAAAAAAAAAAAAAAAAAAAAAAAAAAAAADKmjsAAAAAQEIPAAAAAABQtCgAAAAAAOyMFAAAAAAAJDUAAAAAAAAgIg6J+BH9gssknPcZcMWEkXHsETfFWYMRh7R17poEAy8BAAAAAAACID5mg7jBgGeB+McRCJpT/+Xend1JHfO2Jn0nH+fGVuW7ILMR8z5U8SWUiu9w7d4BVbu7uJSsk7vBBynIqvQbXlSyAwAAAAAAAAACTAMvR4epYPfRLnjOES5CzxF22feW1buAvyLxRmhZGFwBAQAAAAAAAAAg1/zoAfkjCl94KOKr9SrbAaKsdtG+y4nJBb/icrOHGIIA/MyaQhu7E8GmahqpjwrXUCnt6UhXd5xpFbRPlAaLkh4BIL6YEBoRxolafGUVRMDA8riy2NEkT+NhM7BfRyMZ+3ZKAPzMmkIbuxPBpmoaqY8K11Ap7elIV3ecaRW0T5QGi5IeAJwzLUuzqO+zyoZWe9borNfmARX6Bq8l7/wEmbkPuWuoAQIAAAAAAAAAIAdL+QOZDES2eUOQuVazWttG1NpuDmtvHugJp1VtZ9guAgIAAAAAAAAAASAzdn7kVcmnyw62OokhwgXv1H+iHjK3iCxJItHQ95M1LwICAAAAAAAAAAAAAA=="
      },
      {
        "digest": "GsgsAkGJR1EfnuY6JHP6zKirGd6b7KFyL3yy6F13CqDS",
        "effectsDigest": "HdAxCdVRcqhHdrC3tf3UKKo3WP9Zh7Ckg38T11W3HUHQ",
        "effectsBcs": "AQAAAAAAAAAAAAAAAAAAAAAAAMqaOwAAAABAQg8AAAAAAIDkJwAAAAAAML8TAAAAAAAQMwAAAAAAACDr22t4qVoGOptdIaYgQoGdKgkKHwRnlNjXvRlTOPjnaQEBAAAAAAEgIg6J+BH9gssknPcZcMWEkXHsETfFWYMRh7R17poEAy8EAAAAAAAAAAIbiVBh6HbLP3lGGMO3rKiIKZJtaOb7CRcZ2nhIXcwBRQABIF8iLUhTwqkYZsk9ktXxoNwxsTSP1/8EIg2EZq+jDNr7AKewMnA4eKp0wxJpNXif0dTX4RHVkRsJJH1pYwYcMStaAUwDL0eHqWD30S54zhEuQs8Rdtn3ltW7gL8i8UZoWRhcAQMAAAAAAAAAIL6YEBoRxolafGUVRMDA8riy2NEkT+NhM7BfRyMZ+3ZKAPzMmkIbuxPBpmoaqY8K11Ap7elIV3ecaRW0T5QGi5IeASBF0IGPYW09lq1rfBJ04dxlNI1C50QjUA3SJd83Ltv7AgD8zJpCG7sTwaZqGqmPCtdQKe3pSFd3nGkVtE+UBouSHgAAAA=="
      }
    ]
  }
}
