---
source: external-crates/move/crates/move-transactional-test-runner/src/framework.rs
---
processed 8 tasks

init:
A: object(0,0), B: object(0,1)

task 1, lines 6-40:
//# publish
created: object(1,0), object(1,1)
mutated: object(0,2)
gas summary: computation_cost: 1000000, storage_cost: 9530400,  storage_rebate: 0, non_refundable_storage_fee: 0

task 2, lines 42-48:
//# programmable --sender A --inputs object(1,0) 42 @A
//> 0: test::counter::inc(Input(0));
//> 1: test::counter::inc_by(Input(0), Input(1));
//> 2: sui::coin::value<sui::sui::SUI>(Gas);
//> 3: test::counter::inc_by(Input(0), Result(2));
//> 4: test::counter::take(Input(0), Input(1));
//> 5: TransferObjects([Result(4)], Input(2))
Error: Transaction Effects Status: Move Bytecode Verification Error. Please run the Bytecode Verifier for more information.
Debug of error: VMVerificationOrDeserializationError at command Some(2)

task 3, lines 50-52:
//# programmable --sender A --inputs 42 @B
//> 0: SplitCoins(Gas, [Input(0)]);
//> 1: TransferObjects([Result(0)], Input(1))
created: object(3,0)
mutated: object(0,0)
gas summary: computation_cost: 1000000, storage_cost: 2614400,  storage_rebate: 1294128, non_refundable_storage_fee: 13072

task 4, line 54:
//# create-checkpoint
Checkpoint created: 1

task 5, lines 56-67:
//# run-graphql
Response: {
  "data": {
    "transaction": null,
    "transactionEffects": null
  }
}

task 6, lines 69-90:
//# run-graphql
Response: {
  "data": {
    "transactionA": {
      "transactionBcs": "AAADAQEHWLG5i39mleni3uFZNX8EYFehi6zx5Cdf8pWP6L5gBgIAAAAAAAAAAQAIKgAAAAAAAAAAIPzMmkIbuxPBpmoaqY8K11Ap7elIV3ecaRW0T5QGi5IeBgBWLmDUVbaWfGDTXM3//a1Qvh69+Tgd5DoJ7grEMpuNjgdjb3VudGVyA2luYwABAQAAAFYuYNRVtpZ8YNNczf/9rVC+Hr35OB3kOgnuCsQym42OB2NvdW50ZXIGaW5jX2J5AAIBAAABAQAAAAAAAAAAAAAAAAAAAAAAAAAAAAAAAAAAAAAAAAAAAAIEY29pbgV2YWx1ZQEHAAAAAAAAAAAAAAAAAAAAAAAAAAAAAAAAAAAAAAAAAAIDc3VpA1NVSQABAABWLmDUVbaWfGDTXM3//a1Qvh69+Tgd5DoJ7grEMpuNjgdjb3VudGVyBmluY19ieQACAQAAAgIAAFYuYNRVtpZ8YNNczf/9rVC+Hr35OB3kOgnuCsQym42OB2NvdW50ZXIEdGFrZQACAQAAAQEAAQECBAABAgD8zJpCG7sTwaZqGqmPCtdQKe3pSFd3nGkVtE+UBouSHgFMAy9Hh6lg99EueM4RLkLPEXbZ95bVu4C/IvFGaFkYXAEAAAAAAAAAIEwpueHKIcuFL3zVoj3fVTeCloSb/DIilWIk2VQ5fiKp/MyaQhu7E8GmahqpjwrXUCnt6UhXd5xpFbRPlAaLkh7oAwAAAAAAAADyBSoBAAAAAA==",
      "effects": {
        "effectsBcs": "AQENAQIAAAAAAAAAAAAAAAAAAAAAAAAAAAAAAADKmjsAAAAAQEIPAAAAAABQtCgAAAAAAOyMFAAAAAAAJDUAAAAAAAAgdoimjj2t2XHZnhSg9xCQarMNDtObPuUCBmiw2l+ijv8BAQAAAAACICN0FZG1ivMpWYQ/c+MGAeahzDb414z04kiZoLxRP4C0IMbKQkmDXrJU1huN3F22+RVSTbpfiUpw9OAlJ8Es5WL3AwAAAAAAAAACB1ixuYt/ZpXp4t7hWTV/BGBXoYus8eQnX/KVj+i+YAYBAgAAAAAAAAAgFK3fT1cOj0u1GKM6xKeCU6VAgt48jlBwavzUNhZTMHACAgAAAAAAAAABIAvs2nv/SS0f472Uyhiut1xOMwK4eLl/eNz8a+XpgBElAgIAAAAAAAAAAEwDL0eHqWD30S54zhEuQs8Rdtn3ltW7gL8i8UZoWRhcAQEAAAAAAAAAIEwpueHKIcuFL3zVoj3fVTeCloSb/DIilWIk2VQ5fiKpAPzMmkIbuxPBpmoaqY8K11Ap7elIV3ecaRW0T5QGi5IeASDtH9aFYj3YyZPTLl6WKxDBkpuARigOJvezI+XWdWVzJAD8zJpCG7sTwaZqGqmPCtdQKe3pSFd3nGkVtE+UBouSHgAAAA=="
      }
    },
    "transactionB": {
      "transactionBcs": "AAACAAgqAAAAAAAAAAAgp7AycDh4qnTDEmk1eJ/R1NfhEdWRGwkkfWljBhwxK1oCAgABAQAAAQECAAABAQD8zJpCG7sTwaZqGqmPCtdQKe3pSFd3nGkVtE+UBouSHgFMAy9Hh6lg99EueM4RLkLPEXbZ95bVu4C/IvFGaFkYXAMAAAAAAAAAIO0f1oViPdjJk9MuXpYrEMGSm4BGKA4m97Mj5dZ1ZXMk/MyaQhu7E8GmahqpjwrXUCnt6UhXd5xpFbRPlAaLkh7oAwAAAAAAAADyBSoBAAAAAA==",
      "effects": {
        "effectsBcs": "AQAAAAAAAAAAAAAAAAAAAAAAAMqaOwAAAABAQg8AAAAAAIDkJwAAAAAAML8TAAAAAAAQMwAAAAAAACDcT3Q3AiU+/A4a890bPNj7oYY8fDPPCwmuDXb7FqTuxgEBAAAAAAEgdoimjj2t2XHZnhSg9xCQarMNDtObPuUCBmiw2l+ijv8EAAAAAAAAAAJFTmxeZPtwOxzwyVNqzR7E9LakOGWbtvRurKuU67ZfOAABIG+4KKhjUqWLAEoWHWkmS0sSCcoz+iM6jwtE05UsMHf1AKewMnA4eKp0wxJpNXif0dTX4RHVkRsJJH1pYwYcMStaAUwDL0eHqWD30S54zhEuQs8Rdtn3ltW7gL8i8UZoWRhcAQMAAAAAAAAAIO0f1oViPdjJk9MuXpYrEMGSm4BGKA4m97Mj5dZ1ZXMkAPzMmkIbuxPBpmoaqY8K11Ap7elIV3ecaRW0T5QGi5IeASAy7QJsj4jWUpynxQYF3m+0uNBbXyGtbn1FBiotzlMbuAD8zJpCG7sTwaZqGqmPCtdQKe3pSFd3nGkVtE+UBouSHgAAAA=="
      }
    },
    "effectsA": {
      "effectsBcs": "AQENAQIAAAAAAAAAAAAAAAAAAAAAAAAAAAAAAADKmjsAAAAAQEIPAAAAAABQtCgAAAAAAOyMFAAAAAAAJDUAAAAAAAAgdoimjj2t2XHZnhSg9xCQarMNDtObPuUCBmiw2l+ijv8BAQAAAAACICN0FZG1ivMpWYQ/c+MGAeahzDb414z04kiZoLxRP4C0IMbKQkmDXrJU1huN3F22+RVSTbpfiUpw9OAlJ8Es5WL3AwAAAAAAAAACB1ixuYt/ZpXp4t7hWTV/BGBXoYus8eQnX/KVj+i+YAYBAgAAAAAAAAAgFK3fT1cOj0u1GKM6xKeCU6VAgt48jlBwavzUNhZTMHACAgAAAAAAAAABIAvs2nv/SS0f472Uyhiut1xOMwK4eLl/eNz8a+XpgBElAgIAAAAAAAAAAEwDL0eHqWD30S54zhEuQs8Rdtn3ltW7gL8i8UZoWRhcAQEAAAAAAAAAIEwpueHKIcuFL3zVoj3fVTeCloSb/DIilWIk2VQ5fiKpAPzMmkIbuxPBpmoaqY8K11Ap7elIV3ecaRW0T5QGi5IeASDtH9aFYj3YyZPTLl6WKxDBkpuARigOJvezI+XWdWVzJAD8zJpCG7sTwaZqGqmPCtdQKe3pSFd3nGkVtE+UBouSHgAAAA==",
      "transaction": {
        "transactionBcs": "AAADAQEHWLG5i39mleni3uFZNX8EYFehi6zx5Cdf8pWP6L5gBgIAAAAAAAAAAQAIKgAAAAAAAAAAIPzMmkIbuxPBpmoaqY8K11Ap7elIV3ecaRW0T5QGi5IeBgBWLmDUVbaWfGDTXM3//a1Qvh69+Tgd5DoJ7grEMpuNjgdjb3VudGVyA2luYwABAQAAAFYuYNRVtpZ8YNNczf/9rVC+Hr35OB3kOgnuCsQym42OB2NvdW50ZXIGaW5jX2J5AAIBAAABAQAAAAAAAAAAAAAAAAAAAAAAAAAAAAAAAAAAAAAAAAAAAAIEY29pbgV2YWx1ZQEHAAAAAAAAAAAAAAAAAAAAAAAAAAAAAAAAAAAAAAAAAAIDc3VpA1NVSQABAABWLmDUVbaWfGDTXM3//a1Qvh69+Tgd5DoJ7grEMpuNjgdjb3VudGVyBmluY19ieQACAQAAAgIAAFYuYNRVtpZ8YNNczf/9rVC+Hr35OB3kOgnuCsQym42OB2NvdW50ZXIEdGFrZQACAQAAAQEAAQECBAABAgD8zJpCG7sTwaZqGqmPCtdQKe3pSFd3nGkVtE+UBouSHgFMAy9Hh6lg99EueM4RLkLPEXbZ95bVu4C/IvFGaFkYXAEAAAAAAAAAIEwpueHKIcuFL3zVoj3fVTeCloSb/DIilWIk2VQ5fiKp/MyaQhu7E8GmahqpjwrXUCnt6UhXd5xpFbRPlAaLkh7oAwAAAAAAAADyBSoBAAAAAA=="
      }
    },
    "effectsB": {
      "effectsBcs": "AQAAAAAAAAAAAAAAAAAAAAAAAMqaOwAAAABAQg8AAAAAAIDkJwAAAAAAML8TAAAAAAAQMwAAAAAAACDcT3Q3AiU+/A4a890bPNj7oYY8fDPPCwmuDXb7FqTuxgEBAAAAAAEgdoimjj2t2XHZnhSg9xCQarMNDtObPuUCBmiw2l+ijv8EAAAAAAAAAAJFTmxeZPtwOxzwyVNqzR7E9LakOGWbtvRurKuU67ZfOAABIG+4KKhjUqWLAEoWHWkmS0sSCcoz+iM6jwtE05UsMHf1AKewMnA4eKp0wxJpNXif0dTX4RHVkRsJJH1pYwYcMStaAUwDL0eHqWD30S54zhEuQs8Rdtn3ltW7gL8i8UZoWRhcAQMAAAAAAAAAIO0f1oViPdjJk9MuXpYrEMGSm4BGKA4m97Mj5dZ1ZXMkAPzMmkIbuxPBpmoaqY8K11Ap7elIV3ecaRW0T5QGi5IeASAy7QJsj4jWUpynxQYF3m+0uNBbXyGtbn1FBiotzlMbuAD8zJpCG7sTwaZqGqmPCtdQKe3pSFd3nGkVtE+UBouSHgAAAA==",
      "transaction": {
        "transactionBcs": "AAACAAgqAAAAAAAAAAAgp7AycDh4qnTDEmk1eJ/R1NfhEdWRGwkkfWljBhwxK1oCAgABAQAAAQECAAABAQD8zJpCG7sTwaZqGqmPCtdQKe3pSFd3nGkVtE+UBouSHgFMAy9Hh6lg99EueM4RLkLPEXbZ95bVu4C/IvFGaFkYXAMAAAAAAAAAIO0f1oViPdjJk9MuXpYrEMGSm4BGKA4m97Mj5dZ1ZXMk/MyaQhu7E8GmahqpjwrXUCnt6UhXd5xpFbRPlAaLkh7oAwAAAAAAAADyBSoBAAAAAA=="
      }
    }
  }
}

task 7, lines 92-109:
//# run-graphql
Response: {
  "data": {
    "multiGetTransactions": [
      {
        "transactionBcs": "AAADAQEHWLG5i39mleni3uFZNX8EYFehi6zx5Cdf8pWP6L5gBgIAAAAAAAAAAQAIKgAAAAAAAAAAIPzMmkIbuxPBpmoaqY8K11Ap7elIV3ecaRW0T5QGi5IeBgBWLmDUVbaWfGDTXM3//a1Qvh69+Tgd5DoJ7grEMpuNjgdjb3VudGVyA2luYwABAQAAAFYuYNRVtpZ8YNNczf/9rVC+Hr35OB3kOgnuCsQym42OB2NvdW50ZXIGaW5jX2J5AAIBAAABAQAAAAAAAAAAAAAAAAAAAAAAAAAAAAAAAAAAAAAAAAAAAAIEY29pbgV2YWx1ZQEHAAAAAAAAAAAAAAAAAAAAAAAAAAAAAAAAAAAAAAAAAAIDc3VpA1NVSQABAABWLmDUVbaWfGDTXM3//a1Qvh69+Tgd5DoJ7grEMpuNjgdjb3VudGVyBmluY19ieQACAQAAAgIAAFYuYNRVtpZ8YNNczf/9rVC+Hr35OB3kOgnuCsQym42OB2NvdW50ZXIEdGFrZQACAQAAAQEAAQECBAABAgD8zJpCG7sTwaZqGqmPCtdQKe3pSFd3nGkVtE+UBouSHgFMAy9Hh6lg99EueM4RLkLPEXbZ95bVu4C/IvFGaFkYXAEAAAAAAAAAIEwpueHKIcuFL3zVoj3fVTeCloSb/DIilWIk2VQ5fiKp/MyaQhu7E8GmahqpjwrXUCnt6UhXd5xpFbRPlAaLkh7oAwAAAAAAAADyBSoBAAAAAA=="
      },
      {
        "transactionBcs": "AAACAAgqAAAAAAAAAAAgp7AycDh4qnTDEmk1eJ/R1NfhEdWRGwkkfWljBhwxK1oCAgABAQAAAQECAAABAQD8zJpCG7sTwaZqGqmPCtdQKe3pSFd3nGkVtE+UBouSHgFMAy9Hh6lg99EueM4RLkLPEXbZ95bVu4C/IvFGaFkYXAMAAAAAAAAAIO0f1oViPdjJk9MuXpYrEMGSm4BGKA4m97Mj5dZ1ZXMk/MyaQhu7E8GmahqpjwrXUCnt6UhXd5xpFbRPlAaLkh7oAwAAAAAAAADyBSoBAAAAAA=="
      }
    ],
    "multiGetTransactionEffects": [
      {
        "digest": "8yhxqwwwzyxNQqYf37AL2UTiNrVoFPwp9FWEjAuFRM4a",
        "effectsDigest": "GcVroM8knFGGW1sA1TZaMVikyqbL5xhadswhwNZCqPfw",
        "effectsBcs": "AQENAQIAAAAAAAAAAAAAAAAAAAAAAAAAAAAAAADKmjsAAAAAQEIPAAAAAABQtCgAAAAAAOyMFAAAAAAAJDUAAAAAAAAgdoimjj2t2XHZnhSg9xCQarMNDtObPuUCBmiw2l+ijv8BAQAAAAACICN0FZG1ivMpWYQ/c+MGAeahzDb414z04kiZoLxRP4C0IMbKQkmDXrJU1huN3F22+RVSTbpfiUpw9OAlJ8Es5WL3AwAAAAAAAAACB1ixuYt/ZpXp4t7hWTV/BGBXoYus8eQnX/KVj+i+YAYBAgAAAAAAAAAgFK3fT1cOj0u1GKM6xKeCU6VAgt48jlBwavzUNhZTMHACAgAAAAAAAAABIAvs2nv/SS0f472Uyhiut1xOMwK4eLl/eNz8a+XpgBElAgIAAAAAAAAAAEwDL0eHqWD30S54zhEuQs8Rdtn3ltW7gL8i8UZoWRhcAQEAAAAAAAAAIEwpueHKIcuFL3zVoj3fVTeCloSb/DIilWIk2VQ5fiKpAPzMmkIbuxPBpmoaqY8K11Ap7elIV3ecaRW0T5QGi5IeASDtH9aFYj3YyZPTLl6WKxDBkpuARigOJvezI+XWdWVzJAD8zJpCG7sTwaZqGqmPCtdQKe3pSFd3nGkVtE+UBouSHgAAAA=="
      },
      {
        "digest": "FpzxrX9D3RQp7qtBq3tW5JtxC7NjnodNbmj6MgMiekr9",
        "effectsDigest": "DpQpgb9Wz3iwmF38eXbnqv7LmVgWzR1NWMpKTtNUb5Cd",
        "effectsBcs": "AQAAAAAAAAAAAAAAAAAAAAAAAMqaOwAAAABAQg8AAAAAAIDkJwAAAAAAML8TAAAAAAAQMwAAAAAAACDcT3Q3AiU+/A4a890bPNj7oYY8fDPPCwmuDXb7FqTuxgEBAAAAAAEgdoimjj2t2XHZnhSg9xCQarMNDtObPuUCBmiw2l+ijv8EAAAAAAAAAAJFTmxeZPtwOxzwyVNqzR7E9LakOGWbtvRurKuU67ZfOAABIG+4KKhjUqWLAEoWHWkmS0sSCcoz+iM6jwtE05UsMHf1AKewMnA4eKp0wxJpNXif0dTX4RHVkRsJJH1pYwYcMStaAUwDL0eHqWD30S54zhEuQs8Rdtn3ltW7gL8i8UZoWRhcAQMAAAAAAAAAIO0f1oViPdjJk9MuXpYrEMGSm4BGKA4m97Mj5dZ1ZXMkAPzMmkIbuxPBpmoaqY8K11Ap7elIV3ecaRW0T5QGi5IeASAy7QJsj4jWUpynxQYF3m+0uNBbXyGtbn1FBiotzlMbuAD8zJpCG7sTwaZqGqmPCtdQKe3pSFd3nGkVtE+UBouSHgAAAA=="
      }
    ]
  }
}
