processed 8 tasks

init:
A: object(0,0)

task 1, lines 10-19:
//# publish
created: object(1,0)
mutated: object(0,1)
gas summary: computation_cost: 1000000, storage_cost: 4940000,  storage_rebate: 0, non_refundable_storage_fee: 0

task 2, lines 21-23:
//# programmable --sender A --inputs @A
//> 0: test::mod::new();
//> 1: TransferObjects([Result(0)], Input(0))
created: object(2,0)
mutated: object(0,0)
gas summary: computation_cost: 1000000, storage_cost: 2546000,  storage_rebate: 0, non_refundable_storage_fee: 0

task 3, lines 25-27:
//# programmable --sender A --inputs 42 @A
//> 0: SplitCoins(Gas, [Input(0)]);
//> 1: TransferObjects([Result(0)], Input(1))
created: object(3,0)
mutated: object(0,0)
gas summary: computation_cost: 1000000, storage_cost: 2614400,  storage_rebate: 1294128, non_refundable_storage_fee: 13072

task 4, line 29:
//# create-checkpoint
Checkpoint created: 1

task 5, lines 31-35:
//# run-jsonrpc
Response: {
  "jsonrpc": "2.0",
  "id": 0,
  "result": {
    "status": "VersionFound",
    "details": {
      "objectId": "BFCb23e6098ee1bf50d70e4304340d31f0c0082d352a345985e20c3a0ffb5a38a567d4d",
      "version": "1",
      "digest": "3n3zt4CdDnuQN2uKGQEu99KbL3qjsttMZaXJuMjqwCYY",
      "content": {
        "dataType": "package",
        "disassembled": {
          "mod": "// Move bytecode v6\nmodule b23e6098ee1bf50d70e4304340d31f0c0082d352a345985e20c3a0ffb5a38a56.mod {\nuse 0000000000000000000000000000000000000000000000000000000000000002::object;\nuse 0000000000000000000000000000000000000000000000000000000000000002::tx_context;\n\nstruct Foo has store, key {\n\tid: UID\n}\n\npublic new(Arg0: &mut TxContext): Foo {\nB0:\n\t0: MoveLoc[0](Arg0: &mut TxContext)\n\t1: Call object::new(&mut TxContext): UID\n\t2: Pack[0](Foo)\n\t3: Ret\n}\n\n}\n"
        }
      },
      "bcs": {
        "dataType": "package",
        "id": "BFCb23e6098ee1bf50d70e4304340d31f0c0082d352a345985e20c3a0ffb5a38a567d4d",
        "version": 1,
        "moduleMap": {
          "mod": "oRzrCwYAAAAIAQAGAgYMAxIKBRwLBycvCFZACpYBBgycAQ0ABAEGAQcAAAwAAQIEAAIBAgAABQABAAEFAAMAAQcIAgEIAAABCAEDRm9vCVR4Q29udGV4dANVSUQCaWQDbW9kA25ldwZvYmplY3QKdHhfY29udGV4dLI+YJjuG/UNcOQwQ0DTHwwAgtNSo0WYXiDDoP+1o4pWAAAAAAAAAAAAAAAAAAAAAAAAAAAAAAAAAAAAAAAAAAIAAgEDCAEAAQAAAgQLABEBEgACAA=="
        },
        "typeOriginTable": [
          {
            "module_name": "mod",
            "datatype_name": "Foo",
            "package": "BFCb23e6098ee1bf50d70e4304340d31f0c0082d352a345985e20c3a0ffb5a38a567d4d"
          }
        ],
        "linkageTable": {
          "BFC0000000000000000000000000000000000000000000000000000000000000001c386": {
            "upgraded_id": "BFC0000000000000000000000000000000000000000000000000000000000000001c386",
            "upgraded_version": 1
          },
          "BFC000000000000000000000000000000000000000000000000000000000000000268e4": {
            "upgraded_id": "BFC000000000000000000000000000000000000000000000000000000000000000268e4",
            "upgraded_version": 1
          }
        }
      }
    }
  }
}

task 6, lines 37-41:
//# run-jsonrpc
Response: {
  "jsonrpc": "2.0",
  "id": 1,
  "result": {
    "status": "VersionFound",
    "details": {
      "objectId": "BFCcd4adc7c84043fabdfbb8535b679faf56b922b30123e3cc43c8b91aa7b6a3a21ae7e",
      "version": "2",
      "digest": "9PG7AYXJCi3M5KBbTdi5PRj81jUr3BDx46cj4Y1453pU",
      "content": {
        "dataType": "moveObject",
        "type": "0xb23e6098ee1bf50d70e4304340d31f0c0082d352a345985e20c3a0ffb5a38a56::mod::Foo",
        "hasPublicTransfer": true,
        "fields": {
          "id": {
            "id": "BFCcd4adc7c84043fabdfbb8535b679faf56b922b30123e3cc43c8b91aa7b6a3a21ae7e"
          }
        }
      },
      "bcs": {
        "dataType": "moveObject",
        "type": "0xb23e6098ee1bf50d70e4304340d31f0c0082d352a345985e20c3a0ffb5a38a56::mod::Foo",
        "hasPublicTransfer": true,
        "version": 2,
        "bcsBytes": "zUrcfIQEP6vfu4U1tnn69WuSKzASPjzEPIuRqntqOiE="
      }
    }
  }
}

task 7, lines 43-47:
//# run-jsonrpc
Response: {
  "jsonrpc": "2.0",
  "id": 2,
  "result": {
    "status": "VersionFound",
    "details": {
      "objectId": "BFCa96c78f4876264dc7c0cbe9472ef83d84f3ba3eb7e8f07be27efb1aa19e730c5de05",
      "version": "3",
      "digest": "VNXMzTSxnKZAHfMtm4QcecVGar7dovMjnZfZorBE2Wv",
      "content": {
        "dataType": "moveObject",
        "type": "0x2::coin::Coin<0x2::bfc::BFC>",
        "hasPublicTransfer": true,
        "fields": {
          "balance": "42",
          "id": {
            "id": "BFCa96c78f4876264dc7c0cbe9472ef83d84f3ba3eb7e8f07be27efb1aa19e730c5de05"
          }
        }
      },
      "bcs": {
        "dataType": "moveObject",
        "type": "0x2::coin::Coin<0x2::bfc::BFC>",
        "hasPublicTransfer": true,
        "version": 3,
        "bcsBytes": "qWx49IdiZNx8DL6Ucu+D2E87o+t+jwe+J++xqhnnMMUqAAAAAAAAAA=="
      }
    }
  }
}
