---
source: external-crates/move/crates/move-transactional-test-runner/src/framework.rs
---
processed 8 tasks

init:
A: object(0,0)

task 1, lines 10-19:
//# publish
created: object(1,0)
mutated: object(0,1)
gas summary: computation_cost: 1000000, storage_cost: 4940000,  storage_rebate: 0, non_refundable_storage_fee: 0

task 2, lines 21-23:
//# programmable --sender A --inputs @A
//> 0: test::mod::new();
//> 1: TransferObjects([Result(0)], Input(0))
created: object(2,0)
mutated: object(0,0)
gas summary: computation_cost: 1000000, storage_cost: 2546000,  storage_rebate: 0, non_refundable_storage_fee: 0

task 3, lines 25-27:
//# programmable --sender A --inputs 42 @A
//> 0: SplitCoins(Gas, [Input(0)]);
//> 1: TransferObjects([Result(0)], Input(1))
created: object(3,0)
mutated: object(0,0)
gas summary: computation_cost: 1000000, storage_cost: 2614400,  storage_rebate: 1294128, non_refundable_storage_fee: 13072

task 4, line 29:
//# create-checkpoint
Checkpoint created: 1

task 5, lines 31-35:
//# run-jsonrpc
Response: {
  "jsonrpc": "2.0",
  "id": 0,
  "result": {
    "status": "VersionFound",
    "details": {
      "objectId": "BFC8e857331ffc45f83765150c01868c89c8b2e4a87ce2e9116b8a8b02fa99134c44927",
      "version": "1",
      "digest": "2J9sq374E6khNX6k3DGmmfzH21wZSxZWKY2Ub5WCYk8T",
      "content": {
        "dataType": "package",
        "disassembled": {
          "mod": "// Move bytecode v6\nmodule 8e857331ffc45f83765150c01868c89c8b2e4a87ce2e9116b8a8b02fa99134c4.mod {\nuse 0000000000000000000000000000000000000000000000000000000000000002::object;\nuse 0000000000000000000000000000000000000000000000000000000000000002::tx_context;\n\nstruct Foo has store, key {\n\tid: UID\n}\n\npublic new(Arg0: &mut TxContext): Foo {\nB0:\n\t0: MoveLoc[0](Arg0: &mut TxContext)\n\t1: Call object::new(&mut TxContext): UID\n\t2: Pack[0](Foo)\n\t3: Ret\n}\n\n}\n"
        }
      },
      "bcs": {
        "dataType": "package",
        "id": "BFC8e857331ffc45f83765150c01868c89c8b2e4a87ce2e9116b8a8b02fa99134c44927",
        "version": 1,
        "moduleMap": {
          "mod": "oRzrCwYAAAAIAQAGAgYMAxIKBRwLBycvCFZACpYBBgycAQ0ABAEGAQcAAAwAAQIEAAIBAgAABQABAAEFAAMAAQcIAgEIAAABCAEDRm9vCVR4Q29udGV4dANVSUQCaWQDbW9kA25ldwZvYmplY3QKdHhfY29udGV4dI6FczH/xF+DdlFQwBhoyJyLLkqHzi6RFriosC+pkTTEAAAAAAAAAAAAAAAAAAAAAAAAAAAAAAAAAAAAAAAAAAIAAgEDCAEAAQAAAgQLABEBEgACAA=="
        },
        "typeOriginTable": [
          {
            "module_name": "mod",
            "datatype_name": "Foo",
            "package": "BFC8e857331ffc45f83765150c01868c89c8b2e4a87ce2e9116b8a8b02fa99134c44927"
          }
        ],
        "linkageTable": {
          "BFC0000000000000000000000000000000000000000000000000000000000000001c386": {
            "upgraded_id": "BFC0000000000000000000000000000000000000000000000000000000000000001c386",
            "upgraded_version": 1
          },
          "BFC000000000000000000000000000000000000000000000000000000000000000268e4": {
            "upgraded_id": "BFC000000000000000000000000000000000000000000000000000000000000000268e4",
            "upgraded_version": 1
          }
        }
      }
    }
  }
}

task 6, lines 37-41:
//# run-jsonrpc
Response: {
  "jsonrpc": "2.0",
  "id": 1,
  "result": {
    "status": "VersionFound",
    "details": {
      "objectId": "BFC4e1b5bc7855ccafad02de2855c5333f69f9310f5efbbfaf6e05bf3412bfd32baa0c9",
      "version": "2",
      "digest": "4f8EbNSTgQN4GyeovVtzDp9VCciAeJUvTtB1GCrBdx1t",
      "content": {
        "dataType": "moveObject",
        "type": "0x8e857331ffc45f83765150c01868c89c8b2e4a87ce2e9116b8a8b02fa99134c4::mod::Foo",
        "hasPublicTransfer": true,
        "fields": {
          "id": {
            "id": "BFC4e1b5bc7855ccafad02de2855c5333f69f9310f5efbbfaf6e05bf3412bfd32baa0c9"
          }
        }
      },
      "bcs": {
        "dataType": "moveObject",
        "type": "0x8e857331ffc45f83765150c01868c89c8b2e4a87ce2e9116b8a8b02fa99134c4::mod::Foo",
        "hasPublicTransfer": true,
        "version": 2,
        "bcsBytes": "Thtbx4VcyvrQLeKFXFMz9p+TEPXvu/r24FvzQSv9Mro="
      }
    }
  }
}

task 7, lines 43-47:
//# run-jsonrpc
Response: {
  "jsonrpc": "2.0",
  "id": 2,
  "result": {
    "status": "VersionFound",
    "details": {
      "objectId": "BFC5ecc098d67bf588c6f622ae24eb975655e369a27c825ca685fd8ed9abb3a6e865b23",
      "version": "3",
      "digest": "6NbAMmqMnjtwBnLKZT7MzP5we1xUrEr71uESTLZEN22U",
      "content": {
        "dataType": "moveObject",
        "type": "0x2::coin::Coin<0x2::bfc::BFC>",
        "hasPublicTransfer": true,
        "fields": {
          "balance": "42",
          "id": {
            "id": "BFC5ecc098d67bf588c6f622ae24eb975655e369a27c825ca685fd8ed9abb3a6e865b23"
          }
        }
      },
      "bcs": {
        "dataType": "moveObject",
        "type": "0x2::coin::Coin<0x2::bfc::BFC>",
        "hasPublicTransfer": true,
        "version": 3,
        "bcsBytes": "XswJjWe/WIxvYiriTrl1ZV42mifIJcpoX9jtmrs6boYqAAAAAAAAAA=="
      }
    }
  }
}
