---
source: external-crates/move/crates/move-transactional-test-runner/src/framework.rs
---
processed 15 tasks

init:
A: object(0,0), B: object(0,1)

task 1, lines 11-13:
//# programmable --sender A --inputs @A
//> 0: sui::table::new<u64, sui::coin::Coin<sui::sui::SUI>>();
//> 1: TransferObjects([Result(0)], Input(0))
Error: Transaction Effects Status: Move Bytecode Verification Error. Please run the Bytecode Verifier for more information.
Execution Error: ExecutionError: ExecutionError { inner: ExecutionErrorInner { kind: VMVerificationOrDeserializationError, source: Some(VMError { major_status: LINKER_ERROR, sub_status: None, message: Some("Cannot find ModuleId { address: sui, name: Identifier(\"sui\") } in data cache"), exec_state: None, location: Undefined, indices: [], offsets: [] }), command: Some(0) } }

task 2, lines 15-17:
//# programmable --sender A --inputs @A 42 43 44
//> 0: SplitCoins(Gas, [Input(1), Input(2), Input(3)]);
//> 1: TransferObjects([NestedResult(0,0), NestedResult(0,1), NestedResult(0,2)], Input(0))
created: object(2,0), object(2,1), object(2,2)
mutated: object(0,0)
gas summary: computation_cost: 1000000, storage_cost: 5228800,  storage_rebate: 1294128, non_refundable_storage_fee: 13072

task 3, lines 19-21:
//# programmable --sender A --inputs @A 45 46 47
//> 0: SplitCoins(Gas, [Input(1), Input(2), Input(3)]);
//> 1: TransferObjects([NestedResult(0,0), NestedResult(0,1), NestedResult(0,2)], Input(0))
created: object(3,0), object(3,1), object(3,2)
mutated: object(0,0)
gas summary: computation_cost: 1000000, storage_cost: 5228800,  storage_rebate: 1294128, non_refundable_storage_fee: 13072

task 4, line 23:
//# create-checkpoint
Checkpoint created: 1

task 5, lines 25-39:
//# run-jsonrpc
Response: {
  "jsonrpc": "2.0",
  "id": 0,
  "result": [
    {
      "data": {
        "objectId": "BFCac3d007fae5265b517bc015d8593f7cd02bcbb5f46a0d9465721ac697a4160eea3d6",
        "version": "3",
        "digest": "2LwKc8Jvgwu5NzNGDbATQWUdzRdk4CXwBrTEfU836KUY",
        "previousTransaction": "2ruLd8u1vMUx8t9FyQZS76Pc7VDa6DexE2HiFCw8qgeM"
      }
    },
    {
      "data": {
        "objectId": "BFCb360b723e2a260834cc96b8bf9bb48046ef1baa38e03c436f0053d38b0cbb0060d3f",
        "version": "3",
        "digest": "FyyLPpTVx6dPE5ZC2FDsNgQKb2aJCjKLXFhiaSsYDbnz",
        "previousTransaction": "2ruLd8u1vMUx8t9FyQZS76Pc7VDa6DexE2HiFCw8qgeM"
      }
    },
    {
      "data": {
        "objectId": "BFCcf12f2741b1ad0b63ba59d34992f4abd01324d50607dfd6898721edba10d1a71a6a2",
        "version": "3",
        "digest": "6wiBqGDTjpAnHU3ALk1Szicfq4mwVbt7Aivsvp4nPY3a",
        "previousTransaction": "2ruLd8u1vMUx8t9FyQZS76Pc7VDa6DexE2HiFCw8qgeM"
      }
    },
    {
      "data": {
        "objectId": "BFC329c00b3a39558594c28aae03873d84d01ffcdbf1f9b33218283783c36f14bffa879",
        "version": "4",
        "digest": "GJaeUWYxXG57VHkh4SSsf2xSaxJJtFoBjtaefSiLrUce",
        "previousTransaction": "2JGAMBy7gfMchKrcbw78yzbe6oHrnEWQA5b2QQuTBd54"
      }
    },
    {
      "data": {
        "objectId": "BFC79f04a8e80fb5b226858006c17afe05b41881e63e34d3a63d2cbaaeb7efef5d0ad60",
        "version": "4",
        "digest": "2qTqLzXa5PPZ9nMf3Soqt6YAzDpp7GcbyQQCfa4c6bBP",
        "previousTransaction": "2JGAMBy7gfMchKrcbw78yzbe6oHrnEWQA5b2QQuTBd54"
      }
    },
    {
      "data": {
        "objectId": "BFCce4ca16e0dc92c7e615d13dc68f114bda52df858eb5c0a9a0e557f383005e6a4fc64",
        "version": "4",
        "digest": "HyReh1xtmAUjVWH26BkNKPzKGKwkx1QnSu42nqYXUwK3",
        "previousTransaction": "2JGAMBy7gfMchKrcbw78yzbe6oHrnEWQA5b2QQuTBd54"
      }
    }
  ]
}

task 6, lines 41-43:
//# programmable --sender A --inputs object(2,0) 21
//> 0: SplitCoins(Input(0), [Input(1)]);
//> 1: MergeCoins(Gas, [Result(0)])
mutated: object(0,0), object(2,0)
gas summary: computation_cost: 1000000, storage_cost: 2614400,  storage_rebate: 2588256, non_refundable_storage_fee: 26144

task 7, line 45:
//# create-checkpoint
Checkpoint created: 2

task 8, lines 47-61:
//# run-jsonrpc
Response: {
  "jsonrpc": "2.0",
  "id": 1,
  "result": [
    {
      "data": {
        "objectId": "BFCac3d007fae5265b517bc015d8593f7cd02bcbb5f46a0d9465721ac697a4160eea3d6",
        "version": "5",
        "digest": "GyeZQYnJsvq3B29529ZFtLU1iPWhXt8Vk2qstGLgyf26",
        "previousTransaction": "fpQBQiHcQDrMkkCG49bX514ZUvijun979Wm8i6xW7ML"
      }
    },
    {
      "data": {
        "objectId": "BFCb360b723e2a260834cc96b8bf9bb48046ef1baa38e03c436f0053d38b0cbb0060d3f",
        "version": "3",
        "digest": "FyyLPpTVx6dPE5ZC2FDsNgQKb2aJCjKLXFhiaSsYDbnz",
        "previousTransaction": "2ruLd8u1vMUx8t9FyQZS76Pc7VDa6DexE2HiFCw8qgeM"
      }
    },
    {
      "data": {
        "objectId": "BFCcf12f2741b1ad0b63ba59d34992f4abd01324d50607dfd6898721edba10d1a71a6a2",
        "version": "3",
        "digest": "6wiBqGDTjpAnHU3ALk1Szicfq4mwVbt7Aivsvp4nPY3a",
        "previousTransaction": "2ruLd8u1vMUx8t9FyQZS76Pc7VDa6DexE2HiFCw8qgeM"
      }
    },
    {
      "data": {
        "objectId": "BFC329c00b3a39558594c28aae03873d84d01ffcdbf1f9b33218283783c36f14bffa879",
        "version": "4",
        "digest": "GJaeUWYxXG57VHkh4SSsf2xSaxJJtFoBjtaefSiLrUce",
        "previousTransaction": "2JGAMBy7gfMchKrcbw78yzbe6oHrnEWQA5b2QQuTBd54"
      }
    },
    {
      "data": {
        "objectId": "BFC79f04a8e80fb5b226858006c17afe05b41881e63e34d3a63d2cbaaeb7efef5d0ad60",
        "version": "4",
        "digest": "2qTqLzXa5PPZ9nMf3Soqt6YAzDpp7GcbyQQCfa4c6bBP",
        "previousTransaction": "2JGAMBy7gfMchKrcbw78yzbe6oHrnEWQA5b2QQuTBd54"
      }
    },
    {
      "data": {
        "objectId": "BFCce4ca16e0dc92c7e615d13dc68f114bda52df858eb5c0a9a0e557f383005e6a4fc64",
        "version": "4",
        "digest": "HyReh1xtmAUjVWH26BkNKPzKGKwkx1QnSu42nqYXUwK3",
        "previousTransaction": "2JGAMBy7gfMchKrcbw78yzbe6oHrnEWQA5b2QQuTBd54"
      }
    }
  ]
}

task 9, lines 63-64:
//# programmable --sender A --inputs object(1,0) 0 object(3,0)
//> 0: sui::table::add<u64, sui::coin::Coin<sui::sui::SUI>>(Input(0), Input(1), Input(2))
Error: INVALID TEST. Unknown object, object(1,0)

task 10, line 66:
//# create-checkpoint
Checkpoint created: 3

task 11, lines 68-82:
//# run-jsonrpc
Response: {
  "jsonrpc": "2.0",
  "id": 2,
  "result": [
    {
      "data": {
        "objectId": "BFCac3d007fae5265b517bc015d8593f7cd02bcbb5f46a0d9465721ac697a4160eea3d6",
        "version": "5",
        "digest": "GyeZQYnJsvq3B29529ZFtLU1iPWhXt8Vk2qstGLgyf26",
        "previousTransaction": "fpQBQiHcQDrMkkCG49bX514ZUvijun979Wm8i6xW7ML"
      }
    },
    {
      "data": {
        "objectId": "BFCb360b723e2a260834cc96b8bf9bb48046ef1baa38e03c436f0053d38b0cbb0060d3f",
        "version": "3",
        "digest": "FyyLPpTVx6dPE5ZC2FDsNgQKb2aJCjKLXFhiaSsYDbnz",
        "previousTransaction": "2ruLd8u1vMUx8t9FyQZS76Pc7VDa6DexE2HiFCw8qgeM"
      }
    },
    {
      "data": {
        "objectId": "BFCcf12f2741b1ad0b63ba59d34992f4abd01324d50607dfd6898721edba10d1a71a6a2",
        "version": "3",
        "digest": "6wiBqGDTjpAnHU3ALk1Szicfq4mwVbt7Aivsvp4nPY3a",
        "previousTransaction": "2ruLd8u1vMUx8t9FyQZS76Pc7VDa6DexE2HiFCw8qgeM"
      }
    },
    {
      "data": {
        "objectId": "BFC329c00b3a39558594c28aae03873d84d01ffcdbf1f9b33218283783c36f14bffa879",
        "version": "4",
        "digest": "GJaeUWYxXG57VHkh4SSsf2xSaxJJtFoBjtaefSiLrUce",
        "previousTransaction": "2JGAMBy7gfMchKrcbw78yzbe6oHrnEWQA5b2QQuTBd54"
      }
    },
    {
      "data": {
        "objectId": "BFC79f04a8e80fb5b226858006c17afe05b41881e63e34d3a63d2cbaaeb7efef5d0ad60",
        "version": "4",
        "digest": "2qTqLzXa5PPZ9nMf3Soqt6YAzDpp7GcbyQQCfa4c6bBP",
        "previousTransaction": "2JGAMBy7gfMchKrcbw78yzbe6oHrnEWQA5b2QQuTBd54"
      }
    },
    {
      "data": {
        "objectId": "BFCce4ca16e0dc92c7e615d13dc68f114bda52df858eb5c0a9a0e557f383005e6a4fc64",
        "version": "4",
        "digest": "HyReh1xtmAUjVWH26BkNKPzKGKwkx1QnSu42nqYXUwK3",
        "previousTransaction": "2JGAMBy7gfMchKrcbw78yzbe6oHrnEWQA5b2QQuTBd54"
      }
    }
  ]
}

task 12, lines 84-85:
//# programmable --sender A --inputs object(2,1)
//> MergeCoins(Gas, [Input(0)])
mutated: object(0,0)
deleted: object(2,1)
gas summary: computation_cost: 1000000, storage_cost: 1307200,  storage_rebate: 2588256, non_refundable_storage_fee: 26144

task 13, line 87:
//# create-checkpoint
Checkpoint created: 4

task 14, lines 89-103:
//# run-jsonrpc
Response: {
  "jsonrpc": "2.0",
  "id": 3,
  "result": [
    {
      "data": {
        "objectId": "BFCac3d007fae5265b517bc015d8593f7cd02bcbb5f46a0d9465721ac697a4160eea3d6",
        "version": "5",
        "digest": "GyeZQYnJsvq3B29529ZFtLU1iPWhXt8Vk2qstGLgyf26",
        "previousTransaction": "fpQBQiHcQDrMkkCG49bX514ZUvijun979Wm8i6xW7ML"
      }
    },
    {
      "error": {
        "code": "notExists",
        "object_id": "BFCb360b723e2a260834cc96b8bf9bb48046ef1baa38e03c436f0053d38b0cbb0060d3f"
      }
    },
    {
      "data": {
        "objectId": "BFCcf12f2741b1ad0b63ba59d34992f4abd01324d50607dfd6898721edba10d1a71a6a2",
        "version": "3",
        "digest": "6wiBqGDTjpAnHU3ALk1Szicfq4mwVbt7Aivsvp4nPY3a",
        "previousTransaction": "2ruLd8u1vMUx8t9FyQZS76Pc7VDa6DexE2HiFCw8qgeM"
      }
    },
    {
      "data": {
        "objectId": "BFC329c00b3a39558594c28aae03873d84d01ffcdbf1f9b33218283783c36f14bffa879",
        "version": "4",
        "digest": "GJaeUWYxXG57VHkh4SSsf2xSaxJJtFoBjtaefSiLrUce",
        "previousTransaction": "2JGAMBy7gfMchKrcbw78yzbe6oHrnEWQA5b2QQuTBd54"
      }
    },
    {
      "data": {
        "objectId": "BFC79f04a8e80fb5b226858006c17afe05b41881e63e34d3a63d2cbaaeb7efef5d0ad60",
        "version": "4",
        "digest": "2qTqLzXa5PPZ9nMf3Soqt6YAzDpp7GcbyQQCfa4c6bBP",
        "previousTransaction": "2JGAMBy7gfMchKrcbw78yzbe6oHrnEWQA5b2QQuTBd54"
      }
    },
    {
      "data": {
        "objectId": "BFCce4ca16e0dc92c7e615d13dc68f114bda52df858eb5c0a9a0e557f383005e6a4fc64",
        "version": "4",
        "digest": "HyReh1xtmAUjVWH26BkNKPzKGKwkx1QnSu42nqYXUwK3",
        "previousTransaction": "2JGAMBy7gfMchKrcbw78yzbe6oHrnEWQA5b2QQuTBd54"
      }
    }
  ]
}
