---
source: crates/sui-e2e-tests/tests/snapshot_tests.rs
expression: "run_one(cmds, context).await?"
---
[
  "sui client objects {ME}",
  [
    {
      "data": {
        "objectId": "OBC2c701e1c3a28d94ccb4ca39ed83aa2617ef87d910fd1d7b88415ff35dc06163f1089",
        "version": "1",
        "digest": "7Lt1yqBSrKHtJ8XzzsJoubtcaf6X1VAjvpp3xfhTrv2e",
        "type": "0x2::coin::Coin<0x2::obc::OBC>",
        "owner": {
          "AddressOwner": "OBC43e76f8641417fb9f6dba4734ac875f8c18a3e0007351ff950b58b57b09b95574367"
        },
        "previousTransaction": "F21eUGSHhLaQsQQV2gakS7xLnDW3iimqfXRU4A6hxzSY",
        "storageRebate": "0",
        "content": {
          "dataType": "moveObject",
          "type": "0x2::coin::Coin<0x2::obc::OBC>",
          "hasPublicTransfer": true,
          "fields": {
            "balance": "30000000000000000",
            "id": {
              "id": "OBC2c701e1c3a28d94ccb4ca39ed83aa2617ef87d910fd1d7b88415ff35dc06163f1089"
            }
          }
        }
      }
    },
    {
      "data": {
        "objectId": "OBC75a65f907a9c411c340d533c64a92507e89c061e6f4d02ac8ce08825ac5653f96264",
        "version": "1",
        "digest": "4bco3rCJXoobGe7iS6ti1FPwEqRUqqwzjUndmCnane6w",
        "type": "0x2::coin::Coin<0x2::obc::OBC>",
        "owner": {
          "AddressOwner": "OBC43e76f8641417fb9f6dba4734ac875f8c18a3e0007351ff950b58b57b09b95574367"
        },
        "previousTransaction": "F21eUGSHhLaQsQQV2gakS7xLnDW3iimqfXRU4A6hxzSY",
        "storageRebate": "0",
        "content": {
          "dataType": "moveObject",
          "type": "0x2::coin::Coin<0x2::obc::OBC>",
          "hasPublicTransfer": true,
          "fields": {
            "balance": "30000000000000000",
            "id": {
              "id": "OBC75a65f907a9c411c340d533c64a92507e89c061e6f4d02ac8ce08825ac5653f96264"
            }
          }
        }
      }
    },
    {
      "data": {
        "objectId": "OBCca4d31d782f18e0ceb5d54cd7d071bcdf81c9519f57b6d4d3b85428384f578a9ae5b",
        "version": "1",
        "digest": "95vhJkuh78B7kY9mB3FM6puUNo1vqQujFSPrR7G49dPm",
        "type": "0x2::coin::Coin<0x2::obc::OBC>",
        "owner": {
          "AddressOwner": "OBC43e76f8641417fb9f6dba4734ac875f8c18a3e0007351ff950b58b57b09b95574367"
        },
        "previousTransaction": "F21eUGSHhLaQsQQV2gakS7xLnDW3iimqfXRU4A6hxzSY",
        "storageRebate": "0",
        "content": {
          "dataType": "moveObject",
          "type": "0x2::coin::Coin<0x2::obc::OBC>",
          "hasPublicTransfer": true,
          "fields": {
            "balance": "30000000000000000",
            "id": {
              "id": "OBCca4d31d782f18e0ceb5d54cd7d071bcdf81c9519f57b6d4d3b85428384f578a9ae5b"
            }
          }
        }
      }
    },
    {
      "data": {
        "objectId": "OBCea9447ca6560e1e891e0913438eb46e72ef10777920eed5162472dc9b44ba1464124",
        "version": "1",
        "digest": "4sTWhgdBS32eNHU7koyGFAbdWpXKBpoZteTEMLeSCybt",
        "type": "0x2::coin::Coin<0x2::obc::OBC>",
        "owner": {
          "AddressOwner": "OBC43e76f8641417fb9f6dba4734ac875f8c18a3e0007351ff950b58b57b09b95574367"
        },
        "previousTransaction": "F21eUGSHhLaQsQQV2gakS7xLnDW3iimqfXRU4A6hxzSY",
        "storageRebate": "0",
        "content": {
          "dataType": "moveObject",
          "type": "0x2::coin::Coin<0x2::obc::OBC>",
          "hasPublicTransfer": true,
          "fields": {
            "balance": "30000000000000000",
            "id": {
              "id": "OBCea9447ca6560e1e891e0913438eb46e72ef10777920eed5162472dc9b44ba1464124"
            }
          }
        }
      }
    },
    {
      "data": {
        "objectId": "OBCfd18fb40541edc8f68d1016cd3bfd042fca780b34caed50d6ce9c3df925ffc80649b",
        "version": "1",
        "digest": "7WQqttG2XvYi96oasncXKv9Fd6NMqfA1x8MKD1Cqxwar",
        "type": "0x2::coin::Coin<0x2::obc::OBC>",
        "owner": {
          "AddressOwner": "OBC43e76f8641417fb9f6dba4734ac875f8c18a3e0007351ff950b58b57b09b95574367"
        },
        "previousTransaction": "F21eUGSHhLaQsQQV2gakS7xLnDW3iimqfXRU4A6hxzSY",
        "storageRebate": "0",
        "content": {
          "dataType": "moveObject",
          "type": "0x2::coin::Coin<0x2::obc::OBC>",
          "hasPublicTransfer": true,
          "fields": {
            "balance": "30000000000000000",
            "id": {
              "id": "OBCfd18fb40541edc8f68d1016cd3bfd042fca780b34caed50d6ce9c3df925ffc80649b"
            }
          }
        }
      }
    }
  ],
  "sui client objects 0x0000000000000000000000000000000000000000000000000000000000000000",
  [],
  "sui client object 0x5",
  [
    {
      "data": {
        "objectId": "OBC0000000000000000000000000000000000000000000000000000000000000005f3ce",
        "version": "1",
        "digest": "MYEHKPDpqo6xU2wtVQT69gtDskyCr9Z2WZScR5SZUmW",
        "type": "0x3::sui_system::SuiSystemState",
        "owner": {
          "Shared": {
            "initial_shared_version": {
              "$serde_json::private::Number": "1"
            }
          }
        },
        "previousTransaction": "F21eUGSHhLaQsQQV2gakS7xLnDW3iimqfXRU4A6hxzSY",
        "storageRebate": "0",
        "content": {
          "dataType": "moveObject",
          "type": "0x3::sui_system::SuiSystemState",
          "hasPublicTransfer": false,
          "fields": {
            "id": {
              "id": "OBC0000000000000000000000000000000000000000000000000000000000000005f3ce"
            },
            "version": "1"
          }
        }
      }
    }
  ],
  "sui client object 0x5 --bcs",
  [
    {
      "data": {
        "objectId": "OBC0000000000000000000000000000000000000000000000000000000000000005f3ce",
        "version": "1",
        "digest": "MYEHKPDpqo6xU2wtVQT69gtDskyCr9Z2WZScR5SZUmW",
        "type": "0x3::sui_system::SuiSystemState",
        "owner": {
          "Shared": {
            "initial_shared_version": {
              "$serde_json::private::Number": "1"
            }
          }
        },
        "previousTransaction": "F21eUGSHhLaQsQQV2gakS7xLnDW3iimqfXRU4A6hxzSY",
        "storageRebate": "0",
        "bcs": {
          "dataType": "moveObject",
          "type": "0x3::sui_system::SuiSystemState",
          "hasPublicTransfer": false,
          "version": {
            "$serde_json::private::Number": "1"
          },
          "bcsBytes": "AAAAAAAAAAAAAAAAAAAAAAAAAAAAAAAAAAAAAAAAAAUBAAAAAAAAAA=="
        }
      }
    }
  ],
  "sui client object 0x0000000000000000000000000000000000000000000000000000000000000000",
  [
    {
      "error": {
        "code": "notExists",
        "object_id": "OBC000000000000000000000000000000000000000000000000000000000000000060e0"
      }
    }
  ],
  "sui client tx-block Duwr9uSk9ZvNdEa8oDHunx345i6oyrp3e78MYHVAbYdv",
  "RPC call failed: ErrorObject { code: InvalidParams, message: \"Could not find the referenced transaction [TransactionDigest(Duwr9uSk9ZvNdEa8oDHunx345i6oyrp3e78MYHVAbYdv)].\", data: None }",
  "sui client tx-block EgMTHQygMi6SRsBqrPHAEKZCNrpShXurCp9rcb9qbSg8",
  "RPC call failed: ErrorObject { code: InvalidParams, message: \"Could not find the referenced transaction [TransactionDigest(EgMTHQygMi6SRsBqrPHAEKZCNrpShXurCp9rcb9qbSg8)].\", data: None }"
]
