---
source: external-crates/move/crates/move-transactional-test-runner/src/framework.rs
---
processed 13 tasks

init:
A: object(0,0)

task 1, lines 6-10:
//# run-jsonrpc
Response: {
  "jsonrpc": "2.0",
  "id": 0,
  "result": {
    "epoch": "0",
    "protocolVersion": "70",
    "systemStateVersion": "1",
    "storageFundTotalObjectStorageRebates": "0",
    "storageFundNonRefundableBalance": "0",
    "referenceGasPrice": "100",
    "safeMode": false,
    "safeModeStorageRewards": "0",
    "safeModeComputationRewards": "0",
    "safeModeStorageRebates": "0",
    "safeModeNonRefundableStorageFee": "0",
    "epochStartTimestampMs": "0",
    "epochDurationMs": "300000",
    "stakeSubsidyStartEpoch": "0",
    "maxValidatorCount": "150",
    "minValidatorJoiningStake": "300000000000000",
    "validatorLowStakeThreshold": "200000000000000",
    "validatorVeryLowStakeThreshold": "150000000000000",
    "validatorLowStakeGracePeriod": "7",
    "stakeSubsidyBalance": "476400000000000000",
    "stakeSubsidyDistributionCounter": "0",
    "stakeSubsidyCurrentDistributionAmount": "27000000000000",
    "stakeSubsidyPeriodLength": "10",
    "stakeSubsidyDecreaseRate": 0,
    "totalStake": "20000000000000000",
    "activeValidators": [
      {
        "suiAddress": "BFCda83166d01afd7ddcf8af5f844f45aaa53f48548e5117c23f5a2978cfd4222443a3d",
        "protocolPubkeyBytes": "qqgbtEP57SCwGrO7tmcKwy/daeoOFwANmrMTm1Qu4jUJRhi2VePz/brF9YAcjmJ7BLOpN8c5Ia7zYzTNmGtGoaUnjoYrbvDG9E05s9antwSmkHAIGsM8mkmeBkSjSBrt",
        "networkPubkeyBytes": "ZeETulurG5EpRBoewpF26pyLQtpUqwH1T6LqgugHBIU=",
        "workerPubkeyBytes": "3sE4/d+MbOSh9pesKr7b89TSO5gFBuyGUjVa4GldmFU=",
        "proofOfPossessionBytes": "sIupbWI7yiRvXM22F2E5sJFRricflowHFu7yqXnzglaAvYTxInm4MSDNAgeMzHyJ",
        "name": "validator-0",
        "description": "",
        "imageUrl": "",
        "projectUrl": "",
        "netAddress": "/ip4/127.0.0.1/tcp/8000/http",
        "p2pAddress": "/ip4/127.0.0.1/udp/8001/http",
        "primaryAddress": "/ip4/127.0.0.1/udp/8004/http",
        "workerAddress": "/ip4/127.0.0.1/udp/8005/http",
        "nextEpochProtocolPubkeyBytes": null,
        "nextEpochProofOfPossession": null,
        "nextEpochNetworkPubkeyBytes": null,
        "nextEpochWorkerPubkeyBytes": null,
        "nextEpochNetAddress": null,
        "nextEpochP2pAddress": null,
        "nextEpochPrimaryAddress": null,
        "nextEpochWorkerAddress": null,
        "votingPower": "10000",
        "operationCapId": "BFC9bd7b0171a6ad27347f63103c6c9834091a2d45e74a7b99e857d0084168c0ff9b7b2",
        "gasPrice": "100",
        "commissionRate": "200",
        "nextEpochStake": "20000000000000000",
        "nextEpochGasPrice": "100",
        "nextEpochCommissionRate": "200",
        "stakingPoolId": "BFC8108c4502a2fe9d37495d2fc3d95f32be71d6743ec65356fc16ba64a1268260a5d4e",
        "stablePools": {
          "id": {
            "id": "BFC03a12ece9d98e5f09b414a71aa834d43120283d9c242118307f096019ea95f10f9c9"
          },
          "size": 17
        },
        "stakingPoolActivationEpoch": "0",
        "stakingPoolDeactivationEpoch": null,
        "stakingPoolSuiBalance": "20000000000000000",
        "rewardsPool": "0",
        "poolTokenBalance": "20000000000000000",
        "pendingStake": "0",
        "pendingTotalSuiWithdraw": "0",
        "pendingPoolTokenWithdraw": "0",
        "exchangeRatesId": "BFCa501a4ad931815a8e2f506da8986ccd629baec0149570b40cf879e06a9860d11dc72",
        "exchangeRatesSize": "1"
      }
    ],
    "pendingActiveValidatorsId": "BFC9137b19908d07deceb6122f271cdf2b84fbc70ec72f31b873c121635849dfc5e27e6",
    "pendingActiveValidatorsSize": "0",
    "pendingRemovals": [],
    "stakingPoolMappingsId": "BFCe40c821d166376db7f0c926ed2a4d26eb5197e930d7eae59cc5cfd79c502cf160b9f",
    "stakingPoolMappingsSize": "1",
    "inactivePoolsId": "BFC2354450130aecfa414a663cd616e88b03c094aa8e2cabb07f91fd8bf85c6eeece2e8",
    "inactivePoolsSize": "0",
    "validatorCandidatesId": "BFC91388c2ca14fb3ad69fab555bff6cdbc4dd59c22c507441e791a485debca2fa446b1",
    "validatorCandidatesSize": "0",
    "atRiskValidators": [],
    "validatorReportRecords": []
  }
}

task 2, lines 12-14:
//# programmable --sender A --inputs 1000000000 object(0x5) @validator_0
//> 0: SplitCoins(Gas, [Input(0)]);
//> 1: sui_system::sui_system::request_add_stake(Input(1), Result(0), Input(2))
events: Event { package_id: sui_system, transaction_module: Identifier("sui_system"), sender: A, type_: StructTag { address: sui_system, module: Identifier("validator"), name: Identifier("StakingRequestEvent"), type_params: [] }, contents: [129, 8, 196, 80, 42, 47, 233, 211, 116, 149, 210, 252, 61, 149, 243, 43, 231, 29, 103, 67, 236, 101, 53, 111, 193, 107, 166, 74, 18, 104, 38, 10, 218, 131, 22, 109, 1, 175, 215, 221, 207, 138, 245, 248, 68, 244, 90, 170, 83, 244, 133, 72, 229, 17, 124, 35, 245, 162, 151, 140, 253, 66, 34, 68, 252, 204, 154, 66, 27, 187, 19, 193, 166, 106, 26, 169, 143, 10, 215, 80, 41, 237, 233, 72, 87, 119, 156, 105, 21, 180, 79, 148, 6, 139, 146, 30, 0, 0, 0, 0, 0, 0, 0, 0, 0, 202, 154, 59, 0, 0, 0, 0] }
created: object(2,0), object(2,1)
mutated: 0x0000000000000000000000000000000000000000000000000000000000000005, object(0,0)
deleted: object(_)
gas summary: computation_cost: 1000000, storage_cost: 27534800,  storage_rebate: 0, non_refundable_storage_fee: 0

task 3, line 16:
//# create-checkpoint
Checkpoint created: 1

task 4, lines 18-22:
//# run-jsonrpc
Response: {
  "jsonrpc": "2.0",
  "id": 1,
  "result": {
    "epoch": "0",
    "protocolVersion": "70",
    "systemStateVersion": "2",
    "storageFundTotalObjectStorageRebates": "0",
    "storageFundNonRefundableBalance": "0",
    "referenceGasPrice": "100",
    "safeMode": false,
    "safeModeStorageRewards": "0",
    "safeModeComputationRewards": "0",
    "safeModeStorageRebates": "0",
    "safeModeNonRefundableStorageFee": "0",
    "epochStartTimestampMs": "0",
    "epochDurationMs": "300000",
    "stakeSubsidyStartEpoch": "0",
    "maxValidatorCount": "150",
    "minValidatorJoiningStake": "300000000000000",
    "validatorLowStakeThreshold": "200000000000000",
    "validatorVeryLowStakeThreshold": "150000000000000",
    "validatorLowStakeGracePeriod": "7",
    "stakeSubsidyBalance": "476400000000000000",
    "stakeSubsidyDistributionCounter": "0",
    "stakeSubsidyCurrentDistributionAmount": "27000000000000",
    "stakeSubsidyPeriodLength": "10",
    "stakeSubsidyDecreaseRate": 0,
    "totalStake": "20000000000000000",
    "activeValidators": [
      {
        "suiAddress": "BFCda83166d01afd7ddcf8af5f844f45aaa53f48548e5117c23f5a2978cfd4222443a3d",
        "protocolPubkeyBytes": "qqgbtEP57SCwGrO7tmcKwy/daeoOFwANmrMTm1Qu4jUJRhi2VePz/brF9YAcjmJ7BLOpN8c5Ia7zYzTNmGtGoaUnjoYrbvDG9E05s9antwSmkHAIGsM8mkmeBkSjSBrt",
        "networkPubkeyBytes": "ZeETulurG5EpRBoewpF26pyLQtpUqwH1T6LqgugHBIU=",
        "workerPubkeyBytes": "3sE4/d+MbOSh9pesKr7b89TSO5gFBuyGUjVa4GldmFU=",
        "proofOfPossessionBytes": "sIupbWI7yiRvXM22F2E5sJFRricflowHFu7yqXnzglaAvYTxInm4MSDNAgeMzHyJ",
        "name": "validator-0",
        "description": "",
        "imageUrl": "",
        "projectUrl": "",
        "netAddress": "/ip4/127.0.0.1/tcp/8000/http",
        "p2pAddress": "/ip4/127.0.0.1/udp/8001/http",
        "primaryAddress": "/ip4/127.0.0.1/udp/8004/http",
        "workerAddress": "/ip4/127.0.0.1/udp/8005/http",
        "nextEpochProtocolPubkeyBytes": null,
        "nextEpochProofOfPossession": null,
        "nextEpochNetworkPubkeyBytes": null,
        "nextEpochWorkerPubkeyBytes": null,
        "nextEpochNetAddress": null,
        "nextEpochP2pAddress": null,
        "nextEpochPrimaryAddress": null,
        "nextEpochWorkerAddress": null,
        "votingPower": "10000",
        "operationCapId": "BFC9bd7b0171a6ad27347f63103c6c9834091a2d45e74a7b99e857d0084168c0ff9b7b2",
        "gasPrice": "100",
        "commissionRate": "200",
        "nextEpochStake": "20000001000000000",
        "nextEpochGasPrice": "100",
        "nextEpochCommissionRate": "200",
        "stakingPoolId": "BFC8108c4502a2fe9d37495d2fc3d95f32be71d6743ec65356fc16ba64a1268260a5d4e",
        "stablePools": {
          "id": {
            "id": "BFC03a12ece9d98e5f09b414a71aa834d43120283d9c242118307f096019ea95f10f9c9"
          },
          "size": 17
        },
        "stakingPoolActivationEpoch": "0",
        "stakingPoolDeactivationEpoch": null,
        "stakingPoolSuiBalance": "20000000000000000",
        "rewardsPool": "0",
        "poolTokenBalance": "20000000000000000",
        "pendingStake": "1000000000",
        "pendingTotalSuiWithdraw": "0",
        "pendingPoolTokenWithdraw": "0",
        "exchangeRatesId": "BFCa501a4ad931815a8e2f506da8986ccd629baec0149570b40cf879e06a9860d11dc72",
        "exchangeRatesSize": "1"
      }
    ],
    "pendingActiveValidatorsId": "BFC9137b19908d07deceb6122f271cdf2b84fbc70ec72f31b873c121635849dfc5e27e6",
    "pendingActiveValidatorsSize": "0",
    "pendingRemovals": [],
    "stakingPoolMappingsId": "BFCe40c821d166376db7f0c926ed2a4d26eb5197e930d7eae59cc5cfd79c502cf160b9f",
    "stakingPoolMappingsSize": "1",
    "inactivePoolsId": "BFC2354450130aecfa414a663cd616e88b03c094aa8e2cabb07f91fd8bf85c6eeece2e8",
    "inactivePoolsSize": "0",
    "validatorCandidatesId": "BFC91388c2ca14fb3ad69fab555bff6cdbc4dd59c22c507441e791a485debca2fa446b1",
    "validatorCandidatesSize": "0",
    "atRiskValidators": [],
    "validatorReportRecords": []
  }
}

task 6, line 26:
//# advance-epoch
Epoch advanced: 0

task 7, lines 28-32:
//# run-jsonrpc
Response: {
  "jsonrpc": "2.0",
  "id": 2,
  "result": {
    "epoch": "1",
    "protocolVersion": "70",
    "systemStateVersion": "2",
    "storageFundTotalObjectStorageRebates": "27534800",
    "storageFundNonRefundableBalance": "0",
    "referenceGasPrice": "100",
    "safeMode": false,
    "safeModeStorageRewards": "0",
    "safeModeComputationRewards": "0",
    "safeModeStorageRebates": "0",
    "safeModeNonRefundableStorageFee": "0",
    "epochStartTimestampMs": "1",
    "epochDurationMs": "300000",
    "stakeSubsidyStartEpoch": "0",
    "maxValidatorCount": "150",
    "minValidatorJoiningStake": "300000000000000",
    "validatorLowStakeThreshold": "200000000000000",
    "validatorVeryLowStakeThreshold": "150000000000000",
    "validatorLowStakeGracePeriod": "7",
    "stakeSubsidyBalance": "476400000000000000",
    "stakeSubsidyDistributionCounter": "0",
    "stakeSubsidyCurrentDistributionAmount": "27000000000000",
    "stakeSubsidyPeriodLength": "10",
    "stakeSubsidyDecreaseRate": 0,
    "totalStake": "20000001001000000",
    "activeValidators": [
      {
        "suiAddress": "BFCda83166d01afd7ddcf8af5f844f45aaa53f48548e5117c23f5a2978cfd4222443a3d",
        "protocolPubkeyBytes": "qqgbtEP57SCwGrO7tmcKwy/daeoOFwANmrMTm1Qu4jUJRhi2VePz/brF9YAcjmJ7BLOpN8c5Ia7zYzTNmGtGoaUnjoYrbvDG9E05s9antwSmkHAIGsM8mkmeBkSjSBrt",
        "networkPubkeyBytes": "ZeETulurG5EpRBoewpF26pyLQtpUqwH1T6LqgugHBIU=",
        "workerPubkeyBytes": "3sE4/d+MbOSh9pesKr7b89TSO5gFBuyGUjVa4GldmFU=",
        "proofOfPossessionBytes": "sIupbWI7yiRvXM22F2E5sJFRricflowHFu7yqXnzglaAvYTxInm4MSDNAgeMzHyJ",
        "name": "validator-0",
        "description": "",
        "imageUrl": "",
        "projectUrl": "",
        "netAddress": "/ip4/127.0.0.1/tcp/8000/http",
        "p2pAddress": "/ip4/127.0.0.1/udp/8001/http",
        "primaryAddress": "/ip4/127.0.0.1/udp/8004/http",
        "workerAddress": "/ip4/127.0.0.1/udp/8005/http",
        "nextEpochProtocolPubkeyBytes": null,
        "nextEpochProofOfPossession": null,
        "nextEpochNetworkPubkeyBytes": null,
        "nextEpochWorkerPubkeyBytes": null,
        "nextEpochNetAddress": null,
        "nextEpochP2pAddress": null,
        "nextEpochPrimaryAddress": null,
        "nextEpochWorkerAddress": null,
        "votingPower": "10000",
        "operationCapId": "BFC9bd7b0171a6ad27347f63103c6c9834091a2d45e74a7b99e857d0084168c0ff9b7b2",
        "gasPrice": "100",
        "commissionRate": "200",
        "nextEpochStake": "20000001001000000",
        "nextEpochGasPrice": "100",
        "nextEpochCommissionRate": "200",
        "stakingPoolId": "BFC8108c4502a2fe9d37495d2fc3d95f32be71d6743ec65356fc16ba64a1268260a5d4e",
        "stablePools": {
          "id": {
            "id": "BFC03a12ece9d98e5f09b414a71aa834d43120283d9c242118307f096019ea95f10f9c9"
          },
          "size": 17
        },
        "stakingPoolActivationEpoch": "0",
        "stakingPoolDeactivationEpoch": null,
        "stakingPoolSuiBalance": "20000001001000000",
        "rewardsPool": "980000",
        "poolTokenBalance": "20000001000019999",
        "pendingStake": "0",
        "pendingTotalSuiWithdraw": "0",
        "pendingPoolTokenWithdraw": "0",
        "exchangeRatesId": "BFCa501a4ad931815a8e2f506da8986ccd629baec0149570b40cf879e06a9860d11dc72",
        "exchangeRatesSize": "2"
      }
    ],
    "pendingActiveValidatorsId": "BFC9137b19908d07deceb6122f271cdf2b84fbc70ec72f31b873c121635849dfc5e27e6",
    "pendingActiveValidatorsSize": "0",
    "pendingRemovals": [],
    "stakingPoolMappingsId": "BFCe40c821d166376db7f0c926ed2a4d26eb5197e930d7eae59cc5cfd79c502cf160b9f",
    "stakingPoolMappingsSize": "1",
    "inactivePoolsId": "BFC2354450130aecfa414a663cd616e88b03c094aa8e2cabb07f91fd8bf85c6eeece2e8",
    "inactivePoolsSize": "0",
    "validatorCandidatesId": "BFC91388c2ca14fb3ad69fab555bff6cdbc4dd59c22c507441e791a485debca2fa446b1",
    "validatorCandidatesSize": "0",
    "atRiskValidators": [],
    "validatorReportRecords": []
  }
}

task 8, lines 34-35:
//# programmable --sender A --inputs object(0x5) object(2,1)
//> 0: sui_system::sui_system::request_withdraw_stake(Input(0), Input(1))
Error: Transaction Effects Status: INVARIANT VIOLATION.
Debug of error: InvariantViolation at command Some(0)

task 9, line 37:
//# create-checkpoint
Checkpoint created: 3

task 10, lines 39-43:
//# run-jsonrpc
Response: {
  "jsonrpc": "2.0",
  "id": 3,
  "result": {
    "epoch": "1",
    "protocolVersion": "70",
    "systemStateVersion": "2",
    "storageFundTotalObjectStorageRebates": "27534800",
    "storageFundNonRefundableBalance": "0",
    "referenceGasPrice": "100",
    "safeMode": false,
    "safeModeStorageRewards": "0",
    "safeModeComputationRewards": "0",
    "safeModeStorageRebates": "0",
    "safeModeNonRefundableStorageFee": "0",
    "epochStartTimestampMs": "1",
    "epochDurationMs": "300000",
    "stakeSubsidyStartEpoch": "0",
    "maxValidatorCount": "150",
    "minValidatorJoiningStake": "300000000000000",
    "validatorLowStakeThreshold": "200000000000000",
    "validatorVeryLowStakeThreshold": "150000000000000",
    "validatorLowStakeGracePeriod": "7",
    "stakeSubsidyBalance": "476400000000000000",
    "stakeSubsidyDistributionCounter": "0",
    "stakeSubsidyCurrentDistributionAmount": "27000000000000",
    "stakeSubsidyPeriodLength": "10",
    "stakeSubsidyDecreaseRate": 0,
    "totalStake": "20000001001000000",
    "activeValidators": [
      {
        "suiAddress": "BFCda83166d01afd7ddcf8af5f844f45aaa53f48548e5117c23f5a2978cfd4222443a3d",
        "protocolPubkeyBytes": "qqgbtEP57SCwGrO7tmcKwy/daeoOFwANmrMTm1Qu4jUJRhi2VePz/brF9YAcjmJ7BLOpN8c5Ia7zYzTNmGtGoaUnjoYrbvDG9E05s9antwSmkHAIGsM8mkmeBkSjSBrt",
        "networkPubkeyBytes": "ZeETulurG5EpRBoewpF26pyLQtpUqwH1T6LqgugHBIU=",
        "workerPubkeyBytes": "3sE4/d+MbOSh9pesKr7b89TSO5gFBuyGUjVa4GldmFU=",
        "proofOfPossessionBytes": "sIupbWI7yiRvXM22F2E5sJFRricflowHFu7yqXnzglaAvYTxInm4MSDNAgeMzHyJ",
        "name": "validator-0",
        "description": "",
        "imageUrl": "",
        "projectUrl": "",
        "netAddress": "/ip4/127.0.0.1/tcp/8000/http",
        "p2pAddress": "/ip4/127.0.0.1/udp/8001/http",
        "primaryAddress": "/ip4/127.0.0.1/udp/8004/http",
        "workerAddress": "/ip4/127.0.0.1/udp/8005/http",
        "nextEpochProtocolPubkeyBytes": null,
        "nextEpochProofOfPossession": null,
        "nextEpochNetworkPubkeyBytes": null,
        "nextEpochWorkerPubkeyBytes": null,
        "nextEpochNetAddress": null,
        "nextEpochP2pAddress": null,
        "nextEpochPrimaryAddress": null,
        "nextEpochWorkerAddress": null,
        "votingPower": "10000",
        "operationCapId": "BFC9bd7b0171a6ad27347f63103c6c9834091a2d45e74a7b99e857d0084168c0ff9b7b2",
        "gasPrice": "100",
        "commissionRate": "200",
        "nextEpochStake": "20000001001000000",
        "nextEpochGasPrice": "100",
        "nextEpochCommissionRate": "200",
        "stakingPoolId": "BFC8108c4502a2fe9d37495d2fc3d95f32be71d6743ec65356fc16ba64a1268260a5d4e",
        "stablePools": {
          "id": {
            "id": "BFC03a12ece9d98e5f09b414a71aa834d43120283d9c242118307f096019ea95f10f9c9"
          },
          "size": 17
        },
        "stakingPoolActivationEpoch": "0",
        "stakingPoolDeactivationEpoch": null,
        "stakingPoolSuiBalance": "20000001001000000",
        "rewardsPool": "980000",
        "poolTokenBalance": "20000001000019999",
        "pendingStake": "0",
        "pendingTotalSuiWithdraw": "0",
        "pendingPoolTokenWithdraw": "0",
        "exchangeRatesId": "BFCa501a4ad931815a8e2f506da8986ccd629baec0149570b40cf879e06a9860d11dc72",
        "exchangeRatesSize": "2"
      }
    ],
    "pendingActiveValidatorsId": "BFC9137b19908d07deceb6122f271cdf2b84fbc70ec72f31b873c121635849dfc5e27e6",
    "pendingActiveValidatorsSize": "0",
    "pendingRemovals": [],
    "stakingPoolMappingsId": "BFCe40c821d166376db7f0c926ed2a4d26eb5197e930d7eae59cc5cfd79c502cf160b9f",
    "stakingPoolMappingsSize": "1",
    "inactivePoolsId": "BFC2354450130aecfa414a663cd616e88b03c094aa8e2cabb07f91fd8bf85c6eeece2e8",
    "inactivePoolsSize": "0",
    "validatorCandidatesId": "BFC91388c2ca14fb3ad69fab555bff6cdbc4dd59c22c507441e791a485debca2fa446b1",
    "validatorCandidatesSize": "0",
    "atRiskValidators": [],
    "validatorReportRecords": []
  }
}

task 11, line 45:
//# advance-epoch
Epoch advanced: 1

task 12, lines 47-51:
//# run-jsonrpc
Response: {
  "jsonrpc": "2.0",
  "id": 4,
  "result": {
    "epoch": "2",
    "protocolVersion": "70",
    "systemStateVersion": "2",
    "storageFundTotalObjectStorageRebates": "27534800",
    "storageFundNonRefundableBalance": "0",
    "referenceGasPrice": "100",
    "safeMode": true,
    "safeModeStorageRewards": "4278800",
    "safeModeComputationRewards": "1000000",
    "safeModeStorageRebates": "27259452",
    "safeModeNonRefundableStorageFee": "275348",
    "epochStartTimestampMs": "1",
    "epochDurationMs": "300000",
    "stakeSubsidyStartEpoch": "0",
    "maxValidatorCount": "150",
    "minValidatorJoiningStake": "300000000000000",
    "validatorLowStakeThreshold": "200000000000000",
    "validatorVeryLowStakeThreshold": "150000000000000",
    "validatorLowStakeGracePeriod": "7",
    "stakeSubsidyBalance": "476400000000000000",
    "stakeSubsidyDistributionCounter": "0",
    "stakeSubsidyCurrentDistributionAmount": "27000000000000",
    "stakeSubsidyPeriodLength": "10",
    "stakeSubsidyDecreaseRate": 0,
    "totalStake": "20000001001000000",
    "activeValidators": [
      {
        "suiAddress": "BFCda83166d01afd7ddcf8af5f844f45aaa53f48548e5117c23f5a2978cfd4222443a3d",
        "protocolPubkeyBytes": "qqgbtEP57SCwGrO7tmcKwy/daeoOFwANmrMTm1Qu4jUJRhi2VePz/brF9YAcjmJ7BLOpN8c5Ia7zYzTNmGtGoaUnjoYrbvDG9E05s9antwSmkHAIGsM8mkmeBkSjSBrt",
        "networkPubkeyBytes": "ZeETulurG5EpRBoewpF26pyLQtpUqwH1T6LqgugHBIU=",
        "workerPubkeyBytes": "3sE4/d+MbOSh9pesKr7b89TSO5gFBuyGUjVa4GldmFU=",
        "proofOfPossessionBytes": "sIupbWI7yiRvXM22F2E5sJFRricflowHFu7yqXnzglaAvYTxInm4MSDNAgeMzHyJ",
        "name": "validator-0",
        "description": "",
        "imageUrl": "",
        "projectUrl": "",
        "netAddress": "/ip4/127.0.0.1/tcp/8000/http",
        "p2pAddress": "/ip4/127.0.0.1/udp/8001/http",
        "primaryAddress": "/ip4/127.0.0.1/udp/8004/http",
        "workerAddress": "/ip4/127.0.0.1/udp/8005/http",
        "nextEpochProtocolPubkeyBytes": null,
        "nextEpochProofOfPossession": null,
        "nextEpochNetworkPubkeyBytes": null,
        "nextEpochWorkerPubkeyBytes": null,
        "nextEpochNetAddress": null,
        "nextEpochP2pAddress": null,
        "nextEpochPrimaryAddress": null,
        "nextEpochWorkerAddress": null,
        "votingPower": "10000",
        "operationCapId": "BFC9bd7b0171a6ad27347f63103c6c9834091a2d45e74a7b99e857d0084168c0ff9b7b2",
        "gasPrice": "100",
        "commissionRate": "200",
        "nextEpochStake": "20000001001000000",
        "nextEpochGasPrice": "100",
        "nextEpochCommissionRate": "200",
        "stakingPoolId": "BFC8108c4502a2fe9d37495d2fc3d95f32be71d6743ec65356fc16ba64a1268260a5d4e",
        "stablePools": {
          "id": {
            "id": "BFC03a12ece9d98e5f09b414a71aa834d43120283d9c242118307f096019ea95f10f9c9"
          },
          "size": 17
        },
        "stakingPoolActivationEpoch": "0",
        "stakingPoolDeactivationEpoch": null,
        "stakingPoolSuiBalance": "20000001001000000",
        "rewardsPool": "980000",
        "poolTokenBalance": "20000001000019999",
        "pendingStake": "0",
        "pendingTotalSuiWithdraw": "0",
        "pendingPoolTokenWithdraw": "0",
        "exchangeRatesId": "BFCa501a4ad931815a8e2f506da8986ccd629baec0149570b40cf879e06a9860d11dc72",
        "exchangeRatesSize": "2"
      }
    ],
    "pendingActiveValidatorsId": "BFC9137b19908d07deceb6122f271cdf2b84fbc70ec72f31b873c121635849dfc5e27e6",
    "pendingActiveValidatorsSize": "0",
    "pendingRemovals": [],
    "stakingPoolMappingsId": "BFCe40c821d166376db7f0c926ed2a4d26eb5197e930d7eae59cc5cfd79c502cf160b9f",
    "stakingPoolMappingsSize": "1",
    "inactivePoolsId": "BFC2354450130aecfa414a663cd616e88b03c094aa8e2cabb07f91fd8bf85c6eeece2e8",
    "inactivePoolsSize": "0",
    "validatorCandidatesId": "BFC91388c2ca14fb3ad69fab555bff6cdbc4dd59c22c507441e791a485debca2fa446b1",
    "validatorCandidatesSize": "0",
    "atRiskValidators": [],
    "validatorReportRecords": []
  }
}
