---
source: external-crates/move/crates/move-transactional-test-runner/src/framework.rs
---
processed 21 tasks

init:
A: object(0,0)

task 1, lines 12-25:
//# publish
created: object(1,0)
mutated: object(0,1)
gas summary: computation_cost: 1000000, storage_cost: 7090800,  storage_rebate: 0, non_refundable_storage_fee: 0

task 2, lines 27-32:
//# publish
created: object(2,0)
mutated: object(0,1)
gas summary: computation_cost: 1000000, storage_cost: 4772800,  storage_rebate: 1294128, non_refundable_storage_fee: 13072

task 3, lines 34-35:
//# programmable
//> P0::M::foo();
events: Event { package_id: P0, transaction_module: Identifier("M"), sender: _, type_: StructTag { address: P0, module: Identifier("M"), name: Identifier("P0MFoo"), type_params: [] }, contents: [0] }
mutated: object(0,1)
gas summary: computation_cost: 1000000, storage_cost: 1307200,  storage_rebate: 1294128, non_refundable_storage_fee: 13072

task 4, lines 37-38:
//# programmable
//> P0::N::bar();
events: Event { package_id: P0, transaction_module: Identifier("N"), sender: _, type_: StructTag { address: P0, module: Identifier("N"), name: Identifier("P0NBar"), type_params: [] }, contents: [0] }
mutated: object(0,1)
gas summary: computation_cost: 1000000, storage_cost: 1307200,  storage_rebate: 1294128, non_refundable_storage_fee: 13072

task 5, lines 40-41:
//# programmable
//> P0::N::baz();
events: Event { package_id: P0, transaction_module: Identifier("N"), sender: _, type_: StructTag { address: P0, module: Identifier("N"), name: Identifier("P0NBaz"), type_params: [] }, contents: [0] }
mutated: object(0,1)
gas summary: computation_cost: 1000000, storage_cost: 1307200,  storage_rebate: 1294128, non_refundable_storage_fee: 13072

task 6, lines 43-44:
//# programmable
//> P1::M::qux();
events: Event { package_id: P1, transaction_module: Identifier("M"), sender: _, type_: StructTag { address: P1, module: Identifier("M"), name: Identifier("P1MQux"), type_params: [] }, contents: [0] }
mutated: object(0,1)
gas summary: computation_cost: 1000000, storage_cost: 1307200,  storage_rebate: 1294128, non_refundable_storage_fee: 13072

task 7, lines 46-47:
//# programmable
//> P0::M::foo();
events: Event { package_id: P0, transaction_module: Identifier("M"), sender: _, type_: StructTag { address: P0, module: Identifier("M"), name: Identifier("P0MFoo"), type_params: [] }, contents: [0] }
mutated: object(0,1)
gas summary: computation_cost: 1000000, storage_cost: 1307200,  storage_rebate: 1294128, non_refundable_storage_fee: 13072

task 8, lines 49-50:
//# programmable
//> P0::N::bar();
events: Event { package_id: P0, transaction_module: Identifier("N"), sender: _, type_: StructTag { address: P0, module: Identifier("N"), name: Identifier("P0NBar"), type_params: [] }, contents: [0] }
mutated: object(0,1)
gas summary: computation_cost: 1000000, storage_cost: 1307200,  storage_rebate: 1294128, non_refundable_storage_fee: 13072

task 9, lines 52-53:
//# programmable
//> P0::N::baz();
events: Event { package_id: P0, transaction_module: Identifier("N"), sender: _, type_: StructTag { address: P0, module: Identifier("N"), name: Identifier("P0NBaz"), type_params: [] }, contents: [0] }
mutated: object(0,1)
gas summary: computation_cost: 1000000, storage_cost: 1307200,  storage_rebate: 1294128, non_refundable_storage_fee: 13072

task 10, lines 55-56:
//# programmable
//> P1::M::qux();
events: Event { package_id: P1, transaction_module: Identifier("M"), sender: _, type_: StructTag { address: P1, module: Identifier("M"), name: Identifier("P1MQux"), type_params: [] }, contents: [0] }
mutated: object(0,1)
gas summary: computation_cost: 1000000, storage_cost: 1307200,  storage_rebate: 1294128, non_refundable_storage_fee: 13072

task 11, lines 58-59:
//# programmable
//> P0::M::foo();
events: Event { package_id: P0, transaction_module: Identifier("M"), sender: _, type_: StructTag { address: P0, module: Identifier("M"), name: Identifier("P0MFoo"), type_params: [] }, contents: [0] }
mutated: object(0,1)
gas summary: computation_cost: 1000000, storage_cost: 1307200,  storage_rebate: 1294128, non_refundable_storage_fee: 13072

task 12, lines 61-62:
//# programmable
//> P0::N::bar();
events: Event { package_id: P0, transaction_module: Identifier("N"), sender: _, type_: StructTag { address: P0, module: Identifier("N"), name: Identifier("P0NBar"), type_params: [] }, contents: [0] }
mutated: object(0,1)
gas summary: computation_cost: 1000000, storage_cost: 1307200,  storage_rebate: 1294128, non_refundable_storage_fee: 13072

task 13, lines 64-65:
//# programmable
//> P0::N::baz();
events: Event { package_id: P0, transaction_module: Identifier("N"), sender: _, type_: StructTag { address: P0, module: Identifier("N"), name: Identifier("P0NBaz"), type_params: [] }, contents: [0] }
mutated: object(0,1)
gas summary: computation_cost: 1000000, storage_cost: 1307200,  storage_rebate: 1294128, non_refundable_storage_fee: 13072

task 14, lines 67-68:
//# programmable
//> P1::M::qux();
events: Event { package_id: P1, transaction_module: Identifier("M"), sender: _, type_: StructTag { address: P1, module: Identifier("M"), name: Identifier("P1MQux"), type_params: [] }, contents: [0] }
mutated: object(0,1)
gas summary: computation_cost: 1000000, storage_cost: 1307200,  storage_rebate: 1294128, non_refundable_storage_fee: 13072

task 15, line 70:
//# create-checkpoint
Checkpoint created: 1

task 16, lines 72-87:
//# run-jsonrpc
Response: {
  "jsonrpc": "2.0",
  "id": 0,
  "result": {
    "data": [
      {
        "digest": "5yiCygTsVtskq1KKyiBB1HZEW2xLYnyyW7Y6CccZqR2x",
        "events": [
          {
            "id": {
              "txDigest": "5yiCygTsVtskq1KKyiBB1HZEW2xLYnyyW7Y6CccZqR2x",
              "eventSeq": "0"
            },
            "packageId": "BFCc6fe6333781b04274fc4fb59cf34d97dd5234802817eb4b9428466a0f130d7bc11ed",
            "transactionModule": "M",
            "sender": "BFCa7b032703878aa74c3126935789fd1d4d7e111d5911b09247d6963061c312b5a5cf9",
            "type": "0xc6fe6333781b04274fc4fb59cf34d97dd5234802817eb4b9428466a0f130d7bc::M::P0MFoo",
            "parsedJson": {
              "dummy_field": false
            },
            "bcsEncoding": "base64",
            "bcs": "AA==",
            "timestampMs": "0"
          }
        ],
        "timestampMs": "0",
        "checkpoint": "1"
      },
      {
        "digest": "2TgW2AzAvp9evU5zsUZShRqAbArh6dE5wak3X5mC9nMP",
        "events": [
          {
            "id": {
              "txDigest": "2TgW2AzAvp9evU5zsUZShRqAbArh6dE5wak3X5mC9nMP",
              "eventSeq": "0"
            },
            "packageId": "BFCc6fe6333781b04274fc4fb59cf34d97dd5234802817eb4b9428466a0f130d7bc11ed",
            "transactionModule": "N",
            "sender": "BFCa7b032703878aa74c3126935789fd1d4d7e111d5911b09247d6963061c312b5a5cf9",
            "type": "0xc6fe6333781b04274fc4fb59cf34d97dd5234802817eb4b9428466a0f130d7bc::N::P0NBar",
            "parsedJson": {
              "dummy_field": false
            },
            "bcsEncoding": "base64",
            "bcs": "AA==",
            "timestampMs": "0"
          }
        ],
        "timestampMs": "0",
        "checkpoint": "1"
      },
      {
        "digest": "CjGkMnkj5dGzs8UbHBzC4JHpwfhbPjTUzhPWRuCfKrRL",
        "events": [
          {
            "id": {
              "txDigest": "CjGkMnkj5dGzs8UbHBzC4JHpwfhbPjTUzhPWRuCfKrRL",
              "eventSeq": "0"
            },
            "packageId": "BFCc6fe6333781b04274fc4fb59cf34d97dd5234802817eb4b9428466a0f130d7bc11ed",
            "transactionModule": "N",
            "sender": "BFCa7b032703878aa74c3126935789fd1d4d7e111d5911b09247d6963061c312b5a5cf9",
            "type": "0xc6fe6333781b04274fc4fb59cf34d97dd5234802817eb4b9428466a0f130d7bc::N::P0NBaz",
            "parsedJson": {
              "dummy_field": false
            },
            "bcsEncoding": "base64",
            "bcs": "AA==",
            "timestampMs": "0"
          }
        ],
        "timestampMs": "0",
        "checkpoint": "1"
      },
      {
        "digest": "GMoPdCJNNDUcAC1aU3yeA4a4PYb9Vpzq9MTV8QdXbHxf",
        "events": [
          {
            "id": {
              "txDigest": "GMoPdCJNNDUcAC1aU3yeA4a4PYb9Vpzq9MTV8QdXbHxf",
              "eventSeq": "0"
            },
            "packageId": "BFCc6fe6333781b04274fc4fb59cf34d97dd5234802817eb4b9428466a0f130d7bc11ed",
            "transactionModule": "M",
            "sender": "BFCa7b032703878aa74c3126935789fd1d4d7e111d5911b09247d6963061c312b5a5cf9",
            "type": "0xc6fe6333781b04274fc4fb59cf34d97dd5234802817eb4b9428466a0f130d7bc::M::P0MFoo",
            "parsedJson": {
              "dummy_field": false
            },
            "bcsEncoding": "base64",
            "bcs": "AA==",
            "timestampMs": "0"
          }
        ],
        "timestampMs": "0",
        "checkpoint": "1"
      },
      {
        "digest": "FsXpged4Lvev7azAj7ArsreTZLwQeny6xYSRwWDQkWrA",
        "events": [
          {
            "id": {
              "txDigest": "FsXpged4Lvev7azAj7ArsreTZLwQeny6xYSRwWDQkWrA",
              "eventSeq": "0"
            },
            "packageId": "BFCc6fe6333781b04274fc4fb59cf34d97dd5234802817eb4b9428466a0f130d7bc11ed",
            "transactionModule": "N",
            "sender": "BFCa7b032703878aa74c3126935789fd1d4d7e111d5911b09247d6963061c312b5a5cf9",
            "type": "0xc6fe6333781b04274fc4fb59cf34d97dd5234802817eb4b9428466a0f130d7bc::N::P0NBar",
            "parsedJson": {
              "dummy_field": false
            },
            "bcsEncoding": "base64",
            "bcs": "AA==",
            "timestampMs": "0"
          }
        ],
        "timestampMs": "0",
        "checkpoint": "1"
      },
      {
        "digest": "77sqrMaUqdL4tYEUffGnL9B4nNk13kfb6oYzpf98z5Ra",
        "events": [
          {
            "id": {
              "txDigest": "77sqrMaUqdL4tYEUffGnL9B4nNk13kfb6oYzpf98z5Ra",
              "eventSeq": "0"
            },
            "packageId": "BFCc6fe6333781b04274fc4fb59cf34d97dd5234802817eb4b9428466a0f130d7bc11ed",
            "transactionModule": "N",
            "sender": "BFCa7b032703878aa74c3126935789fd1d4d7e111d5911b09247d6963061c312b5a5cf9",
            "type": "0xc6fe6333781b04274fc4fb59cf34d97dd5234802817eb4b9428466a0f130d7bc::N::P0NBaz",
            "parsedJson": {
              "dummy_field": false
            },
            "bcsEncoding": "base64",
            "bcs": "AA==",
            "timestampMs": "0"
          }
        ],
        "timestampMs": "0",
        "checkpoint": "1"
      },
      {
        "digest": "CKC5jkjSW4FJsVPT78MzvcUhQgoAUhqugbMPddiAWJ7N",
        "events": [
          {
            "id": {
              "txDigest": "CKC5jkjSW4FJsVPT78MzvcUhQgoAUhqugbMPddiAWJ7N",
              "eventSeq": "0"
            },
            "packageId": "BFCc6fe6333781b04274fc4fb59cf34d97dd5234802817eb4b9428466a0f130d7bc11ed",
            "transactionModule": "M",
            "sender": "BFCa7b032703878aa74c3126935789fd1d4d7e111d5911b09247d6963061c312b5a5cf9",
            "type": "0xc6fe6333781b04274fc4fb59cf34d97dd5234802817eb4b9428466a0f130d7bc::M::P0MFoo",
            "parsedJson": {
              "dummy_field": false
            },
            "bcsEncoding": "base64",
            "bcs": "AA==",
            "timestampMs": "0"
          }
        ],
        "timestampMs": "0",
        "checkpoint": "1"
      },
      {
        "digest": "B5msDk1pW1WCrCfoj4iw7VtEVRvcmgPvmdVDpzyoJC5Y",
        "events": [
          {
            "id": {
              "txDigest": "B5msDk1pW1WCrCfoj4iw7VtEVRvcmgPvmdVDpzyoJC5Y",
              "eventSeq": "0"
            },
            "packageId": "BFCc6fe6333781b04274fc4fb59cf34d97dd5234802817eb4b9428466a0f130d7bc11ed",
            "transactionModule": "N",
            "sender": "BFCa7b032703878aa74c3126935789fd1d4d7e111d5911b09247d6963061c312b5a5cf9",
            "type": "0xc6fe6333781b04274fc4fb59cf34d97dd5234802817eb4b9428466a0f130d7bc::N::P0NBar",
            "parsedJson": {
              "dummy_field": false
            },
            "bcsEncoding": "base64",
            "bcs": "AA==",
            "timestampMs": "0"
          }
        ],
        "timestampMs": "0",
        "checkpoint": "1"
      },
      {
        "digest": "7gGA4h9TxXuecMDFrZN9tm3uaGR3sXUG97xJRZjC5BoS",
        "events": [
          {
            "id": {
              "txDigest": "7gGA4h9TxXuecMDFrZN9tm3uaGR3sXUG97xJRZjC5BoS",
              "eventSeq": "0"
            },
            "packageId": "BFCc6fe6333781b04274fc4fb59cf34d97dd5234802817eb4b9428466a0f130d7bc11ed",
            "transactionModule": "N",
            "sender": "BFCa7b032703878aa74c3126935789fd1d4d7e111d5911b09247d6963061c312b5a5cf9",
            "type": "0xc6fe6333781b04274fc4fb59cf34d97dd5234802817eb4b9428466a0f130d7bc::N::P0NBaz",
            "parsedJson": {
              "dummy_field": false
            },
            "bcsEncoding": "base64",
            "bcs": "AA==",
            "timestampMs": "0"
          }
        ],
        "timestampMs": "0",
        "checkpoint": "1"
      }
    ],
    "nextCursor": "MTM=",
    "hasNextPage": false
  }
}

task 17, lines 89-105:
//# run-jsonrpc
Response: {
  "jsonrpc": "2.0",
  "id": 1,
  "result": {
    "data": [
      {
        "digest": "2TgW2AzAvp9evU5zsUZShRqAbArh6dE5wak3X5mC9nMP",
        "events": [
          {
            "id": {
              "txDigest": "2TgW2AzAvp9evU5zsUZShRqAbArh6dE5wak3X5mC9nMP",
              "eventSeq": "0"
            },
            "packageId": "BFCc6fe6333781b04274fc4fb59cf34d97dd5234802817eb4b9428466a0f130d7bc11ed",
            "transactionModule": "N",
            "sender": "BFCa7b032703878aa74c3126935789fd1d4d7e111d5911b09247d6963061c312b5a5cf9",
            "type": "0xc6fe6333781b04274fc4fb59cf34d97dd5234802817eb4b9428466a0f130d7bc::N::P0NBar",
            "parsedJson": {
              "dummy_field": false
            },
            "bcsEncoding": "base64",
            "bcs": "AA==",
            "timestampMs": "0"
          }
        ],
        "timestampMs": "0",
        "checkpoint": "1"
      },
      {
        "digest": "CjGkMnkj5dGzs8UbHBzC4JHpwfhbPjTUzhPWRuCfKrRL",
        "events": [
          {
            "id": {
              "txDigest": "CjGkMnkj5dGzs8UbHBzC4JHpwfhbPjTUzhPWRuCfKrRL",
              "eventSeq": "0"
            },
            "packageId": "BFCc6fe6333781b04274fc4fb59cf34d97dd5234802817eb4b9428466a0f130d7bc11ed",
            "transactionModule": "N",
            "sender": "BFCa7b032703878aa74c3126935789fd1d4d7e111d5911b09247d6963061c312b5a5cf9",
            "type": "0xc6fe6333781b04274fc4fb59cf34d97dd5234802817eb4b9428466a0f130d7bc::N::P0NBaz",
            "parsedJson": {
              "dummy_field": false
            },
            "bcsEncoding": "base64",
            "bcs": "AA==",
            "timestampMs": "0"
          }
        ],
        "timestampMs": "0",
        "checkpoint": "1"
      },
      {
        "digest": "FsXpged4Lvev7azAj7ArsreTZLwQeny6xYSRwWDQkWrA",
        "events": [
          {
            "id": {
              "txDigest": "FsXpged4Lvev7azAj7ArsreTZLwQeny6xYSRwWDQkWrA",
              "eventSeq": "0"
            },
            "packageId": "BFCc6fe6333781b04274fc4fb59cf34d97dd5234802817eb4b9428466a0f130d7bc11ed",
            "transactionModule": "N",
            "sender": "BFCa7b032703878aa74c3126935789fd1d4d7e111d5911b09247d6963061c312b5a5cf9",
            "type": "0xc6fe6333781b04274fc4fb59cf34d97dd5234802817eb4b9428466a0f130d7bc::N::P0NBar",
            "parsedJson": {
              "dummy_field": false
            },
            "bcsEncoding": "base64",
            "bcs": "AA==",
            "timestampMs": "0"
          }
        ],
        "timestampMs": "0",
        "checkpoint": "1"
      },
      {
        "digest": "77sqrMaUqdL4tYEUffGnL9B4nNk13kfb6oYzpf98z5Ra",
        "events": [
          {
            "id": {
              "txDigest": "77sqrMaUqdL4tYEUffGnL9B4nNk13kfb6oYzpf98z5Ra",
              "eventSeq": "0"
            },
            "packageId": "BFCc6fe6333781b04274fc4fb59cf34d97dd5234802817eb4b9428466a0f130d7bc11ed",
            "transactionModule": "N",
            "sender": "BFCa7b032703878aa74c3126935789fd1d4d7e111d5911b09247d6963061c312b5a5cf9",
            "type": "0xc6fe6333781b04274fc4fb59cf34d97dd5234802817eb4b9428466a0f130d7bc::N::P0NBaz",
            "parsedJson": {
              "dummy_field": false
            },
            "bcsEncoding": "base64",
            "bcs": "AA==",
            "timestampMs": "0"
          }
        ],
        "timestampMs": "0",
        "checkpoint": "1"
      },
      {
        "digest": "B5msDk1pW1WCrCfoj4iw7VtEVRvcmgPvmdVDpzyoJC5Y",
        "events": [
          {
            "id": {
              "txDigest": "B5msDk1pW1WCrCfoj4iw7VtEVRvcmgPvmdVDpzyoJC5Y",
              "eventSeq": "0"
            },
            "packageId": "BFCc6fe6333781b04274fc4fb59cf34d97dd5234802817eb4b9428466a0f130d7bc11ed",
            "transactionModule": "N",
            "sender": "BFCa7b032703878aa74c3126935789fd1d4d7e111d5911b09247d6963061c312b5a5cf9",
            "type": "0xc6fe6333781b04274fc4fb59cf34d97dd5234802817eb4b9428466a0f130d7bc::N::P0NBar",
            "parsedJson": {
              "dummy_field": false
            },
            "bcsEncoding": "base64",
            "bcs": "AA==",
            "timestampMs": "0"
          }
        ],
        "timestampMs": "0",
        "checkpoint": "1"
      },
      {
        "digest": "7gGA4h9TxXuecMDFrZN9tm3uaGR3sXUG97xJRZjC5BoS",
        "events": [
          {
            "id": {
              "txDigest": "7gGA4h9TxXuecMDFrZN9tm3uaGR3sXUG97xJRZjC5BoS",
              "eventSeq": "0"
            },
            "packageId": "BFCc6fe6333781b04274fc4fb59cf34d97dd5234802817eb4b9428466a0f130d7bc11ed",
            "transactionModule": "N",
            "sender": "BFCa7b032703878aa74c3126935789fd1d4d7e111d5911b09247d6963061c312b5a5cf9",
            "type": "0xc6fe6333781b04274fc4fb59cf34d97dd5234802817eb4b9428466a0f130d7bc::N::P0NBaz",
            "parsedJson": {
              "dummy_field": false
            },
            "bcsEncoding": "base64",
            "bcs": "AA==",
            "timestampMs": "0"
          }
        ],
        "timestampMs": "0",
        "checkpoint": "1"
      }
    ],
    "nextCursor": "MTM=",
    "hasNextPage": false
  }
}

task 18, lines 107-124:
//# run-jsonrpc
Response: {
  "jsonrpc": "2.0",
  "id": 2,
  "result": {
    "data": [
      {
        "digest": "8RNLw96QPqxgjfciMcTp7K55nUANXzZgKyDEgvrzibnW",
        "events": [
          {
            "id": {
              "txDigest": "8RNLw96QPqxgjfciMcTp7K55nUANXzZgKyDEgvrzibnW",
              "eventSeq": "0"
            },
            "packageId": "BFC996506dfba73f9859f3d9d7ce55c7eb10e5fe68986442e092d927f9fbad3d58f2f5d",
            "transactionModule": "M",
            "sender": "BFCa7b032703878aa74c3126935789fd1d4d7e111d5911b09247d6963061c312b5a5cf9",
            "type": "0x996506dfba73f9859f3d9d7ce55c7eb10e5fe68986442e092d927f9fbad3d58f::M::P1MQux",
            "parsedJson": {
              "dummy_field": false
            },
            "bcsEncoding": "base64",
            "bcs": "AA==",
            "timestampMs": "0"
          }
        ],
        "timestampMs": "0",
        "checkpoint": "1"
      },
      {
        "digest": "6HTcFXTH7cEqtHmKWoDj8gCMMokmMst6McMn29SEirHr",
        "events": [
          {
            "id": {
              "txDigest": "6HTcFXTH7cEqtHmKWoDj8gCMMokmMst6McMn29SEirHr",
              "eventSeq": "0"
            },
            "packageId": "BFC996506dfba73f9859f3d9d7ce55c7eb10e5fe68986442e092d927f9fbad3d58f2f5d",
            "transactionModule": "M",
            "sender": "BFCa7b032703878aa74c3126935789fd1d4d7e111d5911b09247d6963061c312b5a5cf9",
            "type": "0x996506dfba73f9859f3d9d7ce55c7eb10e5fe68986442e092d927f9fbad3d58f::M::P1MQux",
            "parsedJson": {
              "dummy_field": false
            },
            "bcsEncoding": "base64",
            "bcs": "AA==",
            "timestampMs": "0"
          }
        ],
        "timestampMs": "0",
        "checkpoint": "1"
      },
      {
        "digest": "3sDmcKYmvP8NU9Y1UpWpRZWtdoRiZNnvHH8xjkZaLHUT",
        "events": [
          {
            "id": {
              "txDigest": "3sDmcKYmvP8NU9Y1UpWpRZWtdoRiZNnvHH8xjkZaLHUT",
              "eventSeq": "0"
            },
            "packageId": "BFC996506dfba73f9859f3d9d7ce55c7eb10e5fe68986442e092d927f9fbad3d58f2f5d",
            "transactionModule": "M",
            "sender": "BFCa7b032703878aa74c3126935789fd1d4d7e111d5911b09247d6963061c312b5a5cf9",
            "type": "0x996506dfba73f9859f3d9d7ce55c7eb10e5fe68986442e092d927f9fbad3d58f::M::P1MQux",
            "parsedJson": {
              "dummy_field": false
            },
            "bcsEncoding": "base64",
            "bcs": "AA==",
            "timestampMs": "0"
          }
        ],
        "timestampMs": "0",
        "checkpoint": "1"
      }
    ],
    "nextCursor": "MTQ=",
    "hasNextPage": false
  }
}

task 19, lines 126-142:
//# run-jsonrpc
Response: {
  "jsonrpc": "2.0",
  "id": 3,
  "error": {
    "code": -32602,
    "message": "Invalid Params: Cannot filter by function name \"bar\" without specifying a module"
  }
}

task 20, lines 144-159:
//# run-jsonrpc
Response: {
  "jsonrpc": "2.0",
  "id": 4,
  "error": {
    "code": -32602,
    "message": "Invalid params",
    "data": "missing field `package` at line 1 column 40"
  }
}
