---
source: external-crates/move/crates/move-transactional-test-runner/src/framework.rs
---
processed 31 tasks

init:
A: object(0,0)

task 1, line 20:
//# create-checkpoint
Checkpoint created: 1

task 2, lines 22-24:
//# programmable --sender A --inputs 42 @A
//> 0: SplitCoins(Gas, [Input(0)]);
//> 1: TransferObjects([Result(0)], Input(1))
created: object(2,0)
mutated: object(0,0)
gas summary: computation_cost: 1000000, storage_cost: 2614400,  storage_rebate: 0, non_refundable_storage_fee: 0

task 3, line 26:
//# create-checkpoint
Checkpoint created: 2

task 4, lines 28-30:
//# programmable --sender A --inputs 43 @A
//> 0: SplitCoins(Gas, [Input(0)]);
//> 1: TransferObjects([Result(0)], Input(1))
created: object(4,0)
mutated: object(0,0)
gas summary: computation_cost: 1000000, storage_cost: 2614400,  storage_rebate: 1294128, non_refundable_storage_fee: 13072

task 5, lines 32-34:
//# programmable --sender A --inputs 44 @A
//> 0: SplitCoins(Gas, [Input(0)]);
//> 1: TransferObjects([Result(0)], Input(1))
created: object(5,0)
mutated: object(0,0)
gas summary: computation_cost: 1000000, storage_cost: 2614400,  storage_rebate: 1294128, non_refundable_storage_fee: 13072

task 6, lines 36-38:
//# programmable --sender A --inputs 45 @A
//> 0: SplitCoins(Gas, [Input(0)]);
//> 1: TransferObjects([Result(0)], Input(1))
created: object(6,0)
mutated: object(0,0)
gas summary: computation_cost: 1000000, storage_cost: 2614400,  storage_rebate: 1294128, non_refundable_storage_fee: 13072

task 7, lines 40-42:
//# programmable --sender A --inputs 46 @A
//> 0: SplitCoins(Gas, [Input(0)]);
//> 1: TransferObjects([Result(0)], Input(1))
created: object(7,0)
mutated: object(0,0)
gas summary: computation_cost: 1000000, storage_cost: 2614400,  storage_rebate: 1294128, non_refundable_storage_fee: 13072

task 8, line 44:
//# create-checkpoint
Checkpoint created: 3

task 9, lines 46-50:
//# run-jsonrpc
Response: {
  "jsonrpc": "2.0",
  "id": 0,
  "result": {
    "epoch": "0",
    "sequenceNumber": "0",
    "digest": "3htkowtAbydMJEXQq2wnt1qQyTLFvzw4zxbtw8RSRgYa",
    "networkTotalTransactions": "1",
    "epochRollingBfcGasCostSummary": {
      "basePoint": 0,
      "rate": 0,
      "computationCost": "0",
      "storageCost": "0",
      "storageRebate": "0",
      "nonRefundableStorageFee": "0"
    },
    "epochRollingStableGasCostSummaryMap": [],
    "timestampMs": "0",
    "transactions": [
      "AWRfVMVLtVkYS2wJKKPGUWSRmvQ749mcyw3qFnh3ihgQ"
    ],
    "checkpointCommitments": [],
    "validatorSignature": "rg//8BLCMBrce350WjrJ0Gx/FzQ8km4AeZcv+w9j++LE7XbOEsTe/thRDpn46cJO"
  }
}

task 10, lines 52-56:
//# run-jsonrpc
Response: {
  "jsonrpc": "2.0",
  "id": 1,
  "result": {
    "epoch": "0",
    "sequenceNumber": "1",
    "digest": "4sqy121D2aykbL2BQsCA2oCRhF9A2picMyVr4j9kV9g5",
    "networkTotalTransactions": "1",
    "previousDigest": "3htkowtAbydMJEXQq2wnt1qQyTLFvzw4zxbtw8RSRgYa",
    "epochRollingBfcGasCostSummary": {
      "basePoint": 0,
      "rate": 0,
      "computationCost": "0",
      "storageCost": "0",
      "storageRebate": "0",
      "nonRefundableStorageFee": "0"
    },
    "epochRollingStableGasCostSummaryMap": [],
    "timestampMs": "0",
    "transactions": [],
    "checkpointCommitments": [],
    "validatorSignature": "tgUUmXjpmJL1gViaV/MfCFjFk7Fx8wbS+B0CdSDS9GizgNFwpxJRX/mCzTvG4+hw"
  }
}

task 11, lines 58-62:
//# run-jsonrpc
Response: {
  "jsonrpc": "2.0",
  "id": 2,
  "result": {
    "epoch": "0",
    "sequenceNumber": "2",
    "digest": "5kNVbz8MZEAz4GNyvXiDqNwmxR917kCpGs3VYiEjEA8d",
    "networkTotalTransactions": "2",
    "previousDigest": "4sqy121D2aykbL2BQsCA2oCRhF9A2picMyVr4j9kV9g5",
    "epochRollingBfcGasCostSummary": {
      "basePoint": 0,
      "rate": 0,
      "computationCost": "1000000",
      "storageCost": "2614400",
      "storageRebate": "0",
      "nonRefundableStorageFee": "0"
    },
    "epochRollingStableGasCostSummaryMap": [],
    "timestampMs": "0",
    "transactions": [
      "7uBeWBMSkGm4getWBhUF8cREAxptS3TN3ETpWbteAFiE"
    ],
    "checkpointCommitments": [],
    "validatorSignature": "h/wGfpyGqJQWMR8XoUgOcwZDktWY3NLSSWCy4yzIx9NgpkD6uvwgCCrGkmRKQIw+"
  }
}

task 12, lines 64-68:
//# run-jsonrpc
Response: {
  "jsonrpc": "2.0",
  "id": 3,
  "result": {
    "epoch": "0",
    "sequenceNumber": "3",
    "digest": "B4W5UdiaVRU43tCq1p8TGG6wzG98E5piJtfJ5X9AuEWs",
    "networkTotalTransactions": "6",
    "previousDigest": "5kNVbz8MZEAz4GNyvXiDqNwmxR917kCpGs3VYiEjEA8d",
    "epochRollingBfcGasCostSummary": {
      "basePoint": 0,
      "rate": 0,
      "computationCost": "5000000",
      "storageCost": "13072000",
      "storageRebate": "5176512",
      "nonRefundableStorageFee": "52288"
    },
    "epochRollingStableGasCostSummaryMap": [],
    "timestampMs": "0",
    "transactions": [
      "9wK4frMeHrFfn73AnaNWyNfzSiYaCWJGZgvmYfvPAY6s",
      "A8mKhEseMfVPsykfzTVny34NX6V1AA8JB77xEMqMxxAL",
      "LqLPhrtL67GZzSaThK6N7iwipfK4U835VLXgwjgtxPd",
      "3kixbpDJbCTWeeJUk4RzGzpaJ1Wex5jhZeJ9Lyi2SLNG"
    ],
    "checkpointCommitments": [],
    "validatorSignature": "meUn4BuG3kbNqJIRbrpsPuS0mh263QfZKABLbCreQVUTg2hNJHtTQj6nyYOIUdDt"
  }
}

task 13, lines 70-76:
//# run-jsonrpc
Response: {
  "jsonrpc": "2.0",
  "id": 4,
  "result": {
    "data": [],
    "nextCursor": null,
    "hasNextPage": false
  }
}

task 14, lines 78-84:
//# run-jsonrpc
Response: {
  "jsonrpc": "2.0",
  "id": 5,
  "result": {
    "data": [
      {
        "digest": "7uBeWBMSkGm4getWBhUF8cREAxptS3TN3ETpWbteAFiE",
        "timestampMs": "0",
        "checkpoint": "2"
      }
    ],
    "nextCursor": "MQ==",
    "hasNextPage": false
  }
}

task 15, lines 86-92:
//# run-jsonrpc
Response: {
  "jsonrpc": "2.0",
  "id": 6,
  "result": {
    "data": [
      {
        "digest": "9wK4frMeHrFfn73AnaNWyNfzSiYaCWJGZgvmYfvPAY6s",
        "timestampMs": "0",
        "checkpoint": "3"
      },
      {
        "digest": "A8mKhEseMfVPsykfzTVny34NX6V1AA8JB77xEMqMxxAL",
        "timestampMs": "0",
        "checkpoint": "3"
      },
      {
        "digest": "LqLPhrtL67GZzSaThK6N7iwipfK4U835VLXgwjgtxPd",
        "timestampMs": "0",
        "checkpoint": "3"
      },
      {
        "digest": "3kixbpDJbCTWeeJUk4RzGzpaJ1Wex5jhZeJ9Lyi2SLNG",
        "timestampMs": "0",
        "checkpoint": "3"
      }
    ],
    "nextCursor": "NQ==",
    "hasNextPage": false
  }
}

task 16, lines 94-101:
//# run-jsonrpc
Response: {
  "jsonrpc": "2.0",
  "id": 7,
  "result": {
    "data": [],
    "nextCursor": null,
    "hasNextPage": false
  }
}

task 17, lines 103-110:
//# run-jsonrpc
Response: {
  "jsonrpc": "2.0",
  "id": 8,
  "result": {
    "data": [
      {
        "digest": "7uBeWBMSkGm4getWBhUF8cREAxptS3TN3ETpWbteAFiE",
        "timestampMs": "0",
        "checkpoint": "2"
      }
    ],
    "nextCursor": "MQ==",
    "hasNextPage": false
  }
}

task 18, lines 112-119:
//# run-jsonrpc
Response: {
  "jsonrpc": "2.0",
  "id": 9,
  "result": {
    "data": [
      {
        "digest": "3kixbpDJbCTWeeJUk4RzGzpaJ1Wex5jhZeJ9Lyi2SLNG",
        "timestampMs": "0",
        "checkpoint": "3"
      },
      {
        "digest": "LqLPhrtL67GZzSaThK6N7iwipfK4U835VLXgwjgtxPd",
        "timestampMs": "0",
        "checkpoint": "3"
      },
      {
        "digest": "A8mKhEseMfVPsykfzTVny34NX6V1AA8JB77xEMqMxxAL",
        "timestampMs": "0",
        "checkpoint": "3"
      },
      {
        "digest": "9wK4frMeHrFfn73AnaNWyNfzSiYaCWJGZgvmYfvPAY6s",
        "timestampMs": "0",
        "checkpoint": "3"
      }
    ],
    "nextCursor": "Mg==",
    "hasNextPage": false
  }
}

task 19, lines 121-128:
//# run-jsonrpc
Response: {
  "jsonrpc": "2.0",
  "id": 10,
  "result": {
    "data": [],
    "nextCursor": null,
    "hasNextPage": false
  }
}

task 20, lines 130-137:
//# run-jsonrpc
Response: {
  "jsonrpc": "2.0",
  "id": 11,
  "result": {
    "data": [
      {
        "digest": "7uBeWBMSkGm4getWBhUF8cREAxptS3TN3ETpWbteAFiE",
        "timestampMs": "0",
        "checkpoint": "2"
      }
    ],
    "nextCursor": "MQ==",
    "hasNextPage": false
  }
}

task 21, lines 139-146:
//# run-jsonrpc
Response: {
  "jsonrpc": "2.0",
  "id": 12,
  "result": {
    "data": [
      {
        "digest": "9wK4frMeHrFfn73AnaNWyNfzSiYaCWJGZgvmYfvPAY6s",
        "timestampMs": "0",
        "checkpoint": "3"
      },
      {
        "digest": "A8mKhEseMfVPsykfzTVny34NX6V1AA8JB77xEMqMxxAL",
        "timestampMs": "0",
        "checkpoint": "3"
      }
    ],
    "nextCursor": "Mw==",
    "hasNextPage": true
  }
}

task 22, lines 148-155:
//# run-jsonrpc
Response: {
  "jsonrpc": "2.0",
  "id": 13,
  "result": {
    "data": [],
    "nextCursor": null,
    "hasNextPage": false
  }
}

task 23, lines 157-164:
//# run-jsonrpc
Response: {
  "jsonrpc": "2.0",
  "id": 14,
  "result": {
    "data": [
      {
        "digest": "7uBeWBMSkGm4getWBhUF8cREAxptS3TN3ETpWbteAFiE",
        "timestampMs": "0",
        "checkpoint": "2"
      }
    ],
    "nextCursor": "MQ==",
    "hasNextPage": false
  }
}

task 24, lines 166-173:
//# run-jsonrpc
Response: {
  "jsonrpc": "2.0",
  "id": 15,
  "result": {
    "data": [
      {
        "digest": "3kixbpDJbCTWeeJUk4RzGzpaJ1Wex5jhZeJ9Lyi2SLNG",
        "timestampMs": "0",
        "checkpoint": "3"
      },
      {
        "digest": "LqLPhrtL67GZzSaThK6N7iwipfK4U835VLXgwjgtxPd",
        "timestampMs": "0",
        "checkpoint": "3"
      }
    ],
    "nextCursor": "NA==",
    "hasNextPage": true
  }
}

task 25, lines 175-182:
//# run-jsonrpc --cursors 3
Response: {
  "jsonrpc": "2.0",
  "id": 16,
  "result": {
    "data": [
      {
        "digest": "LqLPhrtL67GZzSaThK6N7iwipfK4U835VLXgwjgtxPd",
        "timestampMs": "0",
        "checkpoint": "3"
      },
      {
        "digest": "3kixbpDJbCTWeeJUk4RzGzpaJ1Wex5jhZeJ9Lyi2SLNG",
        "timestampMs": "0",
        "checkpoint": "3"
      }
    ],
    "nextCursor": "NQ==",
    "hasNextPage": false
  }
}

task 26, lines 184-191:
//# run-jsonrpc --cursors 3
Response: {
  "jsonrpc": "2.0",
  "id": 17,
  "result": {
    "data": [
      {
        "digest": "9wK4frMeHrFfn73AnaNWyNfzSiYaCWJGZgvmYfvPAY6s",
        "timestampMs": "0",
        "checkpoint": "3"
      }
    ],
    "nextCursor": "Mg==",
    "hasNextPage": false
  }
}

task 27, lines 193-200:
//# run-jsonrpc --cursors 0
Response: {
  "jsonrpc": "2.0",
  "id": 18,
  "result": {
    "data": [
      {
        "digest": "9wK4frMeHrFfn73AnaNWyNfzSiYaCWJGZgvmYfvPAY6s",
        "timestampMs": "0",
        "checkpoint": "3"
      },
      {
        "digest": "A8mKhEseMfVPsykfzTVny34NX6V1AA8JB77xEMqMxxAL",
        "timestampMs": "0",
        "checkpoint": "3"
      }
    ],
    "nextCursor": "Mw==",
    "hasNextPage": true
  }
}

task 28, lines 202-209:
//# run-jsonrpc --cursors 6
Response: {
  "jsonrpc": "2.0",
  "id": 19,
  "result": {
    "data": [],
    "nextCursor": "Ng==",
    "hasNextPage": false
  }
}

task 29, lines 211-218:
//# run-jsonrpc --cursors 0
Response: {
  "jsonrpc": "2.0",
  "id": 20,
  "result": {
    "data": [],
    "nextCursor": "MA==",
    "hasNextPage": false
  }
}

task 30, lines 220-227:
//# run-jsonrpc --cursors 6
Response: {
  "jsonrpc": "2.0",
  "id": 21,
  "result": {
    "data": [
      {
        "digest": "3kixbpDJbCTWeeJUk4RzGzpaJ1Wex5jhZeJ9Lyi2SLNG",
        "timestampMs": "0",
        "checkpoint": "3"
      },
      {
        "digest": "LqLPhrtL67GZzSaThK6N7iwipfK4U835VLXgwjgtxPd",
        "timestampMs": "0",
        "checkpoint": "3"
      }
    ],
    "nextCursor": "NA==",
    "hasNextPage": true
  }
}
