---
source: external-crates/move/crates/move-transactional-test-runner/src/framework.rs
---
processed 7 tasks

init:
A: object(0,0)

task 1, lines 9-23:
//# publish
created: object(1,0)
mutated: object(0,1)
gas summary: computation_cost: 1000000, storage_cost: 5092000,  storage_rebate: 0, non_refundable_storage_fee: 0

task 2, lines 25-27:
//# programmable --sender A --inputs @A
//> 0: P0::M::new();
//> 1: TransferObjects([Result(0)], Input(0))
created: object(2,0)
mutated: object(0,0)
gas summary: computation_cost: 1000000, storage_cost: 2515600,  storage_rebate: 0, non_refundable_storage_fee: 0

task 3, lines 29-30:
//# programmable --sender A --inputs object(2,0)
//> 0: P0::M::delete(Input(0))
mutated: object(0,0)
deleted: object(2,0)
gas summary: computation_cost: 1000000, storage_cost: 1307200,  storage_rebate: 2490444, non_refundable_storage_fee: 25156

task 4, line 32:
//# create-checkpoint
Checkpoint created: 1

task 5, lines 34-38:
//# run-jsonrpc
Response: {
  "jsonrpc": "2.0",
  "id": 0,
  "result": {
    "digest": "CY34L5TX3BirTERy1Eeyedu96i8ioVhFYsQvTazRbRMZ",
    "objectChanges": [
      {
        "type": "mutated",
        "sender": "BFCfccc9a421bbb13c1a66a1aa98f0ad75029ede94857779c6915b44f94068b921e71f7",
        "owner": {
          "AddressOwner": "BFCfccc9a421bbb13c1a66a1aa98f0ad75029ede94857779c6915b44f94068b921e71f7"
        },
        "objectType": "0x2::coin::Coin<0x2::bfc::BFC>",
        "objectId": "BFCb43734923b2be35d7509d46e09cc9ba046d1169b175652c8fab48d1745001c8503d3",
        "version": "2",
        "previousVersion": "1",
        "digest": "2w1ej51TnMrkch3pw4Wr8xxCsH92eGUownpojMyTmotF"
      },
      {
        "type": "created",
        "sender": "BFCfccc9a421bbb13c1a66a1aa98f0ad75029ede94857779c6915b44f94068b921e71f7",
        "owner": {
          "AddressOwner": "BFCfccc9a421bbb13c1a66a1aa98f0ad75029ede94857779c6915b44f94068b921e71f7"
        },
        "objectType": "0x111fc7e0974c7256bcba37e7922bc700980bcdfa926f4558c31db87142f986bf::M::O",
        "objectId": "BFCbe74f702db337aee6d8e1f219d6a5f10db52a888d0df23b0ea06527c660cde073896",
        "version": "2",
        "digest": "4NqNpdVTRsb2dacDVrECc2pWPu8iA7hf6XEU93FpwkV8"
      }
    ],
    "timestampMs": "0",
    "checkpoint": "1"
  }
}

task 6, lines 40-44:
//# run-jsonrpc
Response: {
  "jsonrpc": "2.0",
  "id": 1,
  "result": {
    "digest": "7UN4eew87h23R8whvVY6x1sHwSfZrUk4PcSyTbTpv78e",
    "objectChanges": [
      {
        "type": "mutated",
        "sender": "BFCfccc9a421bbb13c1a66a1aa98f0ad75029ede94857779c6915b44f94068b921e71f7",
        "owner": {
          "AddressOwner": "BFCfccc9a421bbb13c1a66a1aa98f0ad75029ede94857779c6915b44f94068b921e71f7"
        },
        "objectType": "0x2::coin::Coin<0x2::bfc::BFC>",
        "objectId": "BFCb43734923b2be35d7509d46e09cc9ba046d1169b175652c8fab48d1745001c8503d3",
        "version": "3",
        "previousVersion": "2",
        "digest": "P1gkbveUGkb5QKzemLNEARNHfVZ9nHzsyZ8LzTftS75"
      },
      {
        "type": "deleted",
        "sender": "BFCfccc9a421bbb13c1a66a1aa98f0ad75029ede94857779c6915b44f94068b921e71f7",
        "objectType": "0x111fc7e0974c7256bcba37e7922bc700980bcdfa926f4558c31db87142f986bf::M::O",
        "objectId": "BFCbe74f702db337aee6d8e1f219d6a5f10db52a888d0df23b0ea06527c660cde073896",
        "version": "3"
      }
    ],
    "timestampMs": "0",
    "checkpoint": "1"
  }
}
