---
source: external-crates/move/crates/move-transactional-test-runner/src/framework.rs
---
processed 6 tasks

init:
A: object(0,0)

task 1, lines 9-12:
//# publish --upgradeable --sender A
created: object(1,0), object(1,1)
mutated: object(0,0)
gas summary: computation_cost: 1000000, storage_cost: 5396000,  storage_rebate: 0, non_refundable_storage_fee: 0

task 2, lines 14-21:
//# upgrade --package P0 --upgrade-capability 1,1 --sender A
created: object(2,0)
mutated: object(0,0), object(1,1)
gas summary: computation_cost: 1000000, storage_cost: 6634800,  storage_rebate: 2911788, non_refundable_storage_fee: 29412

task 3, line 23:
//# create-checkpoint
Checkpoint created: 1

task 4, lines 25-29:
//# run-jsonrpc
Response: {
  "jsonrpc": "2.0",
  "id": 0,
  "result": {
    "digest": "6qmWhBSLuHvNTgtac1qcnzFPMD5oXyspGGLVPxifSVGM",
    "objectChanges": [
      {
        "type": "published",
        "packageId": "BFC34bd3725d77538c0641924d68c192a30b35a11c1fb034b8c1fdf09b3c61fecd8ba59",
        "version": "1",
        "digest": "2DHrsWd2NTWkthWJoT8PJmSvUQzoNZMbw93CNA8Xh2uF",
        "modules": [
          "M"
        ]
      },
      {
        "type": "created",
        "sender": "BFCfccc9a421bbb13c1a66a1aa98f0ad75029ede94857779c6915b44f94068b921e71f7",
        "owner": {
          "AddressOwner": "BFCfccc9a421bbb13c1a66a1aa98f0ad75029ede94857779c6915b44f94068b921e71f7"
        },
        "objectType": "0x2::package::UpgradeCap",
        "objectId": "BFC4167664242fa9b61c1ff5af8d2cf0ae2fecfbc304401b7c343d76b4c6865cec63ea4",
        "version": "2",
        "digest": "5NBVbiJ7VmNyCLrg2rBE3StBfqZo6zWMpUeBqy9ySEdZ"
      },
      {
        "type": "mutated",
        "sender": "BFCfccc9a421bbb13c1a66a1aa98f0ad75029ede94857779c6915b44f94068b921e71f7",
        "owner": {
          "AddressOwner": "BFCfccc9a421bbb13c1a66a1aa98f0ad75029ede94857779c6915b44f94068b921e71f7"
        },
        "objectType": "0x2::coin::Coin<0x2::bfc::BFC>",
        "objectId": "BFCb43734923b2be35d7509d46e09cc9ba046d1169b175652c8fab48d1745001c8503d3",
        "version": "2",
        "previousVersion": "1",
        "digest": "4cP6poNEwhTXtKWwocUMK314ZnGAVyqsbrue3hJZqtpn"
      }
    ],
    "timestampMs": "0",
    "checkpoint": "1"
  }
}

task 5, lines 31-35:
//# run-jsonrpc
Response: {
  "jsonrpc": "2.0",
  "id": 1,
  "result": {
    "digest": "8SZSfPKbMoFLRf3vZfQXFkMFd1J2TRxyoAWDsQyxJyBC",
    "objectChanges": [
      {
        "type": "mutated",
        "sender": "BFCfccc9a421bbb13c1a66a1aa98f0ad75029ede94857779c6915b44f94068b921e71f7",
        "owner": {
          "AddressOwner": "BFCfccc9a421bbb13c1a66a1aa98f0ad75029ede94857779c6915b44f94068b921e71f7"
        },
        "objectType": "0x2::package::UpgradeCap",
        "objectId": "BFC4167664242fa9b61c1ff5af8d2cf0ae2fecfbc304401b7c343d76b4c6865cec63ea4",
        "version": "3",
        "previousVersion": "2",
        "digest": "DKyzJNkV7UaezQikEyHzq1jTxGSjnsSVvyd5VxYaGyND"
      },
      {
        "type": "mutated",
        "sender": "BFCfccc9a421bbb13c1a66a1aa98f0ad75029ede94857779c6915b44f94068b921e71f7",
        "owner": {
          "AddressOwner": "BFCfccc9a421bbb13c1a66a1aa98f0ad75029ede94857779c6915b44f94068b921e71f7"
        },
        "objectType": "0x2::coin::Coin<0x2::bfc::BFC>",
        "objectId": "BFCb43734923b2be35d7509d46e09cc9ba046d1169b175652c8fab48d1745001c8503d3",
        "version": "3",
        "previousVersion": "2",
        "digest": "CxRvwEpRh9E1tWkY77nTEF5oscE54vfrjrMQH86Jv9jY"
      },
      {
        "type": "published",
        "packageId": "BFCc83e8285b776792956158566f4a219de23c7328557ccabe34b019f990db85a3b3079",
        "version": "2",
        "digest": "GpyCbjKiGEgu4B4yedqw4iBQBp3k3vbrFQNu57XiXNhC",
        "modules": [
          "M",
          "N"
        ]
      }
    ],
    "timestampMs": "0",
    "checkpoint": "1"
  }
}
