---
source: external-crates/move/crates/move-transactional-test-runner/src/framework.rs
---
processed 6 tasks

init:
A: object(0,0)

task 1, lines 8-27:
//# publish
created: object(1,0)
mutated: object(0,1)
gas summary: computation_cost: 1000000, storage_cost: 6437200,  storage_rebate: 0, non_refundable_storage_fee: 0

task 2, lines 29-31:
//# programmable --sender A --inputs @A
//> 0: P0::M::new();
//> 1: TransferObjects([Result(0)], Input(0))
created: object(2,0)
mutated: object(0,0)
gas summary: computation_cost: 1000000, storage_cost: 2766400,  storage_rebate: 0, non_refundable_storage_fee: 0

task 3, lines 33-35:
//# programmable --sender A --inputs object(2,0) @A
//> 0: P0::M::unwrap(Input(0));
//> 1: TransferObjects([Result(0)], Input(1))
mutated: object(0,0), object(2,0)
unwrapped: object(3,0)
gas summary: computation_cost: 1000000, storage_cost: 3731600,  storage_rebate: 2738736, non_refundable_storage_fee: 27664

task 4, line 37:
//# create-checkpoint
Checkpoint created: 1

task 5, lines 39-43:
//# run-jsonrpc
Response: {
  "jsonrpc": "2.0",
  "id": 0,
  "result": {
    "digest": "9njt8SJrtPQGPYqswhkyxcgdqZ3usrK6e8WUWxrqEKo9",
    "objectChanges": [
      {
        "type": "mutated",
        "sender": "BFCfccc9a421bbb13c1a66a1aa98f0ad75029ede94857779c6915b44f94068b921e71f7",
        "owner": {
          "AddressOwner": "BFCfccc9a421bbb13c1a66a1aa98f0ad75029ede94857779c6915b44f94068b921e71f7"
        },
        "objectType": "0x2::coin::Coin<0x2::bfc::BFC>",
        "objectId": "BFC1368f3ce1a354a08e6a92821900897ceb1ad5c9ba4ddcde7c0f0f88a2e9bfbfd4278",
        "version": "3",
        "previousVersion": "2",
        "digest": "Dw8gadN6jHRkj3L8hoA5sCzmLisNfD9akgnSTVbxoSL6"
      },
      {
        "type": "mutated",
        "sender": "BFCfccc9a421bbb13c1a66a1aa98f0ad75029ede94857779c6915b44f94068b921e71f7",
        "owner": {
          "AddressOwner": "BFCfccc9a421bbb13c1a66a1aa98f0ad75029ede94857779c6915b44f94068b921e71f7"
        },
        "objectType": "0xd1a7d6cee21e7e6a650496442c37d8fd2dc716fed613c62fd9b48818a7f9b941::M::O",
        "objectId": "BFC175ead61b9da33af6b571db3f44edde380d9b30bac282a26cc2d1d5b309640b79a74",
        "version": "3",
        "previousVersion": "2",
        "digest": "9DepR3sW3z5EyYPV3pxCZckpeEk39jYhyQM9ZmJe6yFb"
      }
    ],
    "timestampMs": "0",
    "checkpoint": "1"
  }
}
