---
source: external-crates/move/crates/move-transactional-test-runner/src/framework.rs
---
processed 6 tasks

init:
A: object(0,0)

task 1, lines 8-26:
//# publish
created: object(1,0)
mutated: object(0,1)
gas summary: computation_cost: 1000000, storage_cost: 6156000,  storage_rebate: 0, non_refundable_storage_fee: 0

task 2, lines 28-30:
//# programmable --sender A --inputs @A
//> 0: P0::M::new();
//> 1: TransferObjects([Result(0)], Input(0))
created: object(2,0)
mutated: object(0,0)
gas summary: computation_cost: 1000000, storage_cost: 2515600,  storage_rebate: 0, non_refundable_storage_fee: 0

task 3, lines 32-34:
//# programmable --sender A --inputs object(2,0) @A
//> 0: P0::M::wrap(Input(0));
//> 1: TransferObjects([Result(0)], Input(1))
created: object(3,0)
mutated: object(0,0)
wrapped: object(2,0)
gas summary: computation_cost: 1000000, storage_cost: 2766400,  storage_rebate: 2490444, non_refundable_storage_fee: 25156

task 4, line 36:
//# create-checkpoint
Checkpoint created: 1

task 5, lines 38-42:
//# run-jsonrpc
Response: {
  "jsonrpc": "2.0",
  "id": 0,
  "result": {
    "digest": "GKHbL1fDZB9u3vV3oCdYVfkFeYpf1HDmpFPetiyq77iU",
    "objectChanges": [
      {
        "type": "wrapped",
        "sender": "BFCfccc9a421bbb13c1a66a1aa98f0ad75029ede94857779c6915b44f94068b921e71f7",
        "objectType": "0x14c028d8b23b0acfdd3849d54df4301e49ded03dd0abfed3b511bc81ccad14a3::M::I",
        "objectId": "BFC66ad61a12dc9a911b3aa43cda4498c1a2945bf6702fd254c67c8e21cfccaa5deab81",
        "version": "3"
      },
      {
        "type": "created",
        "sender": "BFCfccc9a421bbb13c1a66a1aa98f0ad75029ede94857779c6915b44f94068b921e71f7",
        "owner": {
          "AddressOwner": "BFCfccc9a421bbb13c1a66a1aa98f0ad75029ede94857779c6915b44f94068b921e71f7"
        },
        "objectType": "0x14c028d8b23b0acfdd3849d54df4301e49ded03dd0abfed3b511bc81ccad14a3::M::O",
        "objectId": "BFCab8ce58787d26413ae212c0f5b0b8a2d77019b4ecefb3c3ab6243bcfaf9cbfd69653",
        "version": "3",
        "digest": "7e914v1LHCfJD4BdPc1go6vhi3pL7xR1B9J4CzJqnPBj"
      },
      {
        "type": "mutated",
        "sender": "BFCfccc9a421bbb13c1a66a1aa98f0ad75029ede94857779c6915b44f94068b921e71f7",
        "owner": {
          "AddressOwner": "BFCfccc9a421bbb13c1a66a1aa98f0ad75029ede94857779c6915b44f94068b921e71f7"
        },
        "objectType": "0x2::coin::Coin<0x2::bfc::BFC>",
        "objectId": "BFCb43734923b2be35d7509d46e09cc9ba046d1169b175652c8fab48d1745001c8503d3",
        "version": "3",
        "previousVersion": "2",
        "digest": "ETVYLCaf1cut4mtWtWgcFGgNXhNKn9c23wF9dF7HP7GQ"
      }
    ],
    "timestampMs": "0",
    "checkpoint": "1"
  }
}
