---
source: external-crates/move/crates/move-transactional-test-runner/src/framework.rs
---
processed 17 tasks

init:
A: object(0,0)

task 1, lines 6-10:
//# programmable --sender A --inputs @A 42 43 44 45 46 47 48 49
//> 0: SplitCoins(Gas, [Input(1), Input(2), Input(3), Input(4)]);
//> 1: SplitCoins(Gas, [Input(5), Input(6), Input(7), Input(8)]);
//> 2: TransferObjects([NestedResult(0,0), NestedResult(0,1), NestedResult(0,2), NestedResult(0,3)], Input(0));
//> 3: TransferObjects([NestedResult(1,0), NestedResult(1,1), NestedResult(1,2), NestedResult(1,3)], Input(0))
created: object(1,0), object(1,1), object(1,2), object(1,3), object(1,4), object(1,5), object(1,6), object(1,7)
mutated: object(0,0)
gas summary: computation_cost: 1000000, storage_cost: 11764800,  storage_rebate: 0, non_refundable_storage_fee: 0

task 2, line 12:
//# create-checkpoint
Checkpoint created: 1

task 3, lines 14-27:
//# run-graphql
Response: {
  "data": {
    "transactionEffects": {
      "objectChanges": {
        "pageInfo": {
          "hasPreviousPage": false,
          "hasNextPage": false,
          "startCursor": "MA==",
          "endCursor": "OA=="
        },
        "edges": [
          {
            "cursor": "MA==",
            "node": {
              "address": "0x0219d8c6e311f23bed3d8d20dfbdf7ad178b1c0d29344af47210379d8902f25e"
            }
          },
          {
            "cursor": "MQ==",
            "node": {
              "address": "0x0846e1acb8f2838d492a610d35885ff43daa57d97f878880c4b6967a1a0f3268"
            }
          },
          {
            "cursor": "Mg==",
            "node": {
              "address": "0x4e665780c05e582364643db67c426609be581538b3b8c7546d27ee6a07261320"
            }
          },
          {
            "cursor": "Mw==",
            "node": {
              "address": "0x505768efde17f61c23c6ec6e7e4bd2d95b3a271d01d75b47de5a539af066f3d9"
            }
          },
          {
            "cursor": "NA==",
            "node": {
              "address": "0x5c0a3854c7d711d78262b514265d8a8f5b0739522a52beacc1c0083638b3b742"
            }
          },
          {
            "cursor": "NQ==",
            "node": {
              "address": "0x628797f64aa118c5cabdc94e268df21a0f3282336e52098e8a4e5640979db28c"
            }
          },
          {
            "cursor": "Ng==",
            "node": {
              "address": "0xb43734923b2be35d7509d46e09cc9ba046d1169b175652c8fab48d1745001c85"
            }
          },
          {
            "cursor": "Nw==",
            "node": {
              "address": "0xc3a4cc78a91ae58a0365b5184dc4b35839e18f6fccfc0818eed3dcf8be242427"
            }
          },
          {
            "cursor": "OA==",
            "node": {
              "address": "0xcd9d4e5700c836a91ee406e4d376b71eeed3885eebfcfd9e93c56410766a2941"
            }
          }
        ]
      }
    }
  }
}

task 4, lines 29-42:
//# run-graphql
Response: {
  "data": {
    "transactionEffects": {
      "objectChanges": {
        "pageInfo": {
          "hasPreviousPage": false,
          "hasNextPage": true,
          "startCursor": "MA==",
          "endCursor": "Mg=="
        },
        "edges": [
          {
            "cursor": "MA==",
            "node": {
              "address": "0x0219d8c6e311f23bed3d8d20dfbdf7ad178b1c0d29344af47210379d8902f25e"
            }
          },
          {
            "cursor": "MQ==",
            "node": {
              "address": "0x0846e1acb8f2838d492a610d35885ff43daa57d97f878880c4b6967a1a0f3268"
            }
          },
          {
            "cursor": "Mg==",
            "node": {
              "address": "0x4e665780c05e582364643db67c426609be581538b3b8c7546d27ee6a07261320"
            }
          }
        ]
      }
    }
  }
}

task 5, lines 44-57:
//# run-graphql
Response: {
  "data": {
    "transactionEffects": {
      "objectChanges": {
        "pageInfo": {
          "hasPreviousPage": true,
          "hasNextPage": false,
          "startCursor": "Ng==",
          "endCursor": "OA=="
        },
        "edges": [
          {
            "cursor": "Ng==",
            "node": {
              "address": "0xb43734923b2be35d7509d46e09cc9ba046d1169b175652c8fab48d1745001c85"
            }
          },
          {
            "cursor": "Nw==",
            "node": {
              "address": "0xc3a4cc78a91ae58a0365b5184dc4b35839e18f6fccfc0818eed3dcf8be242427"
            }
          },
          {
            "cursor": "OA==",
            "node": {
              "address": "0xcd9d4e5700c836a91ee406e4d376b71eeed3885eebfcfd9e93c56410766a2941"
            }
          }
        ]
      }
    }
  }
}

task 6, lines 59-72:
//# run-graphql --cursors 2
Response: {
  "data": {
    "transactionEffects": {
      "objectChanges": {
        "pageInfo": {
          "hasPreviousPage": true,
          "hasNextPage": true,
          "startCursor": "Mw==",
          "endCursor": "NQ=="
        },
        "edges": [
          {
            "cursor": "Mw==",
            "node": {
              "address": "0x505768efde17f61c23c6ec6e7e4bd2d95b3a271d01d75b47de5a539af066f3d9"
            }
          },
          {
            "cursor": "NA==",
            "node": {
              "address": "0x5c0a3854c7d711d78262b514265d8a8f5b0739522a52beacc1c0083638b3b742"
            }
          },
          {
            "cursor": "NQ==",
            "node": {
              "address": "0x628797f64aa118c5cabdc94e268df21a0f3282336e52098e8a4e5640979db28c"
            }
          }
        ]
      }
    }
  }
}

task 7, lines 74-87:
//# run-graphql --cursors 2
Response: {
  "data": {
    "transactionEffects": {
      "objectChanges": {
        "pageInfo": {
          "hasPreviousPage": true,
          "hasNextPage": false,
          "startCursor": "Ng==",
          "endCursor": "OA=="
        },
        "edges": [
          {
            "cursor": "Ng==",
            "node": {
              "address": "0xb43734923b2be35d7509d46e09cc9ba046d1169b175652c8fab48d1745001c85"
            }
          },
          {
            "cursor": "Nw==",
            "node": {
              "address": "0xc3a4cc78a91ae58a0365b5184dc4b35839e18f6fccfc0818eed3dcf8be242427"
            }
          },
          {
            "cursor": "OA==",
            "node": {
              "address": "0xcd9d4e5700c836a91ee406e4d376b71eeed3885eebfcfd9e93c56410766a2941"
            }
          }
        ]
      }
    }
  }
}

task 8, lines 89-102:
//# run-graphql --cursors 5
Response: {
  "data": {
    "transactionEffects": {
      "objectChanges": {
        "pageInfo": {
          "hasPreviousPage": true,
          "hasNextPage": false,
          "startCursor": "Ng==",
          "endCursor": "OA=="
        },
        "edges": [
          {
            "cursor": "Ng==",
            "node": {
              "address": "0xb43734923b2be35d7509d46e09cc9ba046d1169b175652c8fab48d1745001c85"
            }
          },
          {
            "cursor": "Nw==",
            "node": {
              "address": "0xc3a4cc78a91ae58a0365b5184dc4b35839e18f6fccfc0818eed3dcf8be242427"
            }
          },
          {
            "cursor": "OA==",
            "node": {
              "address": "0xcd9d4e5700c836a91ee406e4d376b71eeed3885eebfcfd9e93c56410766a2941"
            }
          }
        ]
      }
    }
  }
}

task 9, lines 104-117:
//# run-graphql --cursors 5
Response: {
  "data": {
    "transactionEffects": {
      "objectChanges": {
        "pageInfo": {
          "hasPreviousPage": true,
          "hasNextPage": false,
          "startCursor": "Ng==",
          "endCursor": "OA=="
        },
        "edges": [
          {
            "cursor": "Ng==",
            "node": {
              "address": "0xb43734923b2be35d7509d46e09cc9ba046d1169b175652c8fab48d1745001c85"
            }
          },
          {
            "cursor": "Nw==",
            "node": {
              "address": "0xc3a4cc78a91ae58a0365b5184dc4b35839e18f6fccfc0818eed3dcf8be242427"
            }
          },
          {
            "cursor": "OA==",
            "node": {
              "address": "0xcd9d4e5700c836a91ee406e4d376b71eeed3885eebfcfd9e93c56410766a2941"
            }
          }
        ]
      }
    }
  }
}

task 10, lines 119-132:
//# run-graphql --cursors 5
Response: {
  "data": {
    "transactionEffects": {
      "objectChanges": {
        "pageInfo": {
          "hasPreviousPage": true,
          "hasNextPage": true,
          "startCursor": "Mg==",
          "endCursor": "NA=="
        },
        "edges": [
          {
            "cursor": "Mg==",
            "node": {
              "address": "0x4e665780c05e582364643db67c426609be581538b3b8c7546d27ee6a07261320"
            }
          },
          {
            "cursor": "Mw==",
            "node": {
              "address": "0x505768efde17f61c23c6ec6e7e4bd2d95b3a271d01d75b47de5a539af066f3d9"
            }
          },
          {
            "cursor": "NA==",
            "node": {
              "address": "0x5c0a3854c7d711d78262b514265d8a8f5b0739522a52beacc1c0083638b3b742"
            }
          }
        ]
      }
    }
  }
}

task 11, lines 134-147:
//# run-graphql --cursors 5
Response: {
  "data": {
    "transactionEffects": {
      "objectChanges": {
        "pageInfo": {
          "hasPreviousPage": false,
          "hasNextPage": true,
          "startCursor": "MA==",
          "endCursor": "Mg=="
        },
        "edges": [
          {
            "cursor": "MA==",
            "node": {
              "address": "0x0219d8c6e311f23bed3d8d20dfbdf7ad178b1c0d29344af47210379d8902f25e"
            }
          },
          {
            "cursor": "MQ==",
            "node": {
              "address": "0x0846e1acb8f2838d492a610d35885ff43daa57d97f878880c4b6967a1a0f3268"
            }
          },
          {
            "cursor": "Mg==",
            "node": {
              "address": "0x4e665780c05e582364643db67c426609be581538b3b8c7546d27ee6a07261320"
            }
          }
        ]
      }
    }
  }
}

task 12, lines 149-162:
//# run-graphql --cursors 2
Response: {
  "data": {
    "transactionEffects": {
      "objectChanges": {
        "pageInfo": {
          "hasPreviousPage": false,
          "hasNextPage": true,
          "startCursor": "MA==",
          "endCursor": "MQ=="
        },
        "edges": [
          {
            "cursor": "MA==",
            "node": {
              "address": "0x0219d8c6e311f23bed3d8d20dfbdf7ad178b1c0d29344af47210379d8902f25e"
            }
          },
          {
            "cursor": "MQ==",
            "node": {
              "address": "0x0846e1acb8f2838d492a610d35885ff43daa57d97f878880c4b6967a1a0f3268"
            }
          }
        ]
      }
    }
  }
}

task 13, lines 164-177:
//# run-graphql --cursors 2
Response: {
  "data": {
    "transactionEffects": {
      "objectChanges": {
        "pageInfo": {
          "hasPreviousPage": false,
          "hasNextPage": true,
          "startCursor": "MA==",
          "endCursor": "MQ=="
        },
        "edges": [
          {
            "cursor": "MA==",
            "node": {
              "address": "0x0219d8c6e311f23bed3d8d20dfbdf7ad178b1c0d29344af47210379d8902f25e"
            }
          },
          {
            "cursor": "MQ==",
            "node": {
              "address": "0x0846e1acb8f2838d492a610d35885ff43daa57d97f878880c4b6967a1a0f3268"
            }
          }
        ]
      }
    }
  }
}

task 14, lines 179-192:
//# run-graphql --cursors 2 6
Response: {
  "data": {
    "transactionEffects": {
      "objectChanges": {
        "pageInfo": {
          "hasPreviousPage": true,
          "hasNextPage": true,
          "startCursor": "Mw==",
          "endCursor": "NQ=="
        },
        "edges": [
          {
            "cursor": "Mw==",
            "node": {
              "address": "0x505768efde17f61c23c6ec6e7e4bd2d95b3a271d01d75b47de5a539af066f3d9"
            }
          },
          {
            "cursor": "NA==",
            "node": {
              "address": "0x5c0a3854c7d711d78262b514265d8a8f5b0739522a52beacc1c0083638b3b742"
            }
          },
          {
            "cursor": "NQ==",
            "node": {
              "address": "0x628797f64aa118c5cabdc94e268df21a0f3282336e52098e8a4e5640979db28c"
            }
          }
        ]
      }
    }
  }
}

task 15, lines 194-207:
//# run-graphql --cursors 2 6
Response: {
  "data": {
    "transactionEffects": {
      "objectChanges": {
        "pageInfo": {
          "hasPreviousPage": true,
          "hasNextPage": true,
          "startCursor": "Mw==",
          "endCursor": "NA=="
        },
        "edges": [
          {
            "cursor": "Mw==",
            "node": {
              "address": "0x505768efde17f61c23c6ec6e7e4bd2d95b3a271d01d75b47de5a539af066f3d9"
            }
          },
          {
            "cursor": "NA==",
            "node": {
              "address": "0x5c0a3854c7d711d78262b514265d8a8f5b0739522a52beacc1c0083638b3b742"
            }
          }
        ]
      }
    }
  }
}

task 16, lines 209-222:
//# run-graphql --cursors 2 6
Response: {
  "data": {
    "transactionEffects": {
      "objectChanges": {
        "pageInfo": {
          "hasPreviousPage": true,
          "hasNextPage": true,
          "startCursor": "NA==",
          "endCursor": "NQ=="
        },
        "edges": [
          {
            "cursor": "NA==",
            "node": {
              "address": "0x5c0a3854c7d711d78262b514265d8a8f5b0739522a52beacc1c0083638b3b742"
            }
          },
          {
            "cursor": "NQ==",
            "node": {
              "address": "0x628797f64aa118c5cabdc94e268df21a0f3282336e52098e8a4e5640979db28c"
            }
          }
        ]
      }
    }
  }
}
