---
source: external-crates/move/crates/move-transactional-test-runner/src/framework.rs
---
processed 17 tasks

init:
A: object(0,0)

task 1, lines 6-10:
//# programmable --sender A --inputs @A 42 43 44 45 46 47 48 49
//> 0: SplitCoins(Gas, [Input(1), Input(2), Input(3), Input(4)]);
//> 1: SplitCoins(Gas, [Input(5), Input(6), Input(7), Input(8)]);
//> 2: TransferObjects([NestedResult(0,0), NestedResult(0,1), NestedResult(0,2), NestedResult(0,3)], Input(0));
//> 3: TransferObjects([NestedResult(1,0), NestedResult(1,1), NestedResult(1,2), NestedResult(1,3)], Input(0))
created: object(1,0), object(1,1), object(1,2), object(1,3), object(1,4), object(1,5), object(1,6), object(1,7)
mutated: object(0,0)
gas summary: computation_cost: 1000000, storage_cost: 11764800,  storage_rebate: 0, non_refundable_storage_fee: 0

task 2, line 12:
//# create-checkpoint
Checkpoint created: 1

task 3, lines 14-27:
//# run-graphql
Response: {
  "data": {
    "transactionEffects": {
      "objectChanges": {
        "pageInfo": {
          "hasPreviousPage": false,
          "hasNextPage": false,
          "startCursor": "MA==",
          "endCursor": "OA=="
        },
        "edges": [
          {
            "cursor": "MA==",
            "node": {
              "address": "0x0df1dc410e5cf62ee6629ffb1ec4467142c6f4133e3559694fbd811b2ff08806"
            }
          },
          {
            "cursor": "MQ==",
            "node": {
              "address": "0x103acc9c23d0ec79905702705086cef55c459a8269d8a7a41a3211cd6cdea011"
            }
          },
          {
            "cursor": "Mg==",
            "node": {
              "address": "0x396aa961343e3334450799ac51645e81089cf7dd263acc89b9753f7f341468c7"
            }
          },
          {
            "cursor": "Mw==",
            "node": {
              "address": "0x4c10c4e0d36028dd9a6afb0306ff4f9ae94f5680633eb9f6b608fa39b02446d5"
            }
          },
          {
            "cursor": "NA==",
            "node": {
              "address": "0x5da0d0af6a288816e7a1af93a582c27a4a5f8b8e37ac0b83b505507243f1fb80"
            }
          },
          {
            "cursor": "NQ==",
            "node": {
              "address": "0xa8108e09fbd7f5878fc792320fb6b0886d51a85f73896e490528dbbc80e680ad"
            }
          },
          {
            "cursor": "Ng==",
            "node": {
              "address": "0xb193b8e6130973dda7008f9f763361fb54e9343b0d56c1f8d2329fad6d59becd"
            }
          },
          {
            "cursor": "Nw==",
            "node": {
              "address": "0xb43734923b2be35d7509d46e09cc9ba046d1169b175652c8fab48d1745001c85"
            }
          },
          {
            "cursor": "OA==",
            "node": {
              "address": "0xbd22e4763e7b06d28020d79075ad68612990b4fcb8b87f03ef157e6bfdd451f3"
            }
          }
        ]
      }
    }
  }
}

task 4, lines 29-42:
//# run-graphql
Response: {
  "data": {
    "transactionEffects": {
      "objectChanges": {
        "pageInfo": {
          "hasPreviousPage": false,
          "hasNextPage": true,
          "startCursor": "MA==",
          "endCursor": "Mg=="
        },
        "edges": [
          {
            "cursor": "MA==",
            "node": {
              "address": "0x0df1dc410e5cf62ee6629ffb1ec4467142c6f4133e3559694fbd811b2ff08806"
            }
          },
          {
            "cursor": "MQ==",
            "node": {
              "address": "0x103acc9c23d0ec79905702705086cef55c459a8269d8a7a41a3211cd6cdea011"
            }
          },
          {
            "cursor": "Mg==",
            "node": {
              "address": "0x396aa961343e3334450799ac51645e81089cf7dd263acc89b9753f7f341468c7"
            }
          }
        ]
      }
    }
  }
}

task 5, lines 44-57:
//# run-graphql
Response: {
  "data": {
    "transactionEffects": {
      "objectChanges": {
        "pageInfo": {
          "hasPreviousPage": true,
          "hasNextPage": false,
          "startCursor": "Ng==",
          "endCursor": "OA=="
        },
        "edges": [
          {
            "cursor": "Ng==",
            "node": {
              "address": "0xb193b8e6130973dda7008f9f763361fb54e9343b0d56c1f8d2329fad6d59becd"
            }
          },
          {
            "cursor": "Nw==",
            "node": {
              "address": "0xb43734923b2be35d7509d46e09cc9ba046d1169b175652c8fab48d1745001c85"
            }
          },
          {
            "cursor": "OA==",
            "node": {
              "address": "0xbd22e4763e7b06d28020d79075ad68612990b4fcb8b87f03ef157e6bfdd451f3"
            }
          }
        ]
      }
    }
  }
}

task 6, lines 59-72:
//# run-graphql --cursors 2
Response: {
  "data": {
    "transactionEffects": {
      "objectChanges": {
        "pageInfo": {
          "hasPreviousPage": true,
          "hasNextPage": true,
          "startCursor": "Mw==",
          "endCursor": "NQ=="
        },
        "edges": [
          {
            "cursor": "Mw==",
            "node": {
              "address": "0x4c10c4e0d36028dd9a6afb0306ff4f9ae94f5680633eb9f6b608fa39b02446d5"
            }
          },
          {
            "cursor": "NA==",
            "node": {
              "address": "0x5da0d0af6a288816e7a1af93a582c27a4a5f8b8e37ac0b83b505507243f1fb80"
            }
          },
          {
            "cursor": "NQ==",
            "node": {
              "address": "0xa8108e09fbd7f5878fc792320fb6b0886d51a85f73896e490528dbbc80e680ad"
            }
          }
        ]
      }
    }
  }
}

task 7, lines 74-87:
//# run-graphql --cursors 2
Response: {
  "data": {
    "transactionEffects": {
      "objectChanges": {
        "pageInfo": {
          "hasPreviousPage": true,
          "hasNextPage": false,
          "startCursor": "Ng==",
          "endCursor": "OA=="
        },
        "edges": [
          {
            "cursor": "Ng==",
            "node": {
              "address": "0xb193b8e6130973dda7008f9f763361fb54e9343b0d56c1f8d2329fad6d59becd"
            }
          },
          {
            "cursor": "Nw==",
            "node": {
              "address": "0xb43734923b2be35d7509d46e09cc9ba046d1169b175652c8fab48d1745001c85"
            }
          },
          {
            "cursor": "OA==",
            "node": {
              "address": "0xbd22e4763e7b06d28020d79075ad68612990b4fcb8b87f03ef157e6bfdd451f3"
            }
          }
        ]
      }
    }
  }
}

task 8, lines 89-102:
//# run-graphql --cursors 5
Response: {
  "data": {
    "transactionEffects": {
      "objectChanges": {
        "pageInfo": {
          "hasPreviousPage": true,
          "hasNextPage": false,
          "startCursor": "Ng==",
          "endCursor": "OA=="
        },
        "edges": [
          {
            "cursor": "Ng==",
            "node": {
              "address": "0xb193b8e6130973dda7008f9f763361fb54e9343b0d56c1f8d2329fad6d59becd"
            }
          },
          {
            "cursor": "Nw==",
            "node": {
              "address": "0xb43734923b2be35d7509d46e09cc9ba046d1169b175652c8fab48d1745001c85"
            }
          },
          {
            "cursor": "OA==",
            "node": {
              "address": "0xbd22e4763e7b06d28020d79075ad68612990b4fcb8b87f03ef157e6bfdd451f3"
            }
          }
        ]
      }
    }
  }
}

task 9, lines 104-117:
//# run-graphql --cursors 5
Response: {
  "data": {
    "transactionEffects": {
      "objectChanges": {
        "pageInfo": {
          "hasPreviousPage": true,
          "hasNextPage": false,
          "startCursor": "Ng==",
          "endCursor": "OA=="
        },
        "edges": [
          {
            "cursor": "Ng==",
            "node": {
              "address": "0xb193b8e6130973dda7008f9f763361fb54e9343b0d56c1f8d2329fad6d59becd"
            }
          },
          {
            "cursor": "Nw==",
            "node": {
              "address": "0xb43734923b2be35d7509d46e09cc9ba046d1169b175652c8fab48d1745001c85"
            }
          },
          {
            "cursor": "OA==",
            "node": {
              "address": "0xbd22e4763e7b06d28020d79075ad68612990b4fcb8b87f03ef157e6bfdd451f3"
            }
          }
        ]
      }
    }
  }
}

task 10, lines 119-132:
//# run-graphql --cursors 5
Response: {
  "data": {
    "transactionEffects": {
      "objectChanges": {
        "pageInfo": {
          "hasPreviousPage": true,
          "hasNextPage": true,
          "startCursor": "Mg==",
          "endCursor": "NA=="
        },
        "edges": [
          {
            "cursor": "Mg==",
            "node": {
              "address": "0x396aa961343e3334450799ac51645e81089cf7dd263acc89b9753f7f341468c7"
            }
          },
          {
            "cursor": "Mw==",
            "node": {
              "address": "0x4c10c4e0d36028dd9a6afb0306ff4f9ae94f5680633eb9f6b608fa39b02446d5"
            }
          },
          {
            "cursor": "NA==",
            "node": {
              "address": "0x5da0d0af6a288816e7a1af93a582c27a4a5f8b8e37ac0b83b505507243f1fb80"
            }
          }
        ]
      }
    }
  }
}

task 11, lines 134-147:
//# run-graphql --cursors 5
Response: {
  "data": {
    "transactionEffects": {
      "objectChanges": {
        "pageInfo": {
          "hasPreviousPage": false,
          "hasNextPage": true,
          "startCursor": "MA==",
          "endCursor": "Mg=="
        },
        "edges": [
          {
            "cursor": "MA==",
            "node": {
              "address": "0x0df1dc410e5cf62ee6629ffb1ec4467142c6f4133e3559694fbd811b2ff08806"
            }
          },
          {
            "cursor": "MQ==",
            "node": {
              "address": "0x103acc9c23d0ec79905702705086cef55c459a8269d8a7a41a3211cd6cdea011"
            }
          },
          {
            "cursor": "Mg==",
            "node": {
              "address": "0x396aa961343e3334450799ac51645e81089cf7dd263acc89b9753f7f341468c7"
            }
          }
        ]
      }
    }
  }
}

task 12, lines 149-162:
//# run-graphql --cursors 2
Response: {
  "data": {
    "transactionEffects": {
      "objectChanges": {
        "pageInfo": {
          "hasPreviousPage": false,
          "hasNextPage": true,
          "startCursor": "MA==",
          "endCursor": "MQ=="
        },
        "edges": [
          {
            "cursor": "MA==",
            "node": {
              "address": "0x0df1dc410e5cf62ee6629ffb1ec4467142c6f4133e3559694fbd811b2ff08806"
            }
          },
          {
            "cursor": "MQ==",
            "node": {
              "address": "0x103acc9c23d0ec79905702705086cef55c459a8269d8a7a41a3211cd6cdea011"
            }
          }
        ]
      }
    }
  }
}

task 13, lines 164-177:
//# run-graphql --cursors 2
Response: {
  "data": {
    "transactionEffects": {
      "objectChanges": {
        "pageInfo": {
          "hasPreviousPage": false,
          "hasNextPage": true,
          "startCursor": "MA==",
          "endCursor": "MQ=="
        },
        "edges": [
          {
            "cursor": "MA==",
            "node": {
              "address": "0x0df1dc410e5cf62ee6629ffb1ec4467142c6f4133e3559694fbd811b2ff08806"
            }
          },
          {
            "cursor": "MQ==",
            "node": {
              "address": "0x103acc9c23d0ec79905702705086cef55c459a8269d8a7a41a3211cd6cdea011"
            }
          }
        ]
      }
    }
  }
}

task 14, lines 179-192:
//# run-graphql --cursors 2 6
Response: {
  "data": {
    "transactionEffects": {
      "objectChanges": {
        "pageInfo": {
          "hasPreviousPage": true,
          "hasNextPage": true,
          "startCursor": "Mw==",
          "endCursor": "NQ=="
        },
        "edges": [
          {
            "cursor": "Mw==",
            "node": {
              "address": "0x4c10c4e0d36028dd9a6afb0306ff4f9ae94f5680633eb9f6b608fa39b02446d5"
            }
          },
          {
            "cursor": "NA==",
            "node": {
              "address": "0x5da0d0af6a288816e7a1af93a582c27a4a5f8b8e37ac0b83b505507243f1fb80"
            }
          },
          {
            "cursor": "NQ==",
            "node": {
              "address": "0xa8108e09fbd7f5878fc792320fb6b0886d51a85f73896e490528dbbc80e680ad"
            }
          }
        ]
      }
    }
  }
}

task 15, lines 194-207:
//# run-graphql --cursors 2 6
Response: {
  "data": {
    "transactionEffects": {
      "objectChanges": {
        "pageInfo": {
          "hasPreviousPage": true,
          "hasNextPage": true,
          "startCursor": "Mw==",
          "endCursor": "NA=="
        },
        "edges": [
          {
            "cursor": "Mw==",
            "node": {
              "address": "0x4c10c4e0d36028dd9a6afb0306ff4f9ae94f5680633eb9f6b608fa39b02446d5"
            }
          },
          {
            "cursor": "NA==",
            "node": {
              "address": "0x5da0d0af6a288816e7a1af93a582c27a4a5f8b8e37ac0b83b505507243f1fb80"
            }
          }
        ]
      }
    }
  }
}

task 16, lines 209-222:
//# run-graphql --cursors 2 6
Response: {
  "data": {
    "transactionEffects": {
      "objectChanges": {
        "pageInfo": {
          "hasPreviousPage": true,
          "hasNextPage": true,
          "startCursor": "NA==",
          "endCursor": "NQ=="
        },
        "edges": [
          {
            "cursor": "NA==",
            "node": {
              "address": "0x5da0d0af6a288816e7a1af93a582c27a4a5f8b8e37ac0b83b505507243f1fb80"
            }
          },
          {
            "cursor": "NQ==",
            "node": {
              "address": "0xa8108e09fbd7f5878fc792320fb6b0886d51a85f73896e490528dbbc80e680ad"
            }
          }
        ]
      }
    }
  }
}
