---
source: external-crates/move/crates/move-transactional-test-runner/src/framework.rs
---
processed 19 tasks

init:
A: object(0,0), B: object(0,1)

task 1, lines 6-8:
//# programmable --sender A --inputs 42
//> 0: SplitCoins(Gas, [Input(0)]);
//> 1: MergeCoins(Gas, [Result(0)])
mutated: object(0,0)
gas summary: computation_cost: 1000000, storage_cost: 1307200,  storage_rebate: 0, non_refundable_storage_fee: 0

task 2, lines 10-52:
//# publish
created: object(2,0)
mutated: object(0,2)
gas summary: computation_cost: 1000000, storage_cost: 7797600,  storage_rebate: 0, non_refundable_storage_fee: 0

task 3, lines 54-56:
//# programmable --sender A --inputs @A
//> 0: P::M::outer();
//> 1: TransferObjects([Result(0)], Input(0))
created: object(3,0)
mutated: object(0,0)
gas summary: computation_cost: 1000000, storage_cost: 2553600,  storage_rebate: 1294128, non_refundable_storage_fee: 13072

task 4, lines 58-60:
//# programmable --sender A --inputs @A
//> 0: P::M::inner();
//> 1: TransferObjects([Result(0)], Input(0))
created: object(4,0)
mutated: object(0,0)
gas summary: computation_cost: 1000000, storage_cost: 2606800,  storage_rebate: 1294128, non_refundable_storage_fee: 13072

task 5, lines 62-63:
//# programmable --sender A --inputs object(4,0)
//> 0: P::M::inc(Input(0))
mutated: object(0,0), object(4,0)
gas summary: computation_cost: 1000000, storage_cost: 2606800,  storage_rebate: 2580732, non_refundable_storage_fee: 26068

task 6, lines 65-66:
//# programmable --sender A --inputs object(3,0) object(4,0) @B
//> 0: TransferObjects([Input(0), Input(1)], Input(2))
mutated: object(0,0), object(3,0), object(4,0)
gas summary: computation_cost: 1000000, storage_cost: 3853200,  storage_rebate: 3814668, non_refundable_storage_fee: 38532

task 7, lines 68-69:
//# programmable --sender B --inputs object(3,0) object(4,0)
//> 0: P::M::wrap(Input(0), Input(1))
mutated: object(0,1), object(3,0)
wrapped: object(4,0)
gas summary: computation_cost: 1000000, storage_cost: 2857600,  storage_rebate: 2520540, non_refundable_storage_fee: 25460

task 8, lines 71-73:
//# programmable --sender B --inputs object(3,0) @B
//> 0: P::M::unwrap(Input(0));
//> 1: TransferObjects([Result(0)], Input(1))
mutated: object(0,1), object(3,0)
unwrapped: object(4,0)
gas summary: computation_cost: 1000000, storage_cost: 3853200,  storage_rebate: 2829024, non_refundable_storage_fee: 28576

task 9, lines 75-76:
//# programmable --sender B --inputs object(4,0)
//> 0: P::M::burn(Input(0))
mutated: object(0,1)
deleted: object(4,0)
gas summary: computation_cost: 1000000, storage_cost: 1307200,  storage_rebate: 2580732, non_refundable_storage_fee: 26068

task 10, line 78:
//# create-checkpoint
Checkpoint created: 1

task 11, lines 80-96:
//# run-graphql
Response: {
  "data": {
    "transactionEffects": {
      "objectChanges": {
        "edges": [
          {
            "cursor": "MA==",
            "node": {
              "address": "0x4c032f4787a960f7d12e78ce112e42cf1176d9f796d5bb80bf22f1466859185c",
              "inputState": {
                "address": "0x4c032f4787a960f7d12e78ce112e42cf1176d9f796d5bb80bf22f1466859185c",
                "version": 1,
                "digest": "2d9BcRkGY2vyTddwkSpiV1QwyHHn5Bujz552rrD1bVZf"
              },
              "outputState": {
                "address": "0x4c032f4787a960f7d12e78ce112e42cf1176d9f796d5bb80bf22f1466859185c",
                "version": 2,
                "digest": "DzJZg62fuFhLhPefSYPDTAbDqDYR3vEAZDhHyCxUH2Hi"
              },
              "idCreated": false,
              "idDeleted": false
            }
          }
        ]
      }
    }
  }
}

task 12, lines 98-114:
//# run-graphql
Response: {
  "data": {
    "transactionEffects": {
      "objectChanges": {
        "edges": [
          {
            "cursor": "MA==",
            "node": {
              "address": "0x03522437ad510cb070491becd27aa29c1823e14fe1b5122f911b2080ad52d1b8",
              "inputState": null,
              "outputState": {
                "address": "0x03522437ad510cb070491becd27aa29c1823e14fe1b5122f911b2080ad52d1b8",
                "version": 1,
                "digest": "6EJfX6HcGTSEKLstms9TEGz7Le3y85AoR8E3UN7gEJiR"
              },
              "idCreated": true,
              "idDeleted": false
            }
          },
          {
            "cursor": "MQ==",
            "node": {
              "address": "0xe66bcf4f13290d18ea52925faa01c54a36cc398046f9bc7e1b732a7fea46e50e",
              "inputState": {
                "address": "0xe66bcf4f13290d18ea52925faa01c54a36cc398046f9bc7e1b732a7fea46e50e",
                "version": 1,
                "digest": "734RWiHVYfZdKLkBf8HXS68VGKDdjNKg3u1ApjFLdpKh"
              },
              "outputState": {
                "address": "0xe66bcf4f13290d18ea52925faa01c54a36cc398046f9bc7e1b732a7fea46e50e",
                "version": 2,
                "digest": "CpgFsw1BYuwNvApKWmcJCzBB7boEtMcKMsvLTa7JvPbo"
              },
              "idCreated": false,
              "idDeleted": false
            }
          }
        ]
      }
    }
  }
}

task 13, lines 116-147:
//# run-graphql
Response: {
  "data": {
    "outer": {
      "objectChanges": {
        "edges": [
          {
            "cursor": "MA==",
            "node": {
              "address": "0x39c7d8f96499718ecd56d2bd24e63472eed89a45fde0cd109be7674e4754d16f",
              "inputState": null,
              "outputState": {
                "address": "0x39c7d8f96499718ecd56d2bd24e63472eed89a45fde0cd109be7674e4754d16f",
                "version": 3,
                "digest": "3fX5YvsEHRJ6ySu5LhjPhoG4k7T2CzDdwEKAvqvhgUKA"
              },
              "idCreated": true,
              "idDeleted": false
            }
          },
          {
            "cursor": "MQ==",
            "node": {
              "address": "0x4c032f4787a960f7d12e78ce112e42cf1176d9f796d5bb80bf22f1466859185c",
              "inputState": {
                "address": "0x4c032f4787a960f7d12e78ce112e42cf1176d9f796d5bb80bf22f1466859185c",
                "version": 2,
                "digest": "DzJZg62fuFhLhPefSYPDTAbDqDYR3vEAZDhHyCxUH2Hi"
              },
              "outputState": {
                "address": "0x4c032f4787a960f7d12e78ce112e42cf1176d9f796d5bb80bf22f1466859185c",
                "version": 3,
                "digest": "2wzPB84Kss1t6vKBLGbKzSRq8LYBbG9RZThaBLJUqd5o"
              },
              "idCreated": false,
              "idDeleted": false
            }
          }
        ]
      }
    },
    "inner": {
      "objectChanges": {
        "edges": [
          {
            "cursor": "MA==",
            "node": {
              "address": "0x4c032f4787a960f7d12e78ce112e42cf1176d9f796d5bb80bf22f1466859185c",
              "inputState": {
                "address": "0x4c032f4787a960f7d12e78ce112e42cf1176d9f796d5bb80bf22f1466859185c",
                "version": 3,
                "digest": "2wzPB84Kss1t6vKBLGbKzSRq8LYBbG9RZThaBLJUqd5o"
              },
              "outputState": {
                "address": "0x4c032f4787a960f7d12e78ce112e42cf1176d9f796d5bb80bf22f1466859185c",
                "version": 4,
                "digest": "9SrLScLWtH8c9W7B7JNPb5EJHCXdKibKYjJSx8Wr8Br"
              },
              "idCreated": false,
              "idDeleted": false
            }
          },
          {
            "cursor": "MQ==",
            "node": {
              "address": "0xd01109374e879ede68ec7940a93adc7561d7cc123929f233df3dc368fd198502",
              "inputState": null,
              "outputState": {
                "address": "0xd01109374e879ede68ec7940a93adc7561d7cc123929f233df3dc368fd198502",
                "version": 4,
                "digest": "9UUNCKBw6bzNsqLRXa7arvbgRyA1LpW4L48Yy44ggww2"
              },
              "idCreated": true,
              "idDeleted": false
            }
          }
        ]
      }
    }
  }
}

task 14, lines 149-165:
//# run-graphql
Response: {
  "data": {
    "transactionEffects": {
      "objectChanges": {
        "edges": [
          {
            "cursor": "MA==",
            "node": {
              "address": "0x4c032f4787a960f7d12e78ce112e42cf1176d9f796d5bb80bf22f1466859185c",
              "inputState": {
                "address": "0x4c032f4787a960f7d12e78ce112e42cf1176d9f796d5bb80bf22f1466859185c",
                "version": 4,
                "digest": "9SrLScLWtH8c9W7B7JNPb5EJHCXdKibKYjJSx8Wr8Br"
              },
              "outputState": {
                "address": "0x4c032f4787a960f7d12e78ce112e42cf1176d9f796d5bb80bf22f1466859185c",
                "version": 5,
                "digest": "93RdZdz6Bb4SfCLedJW9pxPWpBLRxGURESr7XNoXKff7"
              },
              "idCreated": false,
              "idDeleted": false
            }
          },
          {
            "cursor": "MQ==",
            "node": {
              "address": "0xd01109374e879ede68ec7940a93adc7561d7cc123929f233df3dc368fd198502",
              "inputState": {
                "address": "0xd01109374e879ede68ec7940a93adc7561d7cc123929f233df3dc368fd198502",
                "version": 4,
                "digest": "9UUNCKBw6bzNsqLRXa7arvbgRyA1LpW4L48Yy44ggww2"
              },
              "outputState": {
                "address": "0xd01109374e879ede68ec7940a93adc7561d7cc123929f233df3dc368fd198502",
                "version": 5,
                "digest": "9nTfCUtTaDUNdeapsSUtkP9HgyB2HAeu9QkM6WSC76ir"
              },
              "idCreated": false,
              "idDeleted": false
            }
          }
        ]
      }
    }
  }
}

task 15, lines 167-183:
//# run-graphql
Response: {
  "data": {
    "transactionEffects": {
      "objectChanges": {
        "edges": [
          {
            "cursor": "MA==",
            "node": {
              "address": "0x39c7d8f96499718ecd56d2bd24e63472eed89a45fde0cd109be7674e4754d16f",
              "inputState": {
                "address": "0x39c7d8f96499718ecd56d2bd24e63472eed89a45fde0cd109be7674e4754d16f",
                "version": 3,
                "digest": "3fX5YvsEHRJ6ySu5LhjPhoG4k7T2CzDdwEKAvqvhgUKA"
              },
              "outputState": {
                "address": "0x39c7d8f96499718ecd56d2bd24e63472eed89a45fde0cd109be7674e4754d16f",
                "version": 6,
                "digest": "Fny2oXbuMoifhNZRJZawwynmPGbPX1dzyodDZHN9FCQa"
              },
              "idCreated": false,
              "idDeleted": false
            }
          },
          {
            "cursor": "MQ==",
            "node": {
              "address": "0x4c032f4787a960f7d12e78ce112e42cf1176d9f796d5bb80bf22f1466859185c",
              "inputState": {
                "address": "0x4c032f4787a960f7d12e78ce112e42cf1176d9f796d5bb80bf22f1466859185c",
                "version": 5,
                "digest": "93RdZdz6Bb4SfCLedJW9pxPWpBLRxGURESr7XNoXKff7"
              },
              "outputState": {
                "address": "0x4c032f4787a960f7d12e78ce112e42cf1176d9f796d5bb80bf22f1466859185c",
                "version": 6,
                "digest": "Gn6gSTKW1ppiA8K6jnEagDnWsbeD53gv9jnMagjL6omS"
              },
              "idCreated": false,
              "idDeleted": false
            }
          },
          {
            "cursor": "Mg==",
            "node": {
              "address": "0xd01109374e879ede68ec7940a93adc7561d7cc123929f233df3dc368fd198502",
              "inputState": {
                "address": "0xd01109374e879ede68ec7940a93adc7561d7cc123929f233df3dc368fd198502",
                "version": 5,
                "digest": "9nTfCUtTaDUNdeapsSUtkP9HgyB2HAeu9QkM6WSC76ir"
              },
              "outputState": {
                "address": "0xd01109374e879ede68ec7940a93adc7561d7cc123929f233df3dc368fd198502",
                "version": 6,
                "digest": "DDbk8aD4KD89tuJ1EV5EGZ3KecSXQww6v1H26Q7foXb5"
              },
              "idCreated": false,
              "idDeleted": false
            }
          }
        ]
      }
    }
  }
}

task 16, lines 185-201:
//# run-graphql
Response: {
  "data": {
    "transactionEffects": {
      "objectChanges": {
        "edges": [
          {
            "cursor": "MA==",
            "node": {
              "address": "0x39c7d8f96499718ecd56d2bd24e63472eed89a45fde0cd109be7674e4754d16f",
              "inputState": {
                "address": "0x39c7d8f96499718ecd56d2bd24e63472eed89a45fde0cd109be7674e4754d16f",
                "version": 6,
                "digest": "Fny2oXbuMoifhNZRJZawwynmPGbPX1dzyodDZHN9FCQa"
              },
              "outputState": {
                "address": "0x39c7d8f96499718ecd56d2bd24e63472eed89a45fde0cd109be7674e4754d16f",
                "version": 7,
                "digest": "8im2cVK4VxkNeMqFG2JJjbGmJWEmUNvgCApccVcNCyju"
              },
              "idCreated": false,
              "idDeleted": false
            }
          },
          {
            "cursor": "MQ==",
            "node": {
              "address": "0xd01109374e879ede68ec7940a93adc7561d7cc123929f233df3dc368fd198502",
              "inputState": {
                "address": "0xd01109374e879ede68ec7940a93adc7561d7cc123929f233df3dc368fd198502",
                "version": 6,
                "digest": "DDbk8aD4KD89tuJ1EV5EGZ3KecSXQww6v1H26Q7foXb5"
              },
              "outputState": null,
              "idCreated": false,
              "idDeleted": false
            }
          },
          {
            "cursor": "Mg==",
            "node": {
              "address": "0xdd6d983778a0e79298ed16ff6a02366dc727aeca638205f40474aa5f62697072",
              "inputState": {
                "address": "0xdd6d983778a0e79298ed16ff6a02366dc727aeca638205f40474aa5f62697072",
                "version": 1,
                "digest": "C26EVkUmSSUzWE5SB7f5iweoMVZawtr33jfKicR7txt3"
              },
              "outputState": {
                "address": "0xdd6d983778a0e79298ed16ff6a02366dc727aeca638205f40474aa5f62697072",
                "version": 7,
                "digest": "5y2dWHHTeQqCJ6XuTA7ur5tDGw6Jg2WzbJi591ziRsBS"
              },
              "idCreated": false,
              "idDeleted": false
            }
          }
        ]
      }
    }
  }
}

task 17, lines 203-219:
//# run-graphql
Response: {
  "data": {
    "transactionEffects": {
      "objectChanges": {
        "edges": [
          {
            "cursor": "MA==",
            "node": {
              "address": "0x39c7d8f96499718ecd56d2bd24e63472eed89a45fde0cd109be7674e4754d16f",
              "inputState": {
                "address": "0x39c7d8f96499718ecd56d2bd24e63472eed89a45fde0cd109be7674e4754d16f",
                "version": 7,
                "digest": "8im2cVK4VxkNeMqFG2JJjbGmJWEmUNvgCApccVcNCyju"
              },
              "outputState": {
                "address": "0x39c7d8f96499718ecd56d2bd24e63472eed89a45fde0cd109be7674e4754d16f",
                "version": 8,
                "digest": "DMxkWT6vEeiJTLymxv3USXrKEHmTPv7H2nC2KrqwRnQz"
              },
              "idCreated": false,
              "idDeleted": false
            }
          },
          {
            "cursor": "MQ==",
            "node": {
              "address": "0xd01109374e879ede68ec7940a93adc7561d7cc123929f233df3dc368fd198502",
              "inputState": null,
              "outputState": {
                "address": "0xd01109374e879ede68ec7940a93adc7561d7cc123929f233df3dc368fd198502",
                "version": 8,
                "digest": "8dm8GTdCYcsFcaaqSbU7ob6nPjkJFfWkWeddGtU139KM"
              },
              "idCreated": false,
              "idDeleted": false
            }
          },
          {
            "cursor": "Mg==",
            "node": {
              "address": "0xdd6d983778a0e79298ed16ff6a02366dc727aeca638205f40474aa5f62697072",
              "inputState": {
                "address": "0xdd6d983778a0e79298ed16ff6a02366dc727aeca638205f40474aa5f62697072",
                "version": 7,
                "digest": "5y2dWHHTeQqCJ6XuTA7ur5tDGw6Jg2WzbJi591ziRsBS"
              },
              "outputState": {
                "address": "0xdd6d983778a0e79298ed16ff6a02366dc727aeca638205f40474aa5f62697072",
                "version": 8,
                "digest": "6Gq7HKMZ7iw3sykgTpw5Q83EjqrwXa1ZPLpv8XsMWerh"
              },
              "idCreated": false,
              "idDeleted": false
            }
          }
        ]
      }
    }
  }
}

task 18, lines 221-237:
//# run-graphql
Response: {
  "data": {
    "transactionEffects": {
      "objectChanges": {
        "edges": [
          {
            "cursor": "MA==",
            "node": {
              "address": "0xd01109374e879ede68ec7940a93adc7561d7cc123929f233df3dc368fd198502",
              "inputState": {
                "address": "0xd01109374e879ede68ec7940a93adc7561d7cc123929f233df3dc368fd198502",
                "version": 8,
                "digest": "8dm8GTdCYcsFcaaqSbU7ob6nPjkJFfWkWeddGtU139KM"
              },
              "outputState": null,
              "idCreated": false,
              "idDeleted": true
            }
          },
          {
            "cursor": "MQ==",
            "node": {
              "address": "0xdd6d983778a0e79298ed16ff6a02366dc727aeca638205f40474aa5f62697072",
              "inputState": {
                "address": "0xdd6d983778a0e79298ed16ff6a02366dc727aeca638205f40474aa5f62697072",
                "version": 8,
                "digest": "6Gq7HKMZ7iw3sykgTpw5Q83EjqrwXa1ZPLpv8XsMWerh"
              },
              "outputState": {
                "address": "0xdd6d983778a0e79298ed16ff6a02366dc727aeca638205f40474aa5f62697072",
                "version": 9,
                "digest": "JB4BwxvThDVhNk8K4pC9iwXh5Mxwk2R85t46LgSACD1m"
              },
              "idCreated": false,
              "idDeleted": false
            }
          }
        ]
      }
    }
  }
}
