---
source: external-crates/move/crates/move-transactional-test-runner/src/framework.rs
---
processed 19 tasks

init:
A: object(0,0), B: object(0,1)

task 1, lines 6-8:
//# programmable --sender A --inputs 42
//> 0: SplitCoins(Gas, [Input(0)]);
//> 1: MergeCoins(Gas, [Result(0)])
mutated: object(0,0)
gas summary: computation_cost: 1000000, storage_cost: 1307200,  storage_rebate: 0, non_refundable_storage_fee: 0

task 2, lines 10-52:
//# publish
created: object(2,0)
mutated: object(0,2)
gas summary: computation_cost: 1000000, storage_cost: 7797600,  storage_rebate: 0, non_refundable_storage_fee: 0

task 3, lines 54-56:
//# programmable --sender A --inputs @A
//> 0: P::M::outer();
//> 1: TransferObjects([Result(0)], Input(0))
created: object(3,0)
mutated: object(0,0)
gas summary: computation_cost: 1000000, storage_cost: 2553600,  storage_rebate: 1294128, non_refundable_storage_fee: 13072

task 4, lines 58-60:
//# programmable --sender A --inputs @A
//> 0: P::M::inner();
//> 1: TransferObjects([Result(0)], Input(0))
created: object(4,0)
mutated: object(0,0)
gas summary: computation_cost: 1000000, storage_cost: 2606800,  storage_rebate: 1294128, non_refundable_storage_fee: 13072

task 5, lines 62-63:
//# programmable --sender A --inputs object(4,0)
//> 0: P::M::inc(Input(0))
mutated: object(0,0), object(4,0)
gas summary: computation_cost: 1000000, storage_cost: 2606800,  storage_rebate: 2580732, non_refundable_storage_fee: 26068

task 6, lines 65-66:
//# programmable --sender A --inputs object(3,0) object(4,0) @B
//> 0: TransferObjects([Input(0), Input(1)], Input(2))
mutated: object(0,0), object(3,0), object(4,0)
gas summary: computation_cost: 1000000, storage_cost: 3853200,  storage_rebate: 3814668, non_refundable_storage_fee: 38532

task 7, lines 68-69:
//# programmable --sender B --inputs object(3,0) object(4,0)
//> 0: P::M::wrap(Input(0), Input(1))
mutated: object(0,1), object(3,0)
wrapped: object(4,0)
gas summary: computation_cost: 1000000, storage_cost: 2857600,  storage_rebate: 2520540, non_refundable_storage_fee: 25460

task 8, lines 71-73:
//# programmable --sender B --inputs object(3,0) @B
//> 0: P::M::unwrap(Input(0));
//> 1: TransferObjects([Result(0)], Input(1))
mutated: object(0,1), object(3,0)
unwrapped: object(4,0)
gas summary: computation_cost: 1000000, storage_cost: 3853200,  storage_rebate: 2829024, non_refundable_storage_fee: 28576

task 9, lines 75-76:
//# programmable --sender B --inputs object(4,0)
//> 0: P::M::burn(Input(0))
mutated: object(0,1)
deleted: object(4,0)
gas summary: computation_cost: 1000000, storage_cost: 1307200,  storage_rebate: 2580732, non_refundable_storage_fee: 26068

task 10, line 78:
//# create-checkpoint
Checkpoint created: 1

task 11, lines 80-96:
//# run-graphql
Response: {
  "data": {
    "transactionEffects": {
      "objectChanges": {
        "edges": [
          {
            "cursor": "MA==",
            "node": {
              "address": "0x4c032f4787a960f7d12e78ce112e42cf1176d9f796d5bb80bf22f1466859185c",
              "inputState": {
                "address": "0x4c032f4787a960f7d12e78ce112e42cf1176d9f796d5bb80bf22f1466859185c",
                "version": 1,
                "digest": "E7HCZSQweuBdf1ytrfdNPKjCF3pEjpF5HnUJ99FDGB9A"
              },
              "outputState": {
                "address": "0x4c032f4787a960f7d12e78ce112e42cf1176d9f796d5bb80bf22f1466859185c",
                "version": 2,
                "digest": "4osooeoSvVhmx8BeVkA8D9iJXToqzdhyT5ad76RnhoMH"
              },
              "idCreated": false,
              "idDeleted": false
            }
          }
        ]
      }
    }
  }
}

task 12, lines 98-114:
//# run-graphql
Response: {
  "data": {
    "transactionEffects": {
      "objectChanges": {
        "edges": [
          {
            "cursor": "MA==",
            "node": {
              "address": "0xd511394b049f9d2a3b5a55026d8bfcbd94fe1adea3a76568e930e22363b4d22b",
              "inputState": null,
              "outputState": {
                "address": "0xd511394b049f9d2a3b5a55026d8bfcbd94fe1adea3a76568e930e22363b4d22b",
                "version": 1,
                "digest": "AwYRDyYYWvK5TzG46S6SjUumfaP5DSFyQja2s1L8Xhbp"
              },
              "idCreated": true,
              "idDeleted": false
            }
          },
          {
            "cursor": "MQ==",
            "node": {
              "address": "0xe66bcf4f13290d18ea52925faa01c54a36cc398046f9bc7e1b732a7fea46e50e",
              "inputState": {
                "address": "0xe66bcf4f13290d18ea52925faa01c54a36cc398046f9bc7e1b732a7fea46e50e",
                "version": 1,
                "digest": "679a5zaP4QqzmoCEvyB2siQT2yFKj1Pr7t91uujXKg4e"
              },
              "outputState": {
                "address": "0xe66bcf4f13290d18ea52925faa01c54a36cc398046f9bc7e1b732a7fea46e50e",
                "version": 2,
                "digest": "F3dZrhMgGgGqsGL2PpCKCy18N6AU7RJhJoQ8QN6zxaJM"
              },
              "idCreated": false,
              "idDeleted": false
            }
          }
        ]
      }
    }
  }
}

task 13, lines 116-147:
//# run-graphql
Response: {
  "data": {
    "outer": {
      "objectChanges": {
        "edges": [
          {
            "cursor": "MA==",
            "node": {
              "address": "0x43d6b7d70554dd1b46d9e686e900c97d9769d31c64cb9b0354d0b499f3568c66",
              "inputState": null,
              "outputState": {
                "address": "0x43d6b7d70554dd1b46d9e686e900c97d9769d31c64cb9b0354d0b499f3568c66",
                "version": 3,
                "digest": "75hdu9y3dRKo5XC3VjhBkhogDmprQ3D6z6EcEbRoM1dQ"
              },
              "idCreated": true,
              "idDeleted": false
            }
          },
          {
            "cursor": "MQ==",
            "node": {
              "address": "0x4c032f4787a960f7d12e78ce112e42cf1176d9f796d5bb80bf22f1466859185c",
              "inputState": {
                "address": "0x4c032f4787a960f7d12e78ce112e42cf1176d9f796d5bb80bf22f1466859185c",
                "version": 2,
                "digest": "4osooeoSvVhmx8BeVkA8D9iJXToqzdhyT5ad76RnhoMH"
              },
              "outputState": {
                "address": "0x4c032f4787a960f7d12e78ce112e42cf1176d9f796d5bb80bf22f1466859185c",
                "version": 3,
                "digest": "DBSinjHqkuopXK2hHH8aaXFwGtuibDQUMdrxaNzNKVzU"
              },
              "idCreated": false,
              "idDeleted": false
            }
          }
        ]
      }
    },
    "inner": {
      "objectChanges": {
        "edges": [
          {
            "cursor": "MA==",
            "node": {
              "address": "0x4c032f4787a960f7d12e78ce112e42cf1176d9f796d5bb80bf22f1466859185c",
              "inputState": {
                "address": "0x4c032f4787a960f7d12e78ce112e42cf1176d9f796d5bb80bf22f1466859185c",
                "version": 3,
                "digest": "DBSinjHqkuopXK2hHH8aaXFwGtuibDQUMdrxaNzNKVzU"
              },
              "outputState": {
                "address": "0x4c032f4787a960f7d12e78ce112e42cf1176d9f796d5bb80bf22f1466859185c",
                "version": 4,
                "digest": "9ZPmS3TxWboaLX5AhEDG7DDNcHpnRuo2HDuR5NEbiayB"
              },
              "idCreated": false,
              "idDeleted": false
            }
          },
          {
            "cursor": "MQ==",
            "node": {
              "address": "0xc7889fb07f5839dd1f5586542d6dab4d9721f76564419bf6870738041e254ee0",
              "inputState": null,
              "outputState": {
                "address": "0xc7889fb07f5839dd1f5586542d6dab4d9721f76564419bf6870738041e254ee0",
                "version": 4,
                "digest": "BfMhLrTBpsWQ9A2zGjgTGqtAeQn924Cuguyub4KqyYTp"
              },
              "idCreated": true,
              "idDeleted": false
            }
          }
        ]
      }
    }
  }
}

task 14, lines 149-165:
//# run-graphql
Response: {
  "data": {
    "transactionEffects": {
      "objectChanges": {
        "edges": [
          {
            "cursor": "MA==",
            "node": {
              "address": "0x4c032f4787a960f7d12e78ce112e42cf1176d9f796d5bb80bf22f1466859185c",
              "inputState": {
                "address": "0x4c032f4787a960f7d12e78ce112e42cf1176d9f796d5bb80bf22f1466859185c",
                "version": 4,
                "digest": "9ZPmS3TxWboaLX5AhEDG7DDNcHpnRuo2HDuR5NEbiayB"
              },
              "outputState": {
                "address": "0x4c032f4787a960f7d12e78ce112e42cf1176d9f796d5bb80bf22f1466859185c",
                "version": 5,
                "digest": "9C6teRGKXNos3Hs3rNLY7xuzssE64HpqoW2FX1WhiSfb"
              },
              "idCreated": false,
              "idDeleted": false
            }
          },
          {
            "cursor": "MQ==",
            "node": {
              "address": "0xc7889fb07f5839dd1f5586542d6dab4d9721f76564419bf6870738041e254ee0",
              "inputState": {
                "address": "0xc7889fb07f5839dd1f5586542d6dab4d9721f76564419bf6870738041e254ee0",
                "version": 4,
                "digest": "BfMhLrTBpsWQ9A2zGjgTGqtAeQn924Cuguyub4KqyYTp"
              },
              "outputState": {
                "address": "0xc7889fb07f5839dd1f5586542d6dab4d9721f76564419bf6870738041e254ee0",
                "version": 5,
                "digest": "ApNymQTogc6csFiL1Yec2naMv3EBpwLZN4szeTKi1XFh"
              },
              "idCreated": false,
              "idDeleted": false
            }
          }
        ]
      }
    }
  }
}

task 15, lines 167-183:
//# run-graphql
Response: {
  "data": {
    "transactionEffects": {
      "objectChanges": {
        "edges": [
          {
            "cursor": "MA==",
            "node": {
              "address": "0x43d6b7d70554dd1b46d9e686e900c97d9769d31c64cb9b0354d0b499f3568c66",
              "inputState": {
                "address": "0x43d6b7d70554dd1b46d9e686e900c97d9769d31c64cb9b0354d0b499f3568c66",
                "version": 3,
                "digest": "75hdu9y3dRKo5XC3VjhBkhogDmprQ3D6z6EcEbRoM1dQ"
              },
              "outputState": {
                "address": "0x43d6b7d70554dd1b46d9e686e900c97d9769d31c64cb9b0354d0b499f3568c66",
                "version": 6,
                "digest": "3QnC3nzYadtBnxcLaxsYe2UTeme5KjCNNBfjyT6ttLYL"
              },
              "idCreated": false,
              "idDeleted": false
            }
          },
          {
            "cursor": "MQ==",
            "node": {
              "address": "0x4c032f4787a960f7d12e78ce112e42cf1176d9f796d5bb80bf22f1466859185c",
              "inputState": {
                "address": "0x4c032f4787a960f7d12e78ce112e42cf1176d9f796d5bb80bf22f1466859185c",
                "version": 5,
                "digest": "9C6teRGKXNos3Hs3rNLY7xuzssE64HpqoW2FX1WhiSfb"
              },
              "outputState": {
                "address": "0x4c032f4787a960f7d12e78ce112e42cf1176d9f796d5bb80bf22f1466859185c",
                "version": 6,
                "digest": "92R5RWgoCcjZUeLmFhMEthnRppk69Q2HKM4gHCeRjZNA"
              },
              "idCreated": false,
              "idDeleted": false
            }
          },
          {
            "cursor": "Mg==",
            "node": {
              "address": "0xc7889fb07f5839dd1f5586542d6dab4d9721f76564419bf6870738041e254ee0",
              "inputState": {
                "address": "0xc7889fb07f5839dd1f5586542d6dab4d9721f76564419bf6870738041e254ee0",
                "version": 5,
                "digest": "ApNymQTogc6csFiL1Yec2naMv3EBpwLZN4szeTKi1XFh"
              },
              "outputState": {
                "address": "0xc7889fb07f5839dd1f5586542d6dab4d9721f76564419bf6870738041e254ee0",
                "version": 6,
                "digest": "G6fML14x6LBQGqHsJfh5fREaDXmQWMps22987Dti45Dm"
              },
              "idCreated": false,
              "idDeleted": false
            }
          }
        ]
      }
    }
  }
}

task 16, lines 185-201:
//# run-graphql
Response: {
  "data": {
    "transactionEffects": {
      "objectChanges": {
        "edges": [
          {
            "cursor": "MA==",
            "node": {
              "address": "0x43d6b7d70554dd1b46d9e686e900c97d9769d31c64cb9b0354d0b499f3568c66",
              "inputState": {
                "address": "0x43d6b7d70554dd1b46d9e686e900c97d9769d31c64cb9b0354d0b499f3568c66",
                "version": 6,
                "digest": "3QnC3nzYadtBnxcLaxsYe2UTeme5KjCNNBfjyT6ttLYL"
              },
              "outputState": {
                "address": "0x43d6b7d70554dd1b46d9e686e900c97d9769d31c64cb9b0354d0b499f3568c66",
                "version": 7,
                "digest": "6Pi2jwQnp83MouaFFxDYUq8xSMUpCDYwkMVrL2cKTkzx"
              },
              "idCreated": false,
              "idDeleted": false
            }
          },
          {
            "cursor": "MQ==",
            "node": {
              "address": "0xc7889fb07f5839dd1f5586542d6dab4d9721f76564419bf6870738041e254ee0",
              "inputState": {
                "address": "0xc7889fb07f5839dd1f5586542d6dab4d9721f76564419bf6870738041e254ee0",
                "version": 6,
                "digest": "G6fML14x6LBQGqHsJfh5fREaDXmQWMps22987Dti45Dm"
              },
              "outputState": null,
              "idCreated": false,
              "idDeleted": false
            }
          },
          {
            "cursor": "Mg==",
            "node": {
              "address": "0xdd6d983778a0e79298ed16ff6a02366dc727aeca638205f40474aa5f62697072",
              "inputState": {
                "address": "0xdd6d983778a0e79298ed16ff6a02366dc727aeca638205f40474aa5f62697072",
                "version": 1,
                "digest": "6YAexDA4EhBSpg5wM3fpxGz9eVRERWKt4nMjPexwnFCr"
              },
              "outputState": {
                "address": "0xdd6d983778a0e79298ed16ff6a02366dc727aeca638205f40474aa5f62697072",
                "version": 7,
                "digest": "7JdyrMDNoVcQAAjruo3KUeAMAyjcCnbKoRipRtnJKYPw"
              },
              "idCreated": false,
              "idDeleted": false
            }
          }
        ]
      }
    }
  }
}

task 17, lines 203-219:
//# run-graphql
Response: {
  "data": {
    "transactionEffects": {
      "objectChanges": {
        "edges": [
          {
            "cursor": "MA==",
            "node": {
              "address": "0x43d6b7d70554dd1b46d9e686e900c97d9769d31c64cb9b0354d0b499f3568c66",
              "inputState": {
                "address": "0x43d6b7d70554dd1b46d9e686e900c97d9769d31c64cb9b0354d0b499f3568c66",
                "version": 7,
                "digest": "6Pi2jwQnp83MouaFFxDYUq8xSMUpCDYwkMVrL2cKTkzx"
              },
              "outputState": {
                "address": "0x43d6b7d70554dd1b46d9e686e900c97d9769d31c64cb9b0354d0b499f3568c66",
                "version": 8,
                "digest": "7BwaDL7XFnwdgKYqfcjcS2ZdYY5kZwqXi212ZuvzgEiY"
              },
              "idCreated": false,
              "idDeleted": false
            }
          },
          {
            "cursor": "MQ==",
            "node": {
              "address": "0xc7889fb07f5839dd1f5586542d6dab4d9721f76564419bf6870738041e254ee0",
              "inputState": null,
              "outputState": {
                "address": "0xc7889fb07f5839dd1f5586542d6dab4d9721f76564419bf6870738041e254ee0",
                "version": 8,
                "digest": "CwUci9RQszL2eCHDdRQeB9yMxYu3dfUf6WWo3mU14rbB"
              },
              "idCreated": false,
              "idDeleted": false
            }
          },
          {
            "cursor": "Mg==",
            "node": {
              "address": "0xdd6d983778a0e79298ed16ff6a02366dc727aeca638205f40474aa5f62697072",
              "inputState": {
                "address": "0xdd6d983778a0e79298ed16ff6a02366dc727aeca638205f40474aa5f62697072",
                "version": 7,
                "digest": "7JdyrMDNoVcQAAjruo3KUeAMAyjcCnbKoRipRtnJKYPw"
              },
              "outputState": {
                "address": "0xdd6d983778a0e79298ed16ff6a02366dc727aeca638205f40474aa5f62697072",
                "version": 8,
                "digest": "8ZzwDwnG6KktrDSJpdEpoG97RoArvZS7aKN3446krmaJ"
              },
              "idCreated": false,
              "idDeleted": false
            }
          }
        ]
      }
    }
  }
}

task 18, lines 221-237:
//# run-graphql
Response: {
  "data": {
    "transactionEffects": {
      "objectChanges": {
        "edges": [
          {
            "cursor": "MA==",
            "node": {
              "address": "0xc7889fb07f5839dd1f5586542d6dab4d9721f76564419bf6870738041e254ee0",
              "inputState": {
                "address": "0xc7889fb07f5839dd1f5586542d6dab4d9721f76564419bf6870738041e254ee0",
                "version": 8,
                "digest": "CwUci9RQszL2eCHDdRQeB9yMxYu3dfUf6WWo3mU14rbB"
              },
              "outputState": null,
              "idCreated": false,
              "idDeleted": true
            }
          },
          {
            "cursor": "MQ==",
            "node": {
              "address": "0xdd6d983778a0e79298ed16ff6a02366dc727aeca638205f40474aa5f62697072",
              "inputState": {
                "address": "0xdd6d983778a0e79298ed16ff6a02366dc727aeca638205f40474aa5f62697072",
                "version": 8,
                "digest": "8ZzwDwnG6KktrDSJpdEpoG97RoArvZS7aKN3446krmaJ"
              },
              "outputState": {
                "address": "0xdd6d983778a0e79298ed16ff6a02366dc727aeca638205f40474aa5f62697072",
                "version": 9,
                "digest": "81Fym13ddf5KqekPaBsF5GqNCiLhYQtx38CEsoHS2Jxg"
              },
              "idCreated": false,
              "idDeleted": false
            }
          }
        ]
      }
    }
  }
}
