---
source: external-crates/move/crates/move-transactional-test-runner/src/framework.rs
---
processed 19 tasks

init:
A: object(0,0), B: object(0,1)

task 1, lines 6-8:
//# programmable --sender A --inputs 42
//> 0: SplitCoins(Gas, [Input(0)]);
//> 1: MergeCoins(Gas, [Result(0)])
mutated: object(0,0)
gas summary: computation_cost: 1000000, storage_cost: 1307200,  storage_rebate: 0, non_refundable_storage_fee: 0

task 2, lines 10-52:
//# publish
created: object(2,0)
mutated: object(0,2)
gas summary: computation_cost: 1000000, storage_cost: 7797600,  storage_rebate: 0, non_refundable_storage_fee: 0

task 3, lines 54-56:
//# programmable --sender A --inputs @A
//> 0: P::M::outer();
//> 1: TransferObjects([Result(0)], Input(0))
created: object(3,0)
mutated: object(0,0)
gas summary: computation_cost: 1000000, storage_cost: 2553600,  storage_rebate: 1294128, non_refundable_storage_fee: 13072

task 4, lines 58-60:
//# programmable --sender A --inputs @A
//> 0: P::M::inner();
//> 1: TransferObjects([Result(0)], Input(0))
created: object(4,0)
mutated: object(0,0)
gas summary: computation_cost: 1000000, storage_cost: 2606800,  storage_rebate: 1294128, non_refundable_storage_fee: 13072

task 5, lines 62-63:
//# programmable --sender A --inputs object(4,0)
//> 0: P::M::inc(Input(0))
mutated: object(0,0), object(4,0)
gas summary: computation_cost: 1000000, storage_cost: 2606800,  storage_rebate: 2580732, non_refundable_storage_fee: 26068

task 6, lines 65-66:
//# programmable --sender A --inputs object(3,0) object(4,0) @B
//> 0: TransferObjects([Input(0), Input(1)], Input(2))
mutated: object(0,0), object(3,0), object(4,0)
gas summary: computation_cost: 1000000, storage_cost: 3853200,  storage_rebate: 3814668, non_refundable_storage_fee: 38532

task 7, lines 68-69:
//# programmable --sender B --inputs object(3,0) object(4,0)
//> 0: P::M::wrap(Input(0), Input(1))
mutated: object(0,1), object(3,0)
wrapped: object(4,0)
gas summary: computation_cost: 1000000, storage_cost: 2857600,  storage_rebate: 2520540, non_refundable_storage_fee: 25460

task 8, lines 71-73:
//# programmable --sender B --inputs object(3,0) @B
//> 0: P::M::unwrap(Input(0));
//> 1: TransferObjects([Result(0)], Input(1))
mutated: object(0,1), object(3,0)
unwrapped: object(4,0)
gas summary: computation_cost: 1000000, storage_cost: 3853200,  storage_rebate: 2829024, non_refundable_storage_fee: 28576

task 9, lines 75-76:
//# programmable --sender B --inputs object(4,0)
//> 0: P::M::burn(Input(0))
mutated: object(0,1)
deleted: object(4,0)
gas summary: computation_cost: 1000000, storage_cost: 1307200,  storage_rebate: 2580732, non_refundable_storage_fee: 26068

task 10, line 78:
//# create-checkpoint
Checkpoint created: 1

task 11, lines 80-96:
//# run-graphql
Response: {
  "data": {
    "transactionEffects": {
      "objectChanges": {
        "edges": [
          {
            "cursor": "MA==",
            "node": {
              "address": "0x4c032f4787a960f7d12e78ce112e42cf1176d9f796d5bb80bf22f1466859185c",
              "inputState": {
                "address": "0x4c032f4787a960f7d12e78ce112e42cf1176d9f796d5bb80bf22f1466859185c",
                "version": 1,
                "digest": "29Q1BHhmkNH3VacjPVBv3oapWoyJHDWe39rYQ4DfUN4u"
              },
              "outputState": {
                "address": "0x4c032f4787a960f7d12e78ce112e42cf1176d9f796d5bb80bf22f1466859185c",
                "version": 2,
                "digest": "5HAAp3WS9yMEvDHRRMih5Bn4VKMCUhtfSvNR87YQogTM"
              },
              "idCreated": false,
              "idDeleted": false
            }
          }
        ]
      }
    }
  }
}

task 12, lines 98-114:
//# run-graphql
Response: {
  "data": {
    "transactionEffects": {
      "objectChanges": {
        "edges": [
          {
            "cursor": "MA==",
            "node": {
              "address": "0x77e4a46037bc65ccaba933591eb700d8953b686991bdd4e61d50a2181b4e0c88",
              "inputState": null,
              "outputState": {
                "address": "0x77e4a46037bc65ccaba933591eb700d8953b686991bdd4e61d50a2181b4e0c88",
                "version": 1,
                "digest": "9rUPvn9MbuZCxvgApkNLGDornZhM1Noh3zeYTrtp7gJM"
              },
              "idCreated": true,
              "idDeleted": false
            }
          },
          {
            "cursor": "MQ==",
            "node": {
              "address": "0xe66bcf4f13290d18ea52925faa01c54a36cc398046f9bc7e1b732a7fea46e50e",
              "inputState": {
                "address": "0xe66bcf4f13290d18ea52925faa01c54a36cc398046f9bc7e1b732a7fea46e50e",
                "version": 1,
                "digest": "9Ma2QhLSurLXgH7WWabt7DTMtorycMay7PLnB3fGDrk2"
              },
              "outputState": {
                "address": "0xe66bcf4f13290d18ea52925faa01c54a36cc398046f9bc7e1b732a7fea46e50e",
                "version": 2,
                "digest": "6Ya2EzQD42GosQP25y9xqTeLdSUncyJ3URYEUMhX6YNv"
              },
              "idCreated": false,
              "idDeleted": false
            }
          }
        ]
      }
    }
  }
}

task 13, lines 116-147:
//# run-graphql
Response: {
  "data": {
    "outer": {
      "objectChanges": {
        "edges": [
          {
            "cursor": "MA==",
            "node": {
              "address": "0x4c032f4787a960f7d12e78ce112e42cf1176d9f796d5bb80bf22f1466859185c",
              "inputState": {
                "address": "0x4c032f4787a960f7d12e78ce112e42cf1176d9f796d5bb80bf22f1466859185c",
                "version": 2,
                "digest": "5HAAp3WS9yMEvDHRRMih5Bn4VKMCUhtfSvNR87YQogTM"
              },
              "outputState": {
                "address": "0x4c032f4787a960f7d12e78ce112e42cf1176d9f796d5bb80bf22f1466859185c",
                "version": 3,
                "digest": "5tbgnA7SUuptg9dDB8961sVqWX6RuYwpwZDPNk5oHRqE"
              },
              "idCreated": false,
              "idDeleted": false
            }
          },
          {
            "cursor": "MQ==",
            "node": {
              "address": "0xc599771462f61c5aea9a10aefe2021c15cede5ef9ecf209f6aca631b3da430c9",
              "inputState": null,
              "outputState": {
                "address": "0xc599771462f61c5aea9a10aefe2021c15cede5ef9ecf209f6aca631b3da430c9",
                "version": 3,
                "digest": "Gz8FwnjZQ6jPwuY7AtZAnZE82SwQBgzove4n93mABLsy"
              },
              "idCreated": true,
              "idDeleted": false
            }
          }
        ]
      }
    },
    "inner": {
      "objectChanges": {
        "edges": [
          {
            "cursor": "MA==",
            "node": {
              "address": "0x4c032f4787a960f7d12e78ce112e42cf1176d9f796d5bb80bf22f1466859185c",
              "inputState": {
                "address": "0x4c032f4787a960f7d12e78ce112e42cf1176d9f796d5bb80bf22f1466859185c",
                "version": 3,
                "digest": "5tbgnA7SUuptg9dDB8961sVqWX6RuYwpwZDPNk5oHRqE"
              },
              "outputState": {
                "address": "0x4c032f4787a960f7d12e78ce112e42cf1176d9f796d5bb80bf22f1466859185c",
                "version": 4,
                "digest": "Dj6oKTv3g1rt9wYq9PdkyXjYNYqdoxt1mL5TKEBWsrP4"
              },
              "idCreated": false,
              "idDeleted": false
            }
          },
          {
            "cursor": "MQ==",
            "node": {
              "address": "0xc6b74ffffdd163ea277467fcb8dd8711529dd634e92bc69367cbdaffef65facc",
              "inputState": null,
              "outputState": {
                "address": "0xc6b74ffffdd163ea277467fcb8dd8711529dd634e92bc69367cbdaffef65facc",
                "version": 4,
                "digest": "87V3og7oHvLKJyFeJfXvMgvwUXX737XYx3vbbNZvh3fj"
              },
              "idCreated": true,
              "idDeleted": false
            }
          }
        ]
      }
    }
  }
}

task 14, lines 149-165:
//# run-graphql
Response: {
  "data": {
    "transactionEffects": {
      "objectChanges": {
        "edges": [
          {
            "cursor": "MA==",
            "node": {
              "address": "0x4c032f4787a960f7d12e78ce112e42cf1176d9f796d5bb80bf22f1466859185c",
              "inputState": {
                "address": "0x4c032f4787a960f7d12e78ce112e42cf1176d9f796d5bb80bf22f1466859185c",
                "version": 4,
                "digest": "Dj6oKTv3g1rt9wYq9PdkyXjYNYqdoxt1mL5TKEBWsrP4"
              },
              "outputState": {
                "address": "0x4c032f4787a960f7d12e78ce112e42cf1176d9f796d5bb80bf22f1466859185c",
                "version": 5,
                "digest": "5mxg7i33zT4kouk7GrBkiZNaww8TKVbFqUCH5nFsv5YE"
              },
              "idCreated": false,
              "idDeleted": false
            }
          },
          {
            "cursor": "MQ==",
            "node": {
              "address": "0xc6b74ffffdd163ea277467fcb8dd8711529dd634e92bc69367cbdaffef65facc",
              "inputState": {
                "address": "0xc6b74ffffdd163ea277467fcb8dd8711529dd634e92bc69367cbdaffef65facc",
                "version": 4,
                "digest": "87V3og7oHvLKJyFeJfXvMgvwUXX737XYx3vbbNZvh3fj"
              },
              "outputState": {
                "address": "0xc6b74ffffdd163ea277467fcb8dd8711529dd634e92bc69367cbdaffef65facc",
                "version": 5,
                "digest": "8AoLvfvMKAtGBDSmd6HXbNs5VGXhN7mVKQCQeEGX6Kbo"
              },
              "idCreated": false,
              "idDeleted": false
            }
          }
        ]
      }
    }
  }
}

task 15, lines 167-183:
//# run-graphql
Response: {
  "data": {
    "transactionEffects": {
      "objectChanges": {
        "edges": [
          {
            "cursor": "MA==",
            "node": {
              "address": "0x4c032f4787a960f7d12e78ce112e42cf1176d9f796d5bb80bf22f1466859185c",
              "inputState": {
                "address": "0x4c032f4787a960f7d12e78ce112e42cf1176d9f796d5bb80bf22f1466859185c",
                "version": 5,
                "digest": "5mxg7i33zT4kouk7GrBkiZNaww8TKVbFqUCH5nFsv5YE"
              },
              "outputState": {
                "address": "0x4c032f4787a960f7d12e78ce112e42cf1176d9f796d5bb80bf22f1466859185c",
                "version": 6,
                "digest": "9vP7pUjJzQA8WKCxuNtnFHm5ymEfHm3TQXDr3qXx7BWp"
              },
              "idCreated": false,
              "idDeleted": false
            }
          },
          {
            "cursor": "MQ==",
            "node": {
              "address": "0xc599771462f61c5aea9a10aefe2021c15cede5ef9ecf209f6aca631b3da430c9",
              "inputState": {
                "address": "0xc599771462f61c5aea9a10aefe2021c15cede5ef9ecf209f6aca631b3da430c9",
                "version": 3,
                "digest": "Gz8FwnjZQ6jPwuY7AtZAnZE82SwQBgzove4n93mABLsy"
              },
              "outputState": {
                "address": "0xc599771462f61c5aea9a10aefe2021c15cede5ef9ecf209f6aca631b3da430c9",
                "version": 6,
                "digest": "qpCGe5rmR7zHRvvEBFnLbXZ9upQzZv8YvbgwyuvKMUb"
              },
              "idCreated": false,
              "idDeleted": false
            }
          },
          {
            "cursor": "Mg==",
            "node": {
              "address": "0xc6b74ffffdd163ea277467fcb8dd8711529dd634e92bc69367cbdaffef65facc",
              "inputState": {
                "address": "0xc6b74ffffdd163ea277467fcb8dd8711529dd634e92bc69367cbdaffef65facc",
                "version": 5,
                "digest": "8AoLvfvMKAtGBDSmd6HXbNs5VGXhN7mVKQCQeEGX6Kbo"
              },
              "outputState": {
                "address": "0xc6b74ffffdd163ea277467fcb8dd8711529dd634e92bc69367cbdaffef65facc",
                "version": 6,
                "digest": "74oUFTTXuEgfB1vukjdbraKFCV56mz3R1r1ZeDwUTxUS"
              },
              "idCreated": false,
              "idDeleted": false
            }
          }
        ]
      }
    }
  }
}

task 16, lines 185-201:
//# run-graphql
Response: {
  "data": {
    "transactionEffects": {
      "objectChanges": {
        "edges": [
          {
            "cursor": "MA==",
            "node": {
              "address": "0xc599771462f61c5aea9a10aefe2021c15cede5ef9ecf209f6aca631b3da430c9",
              "inputState": {
                "address": "0xc599771462f61c5aea9a10aefe2021c15cede5ef9ecf209f6aca631b3da430c9",
                "version": 6,
                "digest": "qpCGe5rmR7zHRvvEBFnLbXZ9upQzZv8YvbgwyuvKMUb"
              },
              "outputState": {
                "address": "0xc599771462f61c5aea9a10aefe2021c15cede5ef9ecf209f6aca631b3da430c9",
                "version": 7,
                "digest": "6zV6ZgS731uCfvLL3zvJRGikEZaiSd4tWDNXFAeTJASo"
              },
              "idCreated": false,
              "idDeleted": false
            }
          },
          {
            "cursor": "MQ==",
            "node": {
              "address": "0xc6b74ffffdd163ea277467fcb8dd8711529dd634e92bc69367cbdaffef65facc",
              "inputState": {
                "address": "0xc6b74ffffdd163ea277467fcb8dd8711529dd634e92bc69367cbdaffef65facc",
                "version": 6,
                "digest": "74oUFTTXuEgfB1vukjdbraKFCV56mz3R1r1ZeDwUTxUS"
              },
              "outputState": null,
              "idCreated": false,
              "idDeleted": false
            }
          },
          {
            "cursor": "Mg==",
            "node": {
              "address": "0xdd6d983778a0e79298ed16ff6a02366dc727aeca638205f40474aa5f62697072",
              "inputState": {
                "address": "0xdd6d983778a0e79298ed16ff6a02366dc727aeca638205f40474aa5f62697072",
                "version": 1,
                "digest": "BnNYy8TDEpvuyUdJfFDAgZRq7B5s3q1MgkZDmoZxhDqa"
              },
              "outputState": {
                "address": "0xdd6d983778a0e79298ed16ff6a02366dc727aeca638205f40474aa5f62697072",
                "version": 7,
                "digest": "A12rSLFGUr726Zq2ubvytLbxv54QBhkjTN59uiKiUZva"
              },
              "idCreated": false,
              "idDeleted": false
            }
          }
        ]
      }
    }
  }
}

task 17, lines 203-219:
//# run-graphql
Response: {
  "data": {
    "transactionEffects": {
      "objectChanges": {
        "edges": [
          {
            "cursor": "MA==",
            "node": {
              "address": "0xc599771462f61c5aea9a10aefe2021c15cede5ef9ecf209f6aca631b3da430c9",
              "inputState": {
                "address": "0xc599771462f61c5aea9a10aefe2021c15cede5ef9ecf209f6aca631b3da430c9",
                "version": 7,
                "digest": "6zV6ZgS731uCfvLL3zvJRGikEZaiSd4tWDNXFAeTJASo"
              },
              "outputState": {
                "address": "0xc599771462f61c5aea9a10aefe2021c15cede5ef9ecf209f6aca631b3da430c9",
                "version": 8,
                "digest": "EwD1PmME2qhQZKvghaCTxcMi5zGo1CuawhJKv9vrX3db"
              },
              "idCreated": false,
              "idDeleted": false
            }
          },
          {
            "cursor": "MQ==",
            "node": {
              "address": "0xc6b74ffffdd163ea277467fcb8dd8711529dd634e92bc69367cbdaffef65facc",
              "inputState": null,
              "outputState": {
                "address": "0xc6b74ffffdd163ea277467fcb8dd8711529dd634e92bc69367cbdaffef65facc",
                "version": 8,
                "digest": "8JJmjfCbHbCP6xVCrBACyJAXa5k7G4J3pWf1S7wQRRtk"
              },
              "idCreated": false,
              "idDeleted": false
            }
          },
          {
            "cursor": "Mg==",
            "node": {
              "address": "0xdd6d983778a0e79298ed16ff6a02366dc727aeca638205f40474aa5f62697072",
              "inputState": {
                "address": "0xdd6d983778a0e79298ed16ff6a02366dc727aeca638205f40474aa5f62697072",
                "version": 7,
                "digest": "A12rSLFGUr726Zq2ubvytLbxv54QBhkjTN59uiKiUZva"
              },
              "outputState": {
                "address": "0xdd6d983778a0e79298ed16ff6a02366dc727aeca638205f40474aa5f62697072",
                "version": 8,
                "digest": "A483ZX6uWXopky3tLaZyKTbmYMPM3EdKm4NX373BYn7S"
              },
              "idCreated": false,
              "idDeleted": false
            }
          }
        ]
      }
    }
  }
}

task 18, lines 221-237:
//# run-graphql
Response: {
  "data": {
    "transactionEffects": {
      "objectChanges": {
        "edges": [
          {
            "cursor": "MA==",
            "node": {
              "address": "0xc6b74ffffdd163ea277467fcb8dd8711529dd634e92bc69367cbdaffef65facc",
              "inputState": {
                "address": "0xc6b74ffffdd163ea277467fcb8dd8711529dd634e92bc69367cbdaffef65facc",
                "version": 8,
                "digest": "8JJmjfCbHbCP6xVCrBACyJAXa5k7G4J3pWf1S7wQRRtk"
              },
              "outputState": null,
              "idCreated": false,
              "idDeleted": true
            }
          },
          {
            "cursor": "MQ==",
            "node": {
              "address": "0xdd6d983778a0e79298ed16ff6a02366dc727aeca638205f40474aa5f62697072",
              "inputState": {
                "address": "0xdd6d983778a0e79298ed16ff6a02366dc727aeca638205f40474aa5f62697072",
                "version": 8,
                "digest": "A483ZX6uWXopky3tLaZyKTbmYMPM3EdKm4NX373BYn7S"
              },
              "outputState": {
                "address": "0xdd6d983778a0e79298ed16ff6a02366dc727aeca638205f40474aa5f62697072",
                "version": 9,
                "digest": "EZFQrK2S8Bg3WUnfMVhEsufdjrrbT3SzEyy2jjLKQ7Ay"
              },
              "idCreated": false,
              "idDeleted": false
            }
          }
        ]
      }
    }
  }
}
