---
source: external-crates/move/crates/move-transactional-test-runner/src/framework.rs
---
processed 10 tasks

init:
A: object(0,0), B: object(0,1)

task 1, lines 11-13:
//# programmable --sender A --inputs 12 @A
//> 0: SplitCoins(Gas, [Input(0)]);
//> 1: TransferObjects([Result(0)], Input(1))
created: object(1,0)
mutated: object(0,0)
gas summary: computation_cost: 1000000, storage_cost: 2614400,  storage_rebate: 0, non_refundable_storage_fee: 0

task 2, lines 15-17:
//# programmable --sender A --inputs 34 @A
//> 0: SplitCoins(Gas, [Input(0)]);
//> 1: TransferObjects([Result(0)], Input(1))
created: object(2,0)
mutated: object(0,0)
gas summary: computation_cost: 1000000, storage_cost: 2614400,  storage_rebate: 1294128, non_refundable_storage_fee: 13072

task 3, line 19:
//# view-object 1,0
Owner: Account Address ( BFCfccc9a421bbb13c1a66a1aa98f0ad75029ede94857779c6915b44f94068b921e71f7 )
Version: 2
Contents: sui::coin::Coin<sui::bfc::BFC> {
    id: sui::object::UID {
        id: sui::object::ID {
            bytes: fake(1,0),
        },
    },
    balance: sui::balance::Balance<sui::bfc::BFC> {
        value: 12u64,
    },
}

task 4, line 21:
//# view-object 2,0
Owner: Account Address ( BFCfccc9a421bbb13c1a66a1aa98f0ad75029ede94857779c6915b44f94068b921e71f7 )
Version: 3
Contents: sui::coin::Coin<sui::bfc::BFC> {
    id: sui::object::UID {
        id: sui::object::ID {
            bytes: fake(2,0),
        },
    },
    balance: sui::balance::Balance<sui::bfc::BFC> {
        value: 34u64,
    },
}

task 5, line 23:
//# create-checkpoint
Checkpoint created: 1

task 6, lines 25-29:
//# run-jsonrpc
Response: {
  "jsonrpc": "2.0",
  "id": 0,
  "result": {
    "data": [
      {
        "coinType": "0x0000000000000000000000000000000000000000000000000000000000000002::bfc::BFC",
        "coinObjectId": "BFC4c032f4787a960f7d12e78ce112e42cf1176d9f796d5bb80bf22f1466859185ca86a",
        "version": "3",
        "digest": "ceyqoqM6HGdvtPnv3VH4DLNviGdFjSpP2A61zZM4oPN",
        "balance": "299999994065282",
        "previousTransaction": "9GiSnmN5G5sFnKWvZkXVnE5Ru7nNrdd6YcPkWMviagmX"
      },
      {
        "coinType": "0x0000000000000000000000000000000000000000000000000000000000000002::bfc::BFC",
        "coinObjectId": "BFCf4692e76ac3e32106ab7d9817d26a1afefca3770af03c56e4f0f54f6d816b38d39e0",
        "version": "3",
        "digest": "GzJYR2vhjtwvLBQ3vb44vnQz1BWhvbRheyoby9bDYXVY",
        "balance": "34",
        "previousTransaction": "9GiSnmN5G5sFnKWvZkXVnE5Ru7nNrdd6YcPkWMviagmX"
      },
      {
        "coinType": "0x0000000000000000000000000000000000000000000000000000000000000002::bfc::BFC",
        "coinObjectId": "BFC6300d59eeb89c2ef901df8ba2ecfb8bf75cf7c9d49892e2bea4b7aaacc1fc318298b",
        "version": "2",
        "digest": "26yWPZ2nnTwHuQvq1q6q3B8QE4igtcm3VLpkLKP5Wit8",
        "balance": "12",
        "previousTransaction": "Ey7bbF44C1fgtFAGgzSQDWGPv5QJdnpJ9wrwNJ56hwze"
      }
    ],
    "nextCursor": "IGMA1Z7ricLvkB34ui7PuL91z3ydSYkuK+pLeqrMH8MYAQAAAAAAAAABAAAAAAAAAA==",
    "hasNextPage": false
  }
}

task 7, lines 31-32:
//# programmable --sender A --inputs object(1,0) object(2,0)
//> 0: MergeCoins(Input(0), [Input(1)]);
mutated: object(0,0), object(1,0)
deleted: object(2,0)
gas summary: computation_cost: 1000000, storage_cost: 2614400,  storage_rebate: 3882384, non_refundable_storage_fee: 39216

task 8, line 34:
//# create-checkpoint
Checkpoint created: 2

task 9, lines 36-40:
//# run-jsonrpc
Response: {
  "jsonrpc": "2.0",
  "id": 1,
  "result": {
    "data": [
      {
        "coinType": "0x0000000000000000000000000000000000000000000000000000000000000002::bfc::BFC",
        "coinObjectId": "BFC4c032f4787a960f7d12e78ce112e42cf1176d9f796d5bb80bf22f1466859185ca86a",
        "version": "4",
        "digest": "7J5GQHL8Dqs7wy1XMyKGEAhKfjVvybkvsKv1g6iFTxzq",
        "balance": "299999994333266",
        "previousTransaction": "E3hHcg4weD3Smb7GGXDKq2mRtk2vf8hg9pqjrn6yLgKa"
      },
      {
        "coinType": "0x0000000000000000000000000000000000000000000000000000000000000002::bfc::BFC",
        "coinObjectId": "BFC6300d59eeb89c2ef901df8ba2ecfb8bf75cf7c9d49892e2bea4b7aaacc1fc318298b",
        "version": "4",
        "digest": "rFSSsuUzjwNhSuFb3yYaeT1UcKAGuZjdriiDnJroVBU",
        "balance": "46",
        "previousTransaction": "E3hHcg4weD3Smb7GGXDKq2mRtk2vf8hg9pqjrn6yLgKa"
      }
    ],
    "nextCursor": "IGMA1Z7ricLvkB34ui7PuL91z3ydSYkuK+pLeqrMH8MYAQAAAAAAAAABAAAAAAAAAA==",
    "hasNextPage": false
  }
}
