---
source: external-crates/move/crates/move-transactional-test-runner/src/framework.rs
---
processed 10 tasks

init:
A: object(0,0), B: object(0,1)

task 1, lines 13-15:
//# programmable --sender A --inputs 12000 @A
//> 0: SplitCoins(Gas, [Input(0)]);
//> 1: TransferObjects([Result(0)], Input(1))
created: object(1,0)
mutated: object(0,0)
gas summary: computation_cost: 1000000, storage_cost: 2614400,  storage_rebate: 0, non_refundable_storage_fee: 0

task 2, lines 17-19:
//# programmable --sender A --inputs 3400 @A
//> 0: SplitCoins(Gas, [Input(0)]);
//> 1: TransferObjects([Result(0)], Input(1))
created: object(2,0)
mutated: object(0,0)
gas summary: computation_cost: 1000000, storage_cost: 2614400,  storage_rebate: 1294128, non_refundable_storage_fee: 13072

task 3, line 21:
//# view-object 1,0
Owner: Account Address ( BFCfccc9a421bbb13c1a66a1aa98f0ad75029ede94857779c6915b44f94068b921e71f7 )
Version: 2
Contents: sui::coin::Coin<sui::bfc::BFC> {
    id: sui::object::UID {
        id: sui::object::ID {
            bytes: fake(1,0),
        },
    },
    balance: sui::balance::Balance<sui::bfc::BFC> {
        value: 12000u64,
    },
}

task 4, line 23:
//# view-object 2,0
Owner: Account Address ( BFCfccc9a421bbb13c1a66a1aa98f0ad75029ede94857779c6915b44f94068b921e71f7 )
Version: 3
Contents: sui::coin::Coin<sui::bfc::BFC> {
    id: sui::object::UID {
        id: sui::object::ID {
            bytes: fake(2,0),
        },
    },
    balance: sui::balance::Balance<sui::bfc::BFC> {
        value: 3400u64,
    },
}

task 5, line 25:
//# create-checkpoint
Checkpoint created: 1

task 6, lines 27-31:
//# run-jsonrpc
Response: {
  "jsonrpc": "2.0",
  "id": 0,
  "result": {
    "data": [
      {
        "coinType": "0x0000000000000000000000000000000000000000000000000000000000000002::bfc::BFC",
        "coinObjectId": "BFC4c032f4787a960f7d12e78ce112e42cf1176d9f796d5bb80bf22f1466859185ca86a",
        "version": "3",
        "digest": "58YPWQfa4h9fLM3FBT3R2N7vTsQhiEJrgNWMsg4a3n9t",
        "balance": "299999994049928",
        "previousTransaction": "DHHXNFBfJGzuz8hjAqt46zUE5mmb1gj3LWFDe4zFy2fK"
      },
      {
        "coinType": "0x0000000000000000000000000000000000000000000000000000000000000002::bfc::BFC",
        "coinObjectId": "BFCe9ac686e7d0c0743b3575e13d5834c4dfa972dd61d307be55e0c044b53f6e4552ed0",
        "version": "2",
        "digest": "y32gm4LzhPHAVpMFmrUcurRswM6tj6sf4Mg7a6Ez58n",
        "balance": "12000",
        "previousTransaction": "DAb5gSefSnXxz2BX5nobLVSEMMbapPkCmUGvWbQb83Bw"
      }
    ],
    "nextCursor": "IOmsaG59DAdDs1deE9WDTE36ly3WHTB75V4MBEtT9uRVAQAAAAAAAAAEAAAAAAAAAA==",
    "hasNextPage": true
  }
}

task 7, lines 33-35:
//# programmable --sender A --inputs object(2,0) 2000 @A
//> 0: SplitCoins(Input(0), [Input(1)]);
//> 1: TransferObjects([Result(0)], Input(2))
created: object(7,0)
mutated: object(0,0), object(2,0)
gas summary: computation_cost: 1000000, storage_cost: 3921600,  storage_rebate: 2588256, non_refundable_storage_fee: 26144

task 8, line 37:
//# create-checkpoint
Checkpoint created: 2

task 9, lines 39-43:
//# run-jsonrpc --cursors bcs(@{obj_1_0},1,4)
Response: {
  "jsonrpc": "2.0",
  "id": 1,
  "result": {
    "data": [
      {
        "coinType": "0x0000000000000000000000000000000000000000000000000000000000000002::bfc::BFC",
        "coinObjectId": "BFC3274b1eda7d97f1ee5d7f2efa2b128724f45d8e05eefb8b3e203fed31ccd54f7c051",
        "version": "4",
        "digest": "6JJGKo7D4vCcShQiyr31gfJeE8xwjfyVgCKJRGvp8wqP",
        "balance": "2000",
        "previousTransaction": "C2dt8yugLBEu1VgpTNg3YqeMrXiRnNxLJfjg5mLEuyfb"
      },
      {
        "coinType": "0x0000000000000000000000000000000000000000000000000000000000000002::bfc::BFC",
        "coinObjectId": "BFC52e8621deb89a222d1e480d89187fb58aa596e2ddbac9bdb6888145bda1d09c5baff",
        "version": "4",
        "digest": "HvkKw7vksiWh4p61rnLh4PygZiMPRH4PMCJ1Gzz7Rmqm",
        "balance": "1400",
        "previousTransaction": "C2dt8yugLBEu1VgpTNg3YqeMrXiRnNxLJfjg5mLEuyfb"
      }
    ],
    "nextCursor": "IFLoYh3riaIi0eSA2JGH+1iqWW4t26yb22iIFFvaHQnFAQAAAAAAAAADAAAAAAAAAA==",
    "hasNextPage": false
  }
}
