---
source: external-crates/move/crates/move-transactional-test-runner/src/framework.rs
---
processed 21 tasks

init:
A: object(0,0), B: object(0,1)

task 1, lines 6-8:
//# programmable --sender A --inputs 120000 @A
//> 0: SplitCoins(Gas, [Input(0)]);
//> 1: TransferObjects([Result(0)], Input(1))
created: object(1,0)
mutated: object(0,0)
gas summary: computation_cost: 1000000, storage_cost: 2614400,  storage_rebate: 0, non_refundable_storage_fee: 0

task 2, lines 10-12:
//# programmable --sender A --inputs 34000 @A
//> 0: SplitCoins(Gas, [Input(0)]);
//> 1: TransferObjects([Result(0)], Input(1))
created: object(2,0)
mutated: object(0,0)
gas summary: computation_cost: 1000000, storage_cost: 2614400,  storage_rebate: 1294128, non_refundable_storage_fee: 13072

task 3, lines 14-16:
//# programmable --sender A --inputs 5600 @A
//> 0: SplitCoins(Gas, [Input(0)]);
//> 1: TransferObjects([Result(0)], Input(1))
created: object(3,0)
mutated: object(0,0)
gas summary: computation_cost: 1000000, storage_cost: 2614400,  storage_rebate: 1294128, non_refundable_storage_fee: 13072

task 4, lines 18-20:
//# programmable --sender A --inputs 780 @A
//> 0: SplitCoins(Gas, [Input(0)]);
//> 1: TransferObjects([Result(0)], Input(1))
created: object(4,0)
mutated: object(0,0)
gas summary: computation_cost: 1000000, storage_cost: 2614400,  storage_rebate: 1294128, non_refundable_storage_fee: 13072

task 5, lines 22-24:
//# programmable --sender A --inputs 90 @A
//> 0: SplitCoins(Gas, [Input(0)]);
//> 1: TransferObjects([Result(0)], Input(1))
created: object(5,0)
mutated: object(0,0)
gas summary: computation_cost: 1000000, storage_cost: 2614400,  storage_rebate: 1294128, non_refundable_storage_fee: 13072

task 6, lines 26-28:
//# programmable --sender A --inputs 10 @A
//> 0: SplitCoins(Gas, [Input(0)]);
//> 1: TransferObjects([Result(0)], Input(1))
created: object(6,0)
mutated: object(0,0)
gas summary: computation_cost: 1000000, storage_cost: 2614400,  storage_rebate: 1294128, non_refundable_storage_fee: 13072

task 7, lines 30-32:
//# programmable --sender A --inputs 20 @A
//> 0: SplitCoins(Gas, [Input(0)]);
//> 1: TransferObjects([Result(0)], Input(1))
created: object(7,0)
mutated: object(0,0)
gas summary: computation_cost: 1000000, storage_cost: 2614400,  storage_rebate: 1294128, non_refundable_storage_fee: 13072

task 8, lines 35-37:
//# programmable --sender A --inputs 30 @A
//> 0: SplitCoins(Gas, [Input(0)]);
//> 1: TransferObjects([Result(0)], Input(1))
created: object(8,0)
mutated: object(0,0)
gas summary: computation_cost: 1000000, storage_cost: 2614400,  storage_rebate: 1294128, non_refundable_storage_fee: 13072

task 9, line 39:
//# view-object 4,0
Owner: Account Address ( BFCfccc9a421bbb13c1a66a1aa98f0ad75029ede94857779c6915b44f94068b921e71f7 )
Version: 5
Contents: sui::coin::Coin<sui::bfc::BFC> {
    id: sui::object::UID {
        id: sui::object::ID {
            bytes: fake(4,0),
        },
    },
    balance: sui::balance::Balance<sui::bfc::BFC> {
        value: 780u64,
    },
}

task 10, line 41:
//# view-object 5,0
Owner: Account Address ( BFCfccc9a421bbb13c1a66a1aa98f0ad75029ede94857779c6915b44f94068b921e71f7 )
Version: 6
Contents: sui::coin::Coin<sui::bfc::BFC> {
    id: sui::object::UID {
        id: sui::object::ID {
            bytes: fake(5,0),
        },
    },
    balance: sui::balance::Balance<sui::bfc::BFC> {
        value: 90u64,
    },
}

task 11, line 43:
//# view-object 6,0
Owner: Account Address ( BFCfccc9a421bbb13c1a66a1aa98f0ad75029ede94857779c6915b44f94068b921e71f7 )
Version: 7
Contents: sui::coin::Coin<sui::bfc::BFC> {
    id: sui::object::UID {
        id: sui::object::ID {
            bytes: fake(6,0),
        },
    },
    balance: sui::balance::Balance<sui::bfc::BFC> {
        value: 10u64,
    },
}

task 12, line 45:
//# view-object 7,0
Owner: Account Address ( BFCfccc9a421bbb13c1a66a1aa98f0ad75029ede94857779c6915b44f94068b921e71f7 )
Version: 8
Contents: sui::coin::Coin<sui::bfc::BFC> {
    id: sui::object::UID {
        id: sui::object::ID {
            bytes: fake(7,0),
        },
    },
    balance: sui::balance::Balance<sui::bfc::BFC> {
        value: 20u64,
    },
}

task 13, line 47:
//# create-checkpoint
Checkpoint created: 1

task 14, lines 49-53:
//# run-jsonrpc
Response: {
  "jsonrpc": "2.0",
  "id": 0,
  "result": {
    "data": [
      {
        "coinType": "0x0000000000000000000000000000000000000000000000000000000000000002::bfc::BFC",
        "coinObjectId": "BFC4c032f4787a960f7d12e78ce112e42cf1176d9f796d5bb80bf22f1466859185ca86a",
        "version": "9",
        "digest": "6Zv4UXjm8mp7WrzpwS8iybEHDcLMZqZESjcLRbb3BXux",
        "balance": "299999979983166",
        "previousTransaction": "AJyXHF1tJoDaR7Yi64mdRuSvkqFAgG8J7ffenvsZGuVD"
      },
      {
        "coinType": "0x0000000000000000000000000000000000000000000000000000000000000002::bfc::BFC",
        "coinObjectId": "BFC5479240f138a568707428a68b85649da994d6502d004a752b5c354ea38c441248272",
        "version": "2",
        "digest": "9YRs9exKUCLatEcwkaECJDKmiWZ8YM3UbQsrSR1Zkpxk",
        "balance": "120000",
        "previousTransaction": "6SCz3PYMDC8njzWXj8hjfGvf7oMG6Ykp4jdjNXBt9AMz"
      },
      {
        "coinType": "0x0000000000000000000000000000000000000000000000000000000000000002::bfc::BFC",
        "coinObjectId": "BFCfe5e272f1bdae5979b16ad3a9846b0403b9a9294100822b9b2c6e7e29ff1b43b3b28",
        "version": "3",
        "digest": "3LoEgibx9woxTaWas7D2kDSqFXZWoti7b1T9EEnZNo2w",
        "balance": "34000",
        "previousTransaction": "Eg8eQRqehouLKKcu8gCYx2Cz9HeUdPc93ndqUXkVr3Hg"
      }
    ],
    "nextCursor": "IP5eJy8b2uWXmxatOphGsEA7mpKUEAgiubLG5+Kf8bQ7AQAAAAAAAAAEAAAAAAAAAA==",
    "hasNextPage": true
  }
}

task 15, lines 55-59:
//# run-jsonrpc --cursors bcs(@{obj_2_0},1,4)
Response: {
  "jsonrpc": "2.0",
  "id": 1,
  "result": {
    "data": [
      {
        "coinType": "0x0000000000000000000000000000000000000000000000000000000000000002::bfc::BFC",
        "coinObjectId": "BFC31c63a88f098b07e4babc4425d034b07d138000ab59816412b3ea0574faeee8d7219",
        "version": "4",
        "digest": "98p4fgHR9znasZt4sBsMuH7GVFtDJBGMn9NuSqVzejD9",
        "balance": "5600",
        "previousTransaction": "DyT3JYCG2DC78QYKfACcgpoA9uPb8SW1jSEK84cw7hYd"
      },
      {
        "coinType": "0x0000000000000000000000000000000000000000000000000000000000000002::bfc::BFC",
        "coinObjectId": "BFC3df25e2abbc15a6a4b0d777050c386482e099e7b0e0542aa701ac1ae3c7b6b7a47fa",
        "version": "5",
        "digest": "Fjv9wEZcDyNPiUQLSe9U7Q736L9FwybGeZruaJmfgxCC",
        "balance": "780",
        "previousTransaction": "HWfS12HV9JUUk3RvNYKoEadZFWWB6bR5GtsuDEyVhfMv"
      },
      {
        "coinType": "0x0000000000000000000000000000000000000000000000000000000000000002::bfc::BFC",
        "coinObjectId": "BFCd013c44d8398bcc04860e20c173e2b164b7feed98f98f04c1a04948ee792969c895e",
        "version": "8",
        "digest": "839ya1PDZfkuD3t3fXbQ5WQZG9uUZoDTvkuDfbz6Loew",
        "balance": "20",
        "previousTransaction": "8zJuoXVmY9jMDpDAmF74Q2xnhd4q1SSsvjoF6MnjEBtB"
      },
      {
        "coinType": "0x0000000000000000000000000000000000000000000000000000000000000002::bfc::BFC",
        "coinObjectId": "BFC7d4584e81b371f9b6433a14695388673dd5144d1fba48a6fc35478ee57fb0d2ae74e",
        "version": "6",
        "digest": "79aEhae9BNQy3FHJD96NgGom86wgQcgYRnTQxG7VuUvm",
        "balance": "90",
        "previousTransaction": "GJURLxf2RjFzvn8PBm63rYks79TdiSrHfZHYVKzQ7cNa"
      },
      {
        "coinType": "0x0000000000000000000000000000000000000000000000000000000000000002::bfc::BFC",
        "coinObjectId": "BFC72710662ac0f8b0b50413a6ebbf3ad71039b18f8694af387c2388ece998b68bb29f6",
        "version": "7",
        "digest": "G6E55K7npEmpBV2cLAMEYK2tMN4z9MvtLy4H2LJxK1q4",
        "balance": "10",
        "previousTransaction": "BoVB3vjMxXkTgyRQRdUb7UTQEHau9VmniJcjH9LJVSsK"
      },
      {
        "coinType": "0x0000000000000000000000000000000000000000000000000000000000000002::bfc::BFC",
        "coinObjectId": "BFC64f605c6ce760d8b781f48df1f768f369ad21c5112a57c3113e3575a2dc99dc0bec1",
        "version": "9",
        "digest": "DDNNtkBNhQ8KwkRBQLYXxQwmtADsSDXEyZshHCGzM7cx",
        "balance": "30",
        "previousTransaction": "AJyXHF1tJoDaR7Yi64mdRuSvkqFAgG8J7ffenvsZGuVD"
      }
    ],
    "nextCursor": "IGT2BcbOdg2LeB9I3x92jzaa0hxREqV8MRPjV1otyZ3AAQAAAAAAAAABAAAAAAAAAA==",
    "hasNextPage": false
  }
}

task 16, lines 61-65:
//# run-jsonrpc --cursors bcs(@{obj_7_0},1,1)
Response: {
  "jsonrpc": "2.0",
  "id": 2,
  "result": {
    "data": [
      {
        "coinType": "0x0000000000000000000000000000000000000000000000000000000000000002::bfc::BFC",
        "coinObjectId": "BFC7d4584e81b371f9b6433a14695388673dd5144d1fba48a6fc35478ee57fb0d2ae74e",
        "version": "6",
        "digest": "79aEhae9BNQy3FHJD96NgGom86wgQcgYRnTQxG7VuUvm",
        "balance": "90",
        "previousTransaction": "GJURLxf2RjFzvn8PBm63rYks79TdiSrHfZHYVKzQ7cNa"
      },
      {
        "coinType": "0x0000000000000000000000000000000000000000000000000000000000000002::bfc::BFC",
        "coinObjectId": "BFC72710662ac0f8b0b50413a6ebbf3ad71039b18f8694af387c2388ece998b68bb29f6",
        "version": "7",
        "digest": "G6E55K7npEmpBV2cLAMEYK2tMN4z9MvtLy4H2LJxK1q4",
        "balance": "10",
        "previousTransaction": "BoVB3vjMxXkTgyRQRdUb7UTQEHau9VmniJcjH9LJVSsK"
      },
      {
        "coinType": "0x0000000000000000000000000000000000000000000000000000000000000002::bfc::BFC",
        "coinObjectId": "BFC64f605c6ce760d8b781f48df1f768f369ad21c5112a57c3113e3575a2dc99dc0bec1",
        "version": "9",
        "digest": "DDNNtkBNhQ8KwkRBQLYXxQwmtADsSDXEyZshHCGzM7cx",
        "balance": "30",
        "previousTransaction": "AJyXHF1tJoDaR7Yi64mdRuSvkqFAgG8J7ffenvsZGuVD"
      }
    ],
    "nextCursor": "IGT2BcbOdg2LeB9I3x92jzaa0hxREqV8MRPjV1otyZ3AAQAAAAAAAAABAAAAAAAAAA==",
    "hasNextPage": false
  }
}

task 17, lines 67-69:
//# programmable --sender A --inputs 500 @A
//> 0: SplitCoins(Gas, [Input(0)]);
//> 1: TransferObjects([Result(0)], Input(1))
created: object(17,0)
mutated: object(0,0)
gas summary: computation_cost: 1000000, storage_cost: 2614400,  storage_rebate: 1294128, non_refundable_storage_fee: 13072

task 18, line 71:
//# create-checkpoint
Checkpoint created: 2

task 19, lines 73-77:
//# run-jsonrpc --cursors bcs(@{obj_1_0},2,4)
Response: {
  "jsonrpc": "2.0",
  "id": 3,
  "result": {
    "data": [
      {
        "coinType": "0x0000000000000000000000000000000000000000000000000000000000000002::bfc::BFC",
        "coinObjectId": "BFCfe5e272f1bdae5979b16ad3a9846b0403b9a9294100822b9b2c6e7e29ff1b43b3b28",
        "version": "3",
        "digest": "3LoEgibx9woxTaWas7D2kDSqFXZWoti7b1T9EEnZNo2w",
        "balance": "34000",
        "previousTransaction": "Eg8eQRqehouLKKcu8gCYx2Cz9HeUdPc93ndqUXkVr3Hg"
      },
      {
        "coinType": "0x0000000000000000000000000000000000000000000000000000000000000002::bfc::BFC",
        "coinObjectId": "BFC31c63a88f098b07e4babc4425d034b07d138000ab59816412b3ea0574faeee8d7219",
        "version": "4",
        "digest": "98p4fgHR9znasZt4sBsMuH7GVFtDJBGMn9NuSqVzejD9",
        "balance": "5600",
        "previousTransaction": "DyT3JYCG2DC78QYKfACcgpoA9uPb8SW1jSEK84cw7hYd"
      },
      {
        "coinType": "0x0000000000000000000000000000000000000000000000000000000000000002::bfc::BFC",
        "coinObjectId": "BFC1fbbe47d80a35d37a47d98ac0781456ba119d2193fb12295acc1edf472a2e64d9c5b",
        "version": "10",
        "digest": "6ztRNKMmobwi2ZbDqAuzVWCMWfiU2HXynLeYpPEKTzkw",
        "balance": "500",
        "previousTransaction": "GdyJVCiL2RYvmb9JUfBVALM4cwm196rZJwBxJArgU9gd"
      },
      {
        "coinType": "0x0000000000000000000000000000000000000000000000000000000000000002::bfc::BFC",
        "coinObjectId": "BFC3df25e2abbc15a6a4b0d777050c386482e099e7b0e0542aa701ac1ae3c7b6b7a47fa",
        "version": "5",
        "digest": "Fjv9wEZcDyNPiUQLSe9U7Q736L9FwybGeZruaJmfgxCC",
        "balance": "780",
        "previousTransaction": "HWfS12HV9JUUk3RvNYKoEadZFWWB6bR5GtsuDEyVhfMv"
      },
      {
        "coinType": "0x0000000000000000000000000000000000000000000000000000000000000002::bfc::BFC",
        "coinObjectId": "BFCd013c44d8398bcc04860e20c173e2b164b7feed98f98f04c1a04948ee792969c895e",
        "version": "8",
        "digest": "839ya1PDZfkuD3t3fXbQ5WQZG9uUZoDTvkuDfbz6Loew",
        "balance": "20",
        "previousTransaction": "8zJuoXVmY9jMDpDAmF74Q2xnhd4q1SSsvjoF6MnjEBtB"
      },
      {
        "coinType": "0x0000000000000000000000000000000000000000000000000000000000000002::bfc::BFC",
        "coinObjectId": "BFC7d4584e81b371f9b6433a14695388673dd5144d1fba48a6fc35478ee57fb0d2ae74e",
        "version": "6",
        "digest": "79aEhae9BNQy3FHJD96NgGom86wgQcgYRnTQxG7VuUvm",
        "balance": "90",
        "previousTransaction": "GJURLxf2RjFzvn8PBm63rYks79TdiSrHfZHYVKzQ7cNa"
      },
      {
        "coinType": "0x0000000000000000000000000000000000000000000000000000000000000002::bfc::BFC",
        "coinObjectId": "BFC72710662ac0f8b0b50413a6ebbf3ad71039b18f8694af387c2388ece998b68bb29f6",
        "version": "7",
        "digest": "G6E55K7npEmpBV2cLAMEYK2tMN4z9MvtLy4H2LJxK1q4",
        "balance": "10",
        "previousTransaction": "BoVB3vjMxXkTgyRQRdUb7UTQEHau9VmniJcjH9LJVSsK"
      },
      {
        "coinType": "0x0000000000000000000000000000000000000000000000000000000000000002::bfc::BFC",
        "coinObjectId": "BFC64f605c6ce760d8b781f48df1f768f369ad21c5112a57c3113e3575a2dc99dc0bec1",
        "version": "9",
        "digest": "DDNNtkBNhQ8KwkRBQLYXxQwmtADsSDXEyZshHCGzM7cx",
        "balance": "30",
        "previousTransaction": "AJyXHF1tJoDaR7Yi64mdRuSvkqFAgG8J7ffenvsZGuVD"
      }
    ],
    "nextCursor": "IGT2BcbOdg2LeB9I3x92jzaa0hxREqV8MRPjV1otyZ3AAQAAAAAAAAABAAAAAAAAAA==",
    "hasNextPage": false
  }
}

task 20, lines 79-83:
//# run-jsonrpc --cursors bcs(@{obj_1_0},1,4)
Response: {
  "jsonrpc": "2.0",
  "id": 4,
  "result": {
    "data": [
      {
        "coinType": "0x0000000000000000000000000000000000000000000000000000000000000002::bfc::BFC",
        "coinObjectId": "BFC31c63a88f098b07e4babc4425d034b07d138000ab59816412b3ea0574faeee8d7219",
        "version": "4",
        "digest": "98p4fgHR9znasZt4sBsMuH7GVFtDJBGMn9NuSqVzejD9",
        "balance": "5600",
        "previousTransaction": "DyT3JYCG2DC78QYKfACcgpoA9uPb8SW1jSEK84cw7hYd"
      },
      {
        "coinType": "0x0000000000000000000000000000000000000000000000000000000000000002::bfc::BFC",
        "coinObjectId": "BFC1fbbe47d80a35d37a47d98ac0781456ba119d2193fb12295acc1edf472a2e64d9c5b",
        "version": "10",
        "digest": "6ztRNKMmobwi2ZbDqAuzVWCMWfiU2HXynLeYpPEKTzkw",
        "balance": "500",
        "previousTransaction": "GdyJVCiL2RYvmb9JUfBVALM4cwm196rZJwBxJArgU9gd"
      },
      {
        "coinType": "0x0000000000000000000000000000000000000000000000000000000000000002::bfc::BFC",
        "coinObjectId": "BFC3df25e2abbc15a6a4b0d777050c386482e099e7b0e0542aa701ac1ae3c7b6b7a47fa",
        "version": "5",
        "digest": "Fjv9wEZcDyNPiUQLSe9U7Q736L9FwybGeZruaJmfgxCC",
        "balance": "780",
        "previousTransaction": "HWfS12HV9JUUk3RvNYKoEadZFWWB6bR5GtsuDEyVhfMv"
      },
      {
        "coinType": "0x0000000000000000000000000000000000000000000000000000000000000002::bfc::BFC",
        "coinObjectId": "BFCd013c44d8398bcc04860e20c173e2b164b7feed98f98f04c1a04948ee792969c895e",
        "version": "8",
        "digest": "839ya1PDZfkuD3t3fXbQ5WQZG9uUZoDTvkuDfbz6Loew",
        "balance": "20",
        "previousTransaction": "8zJuoXVmY9jMDpDAmF74Q2xnhd4q1SSsvjoF6MnjEBtB"
      },
      {
        "coinType": "0x0000000000000000000000000000000000000000000000000000000000000002::bfc::BFC",
        "coinObjectId": "BFC7d4584e81b371f9b6433a14695388673dd5144d1fba48a6fc35478ee57fb0d2ae74e",
        "version": "6",
        "digest": "79aEhae9BNQy3FHJD96NgGom86wgQcgYRnTQxG7VuUvm",
        "balance": "90",
        "previousTransaction": "GJURLxf2RjFzvn8PBm63rYks79TdiSrHfZHYVKzQ7cNa"
      },
      {
        "coinType": "0x0000000000000000000000000000000000000000000000000000000000000002::bfc::BFC",
        "coinObjectId": "BFC72710662ac0f8b0b50413a6ebbf3ad71039b18f8694af387c2388ece998b68bb29f6",
        "version": "7",
        "digest": "G6E55K7npEmpBV2cLAMEYK2tMN4z9MvtLy4H2LJxK1q4",
        "balance": "10",
        "previousTransaction": "BoVB3vjMxXkTgyRQRdUb7UTQEHau9VmniJcjH9LJVSsK"
      },
      {
        "coinType": "0x0000000000000000000000000000000000000000000000000000000000000002::bfc::BFC",
        "coinObjectId": "BFC64f605c6ce760d8b781f48df1f768f369ad21c5112a57c3113e3575a2dc99dc0bec1",
        "version": "9",
        "digest": "DDNNtkBNhQ8KwkRBQLYXxQwmtADsSDXEyZshHCGzM7cx",
        "balance": "30",
        "previousTransaction": "AJyXHF1tJoDaR7Yi64mdRuSvkqFAgG8J7ffenvsZGuVD"
      }
    ],
    "nextCursor": "IGT2BcbOdg2LeB9I3x92jzaa0hxREqV8MRPjV1otyZ3AAQAAAAAAAAABAAAAAAAAAA==",
    "hasNextPage": false
  }
}
