---
source: external-crates/move/crates/move-transactional-test-runner/src/framework.rs
---
processed 21 tasks

init:
A: object(0,0), B: object(0,1)

task 1, lines 6-8:
//# programmable --sender A --inputs 120000 @A
//> 0: SplitCoins(Gas, [Input(0)]);
//> 1: TransferObjects([Result(0)], Input(1))
created: object(1,0)
mutated: object(0,0)
gas summary: computation_cost: 1000000, storage_cost: 2614400,  storage_rebate: 0, non_refundable_storage_fee: 0

task 2, lines 10-12:
//# programmable --sender A --inputs 34000 @A
//> 0: SplitCoins(Gas, [Input(0)]);
//> 1: TransferObjects([Result(0)], Input(1))
created: object(2,0)
mutated: object(0,0)
gas summary: computation_cost: 1000000, storage_cost: 2614400,  storage_rebate: 1294128, non_refundable_storage_fee: 13072

task 3, lines 14-16:
//# programmable --sender A --inputs 5600 @A
//> 0: SplitCoins(Gas, [Input(0)]);
//> 1: TransferObjects([Result(0)], Input(1))
created: object(3,0)
mutated: object(0,0)
gas summary: computation_cost: 1000000, storage_cost: 2614400,  storage_rebate: 1294128, non_refundable_storage_fee: 13072

task 4, lines 18-20:
//# programmable --sender A --inputs 780 @A
//> 0: SplitCoins(Gas, [Input(0)]);
//> 1: TransferObjects([Result(0)], Input(1))
created: object(4,0)
mutated: object(0,0)
gas summary: computation_cost: 1000000, storage_cost: 2614400,  storage_rebate: 1294128, non_refundable_storage_fee: 13072

task 5, lines 22-24:
//# programmable --sender A --inputs 90 @A
//> 0: SplitCoins(Gas, [Input(0)]);
//> 1: TransferObjects([Result(0)], Input(1))
created: object(5,0)
mutated: object(0,0)
gas summary: computation_cost: 1000000, storage_cost: 2614400,  storage_rebate: 1294128, non_refundable_storage_fee: 13072

task 6, lines 26-28:
//# programmable --sender A --inputs 10 @A
//> 0: SplitCoins(Gas, [Input(0)]);
//> 1: TransferObjects([Result(0)], Input(1))
created: object(6,0)
mutated: object(0,0)
gas summary: computation_cost: 1000000, storage_cost: 2614400,  storage_rebate: 1294128, non_refundable_storage_fee: 13072

task 7, lines 30-32:
//# programmable --sender A --inputs 20 @A
//> 0: SplitCoins(Gas, [Input(0)]);
//> 1: TransferObjects([Result(0)], Input(1))
created: object(7,0)
mutated: object(0,0)
gas summary: computation_cost: 1000000, storage_cost: 2614400,  storage_rebate: 1294128, non_refundable_storage_fee: 13072

task 8, lines 35-37:
//# programmable --sender A --inputs 30 @A
//> 0: SplitCoins(Gas, [Input(0)]);
//> 1: TransferObjects([Result(0)], Input(1))
created: object(8,0)
mutated: object(0,0)
gas summary: computation_cost: 1000000, storage_cost: 2614400,  storage_rebate: 1294128, non_refundable_storage_fee: 13072

task 9, line 39:
//# view-object 4,0
Owner: Account Address ( BFCfccc9a421bbb13c1a66a1aa98f0ad75029ede94857779c6915b44f94068b921e71f7 )
Version: 5
Contents: sui::coin::Coin<sui::bfc::BFC> {
    id: sui::object::UID {
        id: sui::object::ID {
            bytes: fake(4,0),
        },
    },
    balance: sui::balance::Balance<sui::bfc::BFC> {
        value: 780u64,
    },
}

task 10, line 41:
//# view-object 5,0
Owner: Account Address ( BFCfccc9a421bbb13c1a66a1aa98f0ad75029ede94857779c6915b44f94068b921e71f7 )
Version: 6
Contents: sui::coin::Coin<sui::bfc::BFC> {
    id: sui::object::UID {
        id: sui::object::ID {
            bytes: fake(5,0),
        },
    },
    balance: sui::balance::Balance<sui::bfc::BFC> {
        value: 90u64,
    },
}

task 11, line 43:
//# view-object 6,0
Owner: Account Address ( BFCfccc9a421bbb13c1a66a1aa98f0ad75029ede94857779c6915b44f94068b921e71f7 )
Version: 7
Contents: sui::coin::Coin<sui::bfc::BFC> {
    id: sui::object::UID {
        id: sui::object::ID {
            bytes: fake(6,0),
        },
    },
    balance: sui::balance::Balance<sui::bfc::BFC> {
        value: 10u64,
    },
}

task 12, line 45:
//# view-object 7,0
Owner: Account Address ( BFCfccc9a421bbb13c1a66a1aa98f0ad75029ede94857779c6915b44f94068b921e71f7 )
Version: 8
Contents: sui::coin::Coin<sui::bfc::BFC> {
    id: sui::object::UID {
        id: sui::object::ID {
            bytes: fake(7,0),
        },
    },
    balance: sui::balance::Balance<sui::bfc::BFC> {
        value: 20u64,
    },
}

task 13, line 47:
//# create-checkpoint
Checkpoint created: 1

task 14, lines 49-53:
//# run-jsonrpc
Response: {
  "jsonrpc": "2.0",
  "id": 0,
  "result": {
    "data": [
      {
        "coinType": "0x0000000000000000000000000000000000000000000000000000000000000002::bfc::BFC",
        "coinObjectId": "BFC4c032f4787a960f7d12e78ce112e42cf1176d9f796d5bb80bf22f1466859185ca86a",
        "version": "9",
        "digest": "M7Mm9dNgZZYPtHBrVchvsyH9fm8viskPWbFQTsMFtrF",
        "balance": "299999979983166",
        "previousTransaction": "7tK6WUTX553vqvVC6KpMuPJKSJPb9yGzLCy2rH4tK6Zs"
      },
      {
        "coinType": "0x0000000000000000000000000000000000000000000000000000000000000002::bfc::BFC",
        "coinObjectId": "BFCab3c29fa258ddcbd05285ce2411ea8495b32976c8bd20622dbcf89a738ecfb57812c",
        "version": "2",
        "digest": "DLqjdSLikPHvrRPa43wu7Xjb6qG9smabngabVAC3rEF1",
        "balance": "120000",
        "previousTransaction": "6w89YHeYVskqCfWJctzQqKgpwUmoV4fMa18m3eCf7Hzn"
      },
      {
        "coinType": "0x0000000000000000000000000000000000000000000000000000000000000002::bfc::BFC",
        "coinObjectId": "BFCf90694bf453ac72e982567c46ca9b9f469bdc9bb611cc7ca3519f7c671922cd6f05a",
        "version": "3",
        "digest": "AXU847KjJJiLtTFdVZHEV47NLg3eZ4wFHknw4benuDD4",
        "balance": "34000",
        "previousTransaction": "EfCPhR6eQwdG2kX6YH2tWrFbd6QZvADrXVhBVwEaeWEp"
      }
    ],
    "nextCursor": "IPkGlL9FOscumCVnxGypufRpvcm7YRzHyjUZ98ZxkizWAQAAAAAAAAAEAAAAAAAAAA==",
    "hasNextPage": true
  }
}

task 15, lines 55-59:
//# run-jsonrpc --cursors bcs(@{obj_2_0},1,4)
Response: {
  "jsonrpc": "2.0",
  "id": 1,
  "result": {
    "data": [
      {
        "coinType": "0x0000000000000000000000000000000000000000000000000000000000000002::bfc::BFC",
        "coinObjectId": "BFC3b9018ac0f5775f7f16dacd4989bf435a4ff2107771055692225e7fb5e0d6edfbb67",
        "version": "4",
        "digest": "EnDZXbsinKLmcTa3dAs2vvuBiCHuVV3uwtMLTDm3oxXs",
        "balance": "5600",
        "previousTransaction": "Ebv4P4A63AgtAv7PWc2ZpNqgWtKBP7Cuchp7kXxvzhoV"
      },
      {
        "coinType": "0x0000000000000000000000000000000000000000000000000000000000000002::bfc::BFC",
        "coinObjectId": "BFCc821a95d15f37d272335aef3d6b18eef5310e9d5489a276a32373584ddec36db6540",
        "version": "5",
        "digest": "8pR1eubhbefzmRQ4TAs6b7gm8j4joRLPHEDxo1JrgJTq",
        "balance": "780",
        "previousTransaction": "FFw7ti4R6kybTNaP4mpSsLSapMGMaeNpndqM8JbZ8LRZ"
      },
      {
        "coinType": "0x0000000000000000000000000000000000000000000000000000000000000002::bfc::BFC",
        "coinObjectId": "BFCf3cac686063c7d9fc58338cd6a2ad4b6bfee56384035855d809bfbfb3331212d0d52",
        "version": "9",
        "digest": "6fENQsQFwdBXpYjamZNWv1eBbkZQUWud5ZqmmcMjT7of",
        "balance": "30",
        "previousTransaction": "7tK6WUTX553vqvVC6KpMuPJKSJPb9yGzLCy2rH4tK6Zs"
      },
      {
        "coinType": "0x0000000000000000000000000000000000000000000000000000000000000002::bfc::BFC",
        "coinObjectId": "BFC8293556daa68d160c161c426b309c289c1d20cb9c6c5e21077465998450eef23c920",
        "version": "6",
        "digest": "8kRi4cChsuDHg9BSRAtP2u5jXQW9biVqHHQGPoRDurz6",
        "balance": "90",
        "previousTransaction": "4BpwrvyhJh8keCpYLwEwGUwUPHhr7UjSBSCQEFrbCiDq"
      },
      {
        "coinType": "0x0000000000000000000000000000000000000000000000000000000000000002::bfc::BFC",
        "coinObjectId": "BFC75186ae69b78c5aa910c246efa70d9e419b567a4d1bcc92ce27c2f17d12cb76f91c1",
        "version": "7",
        "digest": "FYEj6RYc2EqxJEwNArQwbSwDEct5zLFEk9uPAZZJoLEi",
        "balance": "10",
        "previousTransaction": "DQ9MAC8xWX9wPoLx3SgeGKgSmfVZhm7tWRFwi79WGeVe"
      },
      {
        "coinType": "0x0000000000000000000000000000000000000000000000000000000000000002::bfc::BFC",
        "coinObjectId": "BFC0d2addd0ea44e49e0c24363c18079e38b9c693e9ddc5dc0ac419f21314a69388754e",
        "version": "8",
        "digest": "DYA376PEAdXB4CoFBJQH8nrmfFs2veBXGbFipVWR4fgq",
        "balance": "20",
        "previousTransaction": "8cMAEvDUceP1U7DizohivxTjX6zmnLWtmeuFMXUCtuji"
      }
    ],
    "nextCursor": "IA0q3dDqROSeDCQ2PBgHnji5xpPp3cXcCsQZ8hMUppOIAQAAAAAAAAABAAAAAAAAAA==",
    "hasNextPage": false
  }
}

task 16, lines 61-65:
//# run-jsonrpc --cursors bcs(@{obj_7_0},1,1)
Response: {
  "jsonrpc": "2.0",
  "id": 2,
  "result": {
    "data": [],
    "nextCursor": null,
    "hasNextPage": false
  }
}

task 17, lines 67-69:
//# programmable --sender A --inputs 500 @A
//> 0: SplitCoins(Gas, [Input(0)]);
//> 1: TransferObjects([Result(0)], Input(1))
created: object(17,0)
mutated: object(0,0)
gas summary: computation_cost: 1000000, storage_cost: 2614400,  storage_rebate: 1294128, non_refundable_storage_fee: 13072

task 18, line 71:
//# create-checkpoint
Checkpoint created: 2

task 19, lines 73-77:
//# run-jsonrpc --cursors bcs(@{obj_1_0},2,4)
Response: {
  "jsonrpc": "2.0",
  "id": 3,
  "result": {
    "data": [
      {
        "coinType": "0x0000000000000000000000000000000000000000000000000000000000000002::bfc::BFC",
        "coinObjectId": "BFCf90694bf453ac72e982567c46ca9b9f469bdc9bb611cc7ca3519f7c671922cd6f05a",
        "version": "3",
        "digest": "AXU847KjJJiLtTFdVZHEV47NLg3eZ4wFHknw4benuDD4",
        "balance": "34000",
        "previousTransaction": "EfCPhR6eQwdG2kX6YH2tWrFbd6QZvADrXVhBVwEaeWEp"
      },
      {
        "coinType": "0x0000000000000000000000000000000000000000000000000000000000000002::bfc::BFC",
        "coinObjectId": "BFC3b9018ac0f5775f7f16dacd4989bf435a4ff2107771055692225e7fb5e0d6edfbb67",
        "version": "4",
        "digest": "EnDZXbsinKLmcTa3dAs2vvuBiCHuVV3uwtMLTDm3oxXs",
        "balance": "5600",
        "previousTransaction": "Ebv4P4A63AgtAv7PWc2ZpNqgWtKBP7Cuchp7kXxvzhoV"
      },
      {
        "coinType": "0x0000000000000000000000000000000000000000000000000000000000000002::bfc::BFC",
        "coinObjectId": "BFCa0242dca0407ee56fee6768de77ec593ffb061474ab54a47f56f61eb27427431a823",
        "version": "10",
        "digest": "2Z5AYtYoxX4WgLHWRJdgcCXECPF7WSDqQkw4o5Lrisjj",
        "balance": "500",
        "previousTransaction": "DAimXSBZXpzp9Vr6naHY8bFHF5AWJm3Km8qWmzAbJ2x6"
      },
      {
        "coinType": "0x0000000000000000000000000000000000000000000000000000000000000002::bfc::BFC",
        "coinObjectId": "BFCc821a95d15f37d272335aef3d6b18eef5310e9d5489a276a32373584ddec36db6540",
        "version": "5",
        "digest": "8pR1eubhbefzmRQ4TAs6b7gm8j4joRLPHEDxo1JrgJTq",
        "balance": "780",
        "previousTransaction": "FFw7ti4R6kybTNaP4mpSsLSapMGMaeNpndqM8JbZ8LRZ"
      },
      {
        "coinType": "0x0000000000000000000000000000000000000000000000000000000000000002::bfc::BFC",
        "coinObjectId": "BFCf3cac686063c7d9fc58338cd6a2ad4b6bfee56384035855d809bfbfb3331212d0d52",
        "version": "9",
        "digest": "6fENQsQFwdBXpYjamZNWv1eBbkZQUWud5ZqmmcMjT7of",
        "balance": "30",
        "previousTransaction": "7tK6WUTX553vqvVC6KpMuPJKSJPb9yGzLCy2rH4tK6Zs"
      },
      {
        "coinType": "0x0000000000000000000000000000000000000000000000000000000000000002::bfc::BFC",
        "coinObjectId": "BFC8293556daa68d160c161c426b309c289c1d20cb9c6c5e21077465998450eef23c920",
        "version": "6",
        "digest": "8kRi4cChsuDHg9BSRAtP2u5jXQW9biVqHHQGPoRDurz6",
        "balance": "90",
        "previousTransaction": "4BpwrvyhJh8keCpYLwEwGUwUPHhr7UjSBSCQEFrbCiDq"
      },
      {
        "coinType": "0x0000000000000000000000000000000000000000000000000000000000000002::bfc::BFC",
        "coinObjectId": "BFC75186ae69b78c5aa910c246efa70d9e419b567a4d1bcc92ce27c2f17d12cb76f91c1",
        "version": "7",
        "digest": "FYEj6RYc2EqxJEwNArQwbSwDEct5zLFEk9uPAZZJoLEi",
        "balance": "10",
        "previousTransaction": "DQ9MAC8xWX9wPoLx3SgeGKgSmfVZhm7tWRFwi79WGeVe"
      },
      {
        "coinType": "0x0000000000000000000000000000000000000000000000000000000000000002::bfc::BFC",
        "coinObjectId": "BFC0d2addd0ea44e49e0c24363c18079e38b9c693e9ddc5dc0ac419f21314a69388754e",
        "version": "8",
        "digest": "DYA376PEAdXB4CoFBJQH8nrmfFs2veBXGbFipVWR4fgq",
        "balance": "20",
        "previousTransaction": "8cMAEvDUceP1U7DizohivxTjX6zmnLWtmeuFMXUCtuji"
      }
    ],
    "nextCursor": "IA0q3dDqROSeDCQ2PBgHnji5xpPp3cXcCsQZ8hMUppOIAQAAAAAAAAABAAAAAAAAAA==",
    "hasNextPage": false
  }
}

task 20, lines 79-83:
//# run-jsonrpc --cursors bcs(@{obj_1_0},1,4)
Response: {
  "jsonrpc": "2.0",
  "id": 4,
  "result": {
    "data": [
      {
        "coinType": "0x0000000000000000000000000000000000000000000000000000000000000002::bfc::BFC",
        "coinObjectId": "BFC3b9018ac0f5775f7f16dacd4989bf435a4ff2107771055692225e7fb5e0d6edfbb67",
        "version": "4",
        "digest": "EnDZXbsinKLmcTa3dAs2vvuBiCHuVV3uwtMLTDm3oxXs",
        "balance": "5600",
        "previousTransaction": "Ebv4P4A63AgtAv7PWc2ZpNqgWtKBP7Cuchp7kXxvzhoV"
      },
      {
        "coinType": "0x0000000000000000000000000000000000000000000000000000000000000002::bfc::BFC",
        "coinObjectId": "BFCa0242dca0407ee56fee6768de77ec593ffb061474ab54a47f56f61eb27427431a823",
        "version": "10",
        "digest": "2Z5AYtYoxX4WgLHWRJdgcCXECPF7WSDqQkw4o5Lrisjj",
        "balance": "500",
        "previousTransaction": "DAimXSBZXpzp9Vr6naHY8bFHF5AWJm3Km8qWmzAbJ2x6"
      },
      {
        "coinType": "0x0000000000000000000000000000000000000000000000000000000000000002::bfc::BFC",
        "coinObjectId": "BFCc821a95d15f37d272335aef3d6b18eef5310e9d5489a276a32373584ddec36db6540",
        "version": "5",
        "digest": "8pR1eubhbefzmRQ4TAs6b7gm8j4joRLPHEDxo1JrgJTq",
        "balance": "780",
        "previousTransaction": "FFw7ti4R6kybTNaP4mpSsLSapMGMaeNpndqM8JbZ8LRZ"
      },
      {
        "coinType": "0x0000000000000000000000000000000000000000000000000000000000000002::bfc::BFC",
        "coinObjectId": "BFCf3cac686063c7d9fc58338cd6a2ad4b6bfee56384035855d809bfbfb3331212d0d52",
        "version": "9",
        "digest": "6fENQsQFwdBXpYjamZNWv1eBbkZQUWud5ZqmmcMjT7of",
        "balance": "30",
        "previousTransaction": "7tK6WUTX553vqvVC6KpMuPJKSJPb9yGzLCy2rH4tK6Zs"
      },
      {
        "coinType": "0x0000000000000000000000000000000000000000000000000000000000000002::bfc::BFC",
        "coinObjectId": "BFC8293556daa68d160c161c426b309c289c1d20cb9c6c5e21077465998450eef23c920",
        "version": "6",
        "digest": "8kRi4cChsuDHg9BSRAtP2u5jXQW9biVqHHQGPoRDurz6",
        "balance": "90",
        "previousTransaction": "4BpwrvyhJh8keCpYLwEwGUwUPHhr7UjSBSCQEFrbCiDq"
      },
      {
        "coinType": "0x0000000000000000000000000000000000000000000000000000000000000002::bfc::BFC",
        "coinObjectId": "BFC75186ae69b78c5aa910c246efa70d9e419b567a4d1bcc92ce27c2f17d12cb76f91c1",
        "version": "7",
        "digest": "FYEj6RYc2EqxJEwNArQwbSwDEct5zLFEk9uPAZZJoLEi",
        "balance": "10",
        "previousTransaction": "DQ9MAC8xWX9wPoLx3SgeGKgSmfVZhm7tWRFwi79WGeVe"
      },
      {
        "coinType": "0x0000000000000000000000000000000000000000000000000000000000000002::bfc::BFC",
        "coinObjectId": "BFC0d2addd0ea44e49e0c24363c18079e38b9c693e9ddc5dc0ac419f21314a69388754e",
        "version": "8",
        "digest": "DYA376PEAdXB4CoFBJQH8nrmfFs2veBXGbFipVWR4fgq",
        "balance": "20",
        "previousTransaction": "8cMAEvDUceP1U7DizohivxTjX6zmnLWtmeuFMXUCtuji"
      }
    ],
    "nextCursor": "IA0q3dDqROSeDCQ2PBgHnji5xpPp3cXcCsQZ8hMUppOIAQAAAAAAAAABAAAAAAAAAA==",
    "hasNextPage": false
  }
}
