---
source: external-crates/move/crates/move-transactional-test-runner/src/framework.rs
---
processed 21 tasks

init:
A: object(0,0), B: object(0,1)

task 1, lines 6-8:
//# programmable --sender A --inputs 120000 @A
//> 0: SplitCoins(Gas, [Input(0)]);
//> 1: TransferObjects([Result(0)], Input(1))
created: object(1,0)
mutated: object(0,0)
gas summary: computation_cost: 1000000, storage_cost: 2614400,  storage_rebate: 0, non_refundable_storage_fee: 0

task 2, lines 10-12:
//# programmable --sender A --inputs 34000 @A
//> 0: SplitCoins(Gas, [Input(0)]);
//> 1: TransferObjects([Result(0)], Input(1))
created: object(2,0)
mutated: object(0,0)
gas summary: computation_cost: 1000000, storage_cost: 2614400,  storage_rebate: 1294128, non_refundable_storage_fee: 13072

task 3, lines 14-16:
//# programmable --sender A --inputs 5600 @A
//> 0: SplitCoins(Gas, [Input(0)]);
//> 1: TransferObjects([Result(0)], Input(1))
created: object(3,0)
mutated: object(0,0)
gas summary: computation_cost: 1000000, storage_cost: 2614400,  storage_rebate: 1294128, non_refundable_storage_fee: 13072

task 4, lines 18-20:
//# programmable --sender A --inputs 780 @A
//> 0: SplitCoins(Gas, [Input(0)]);
//> 1: TransferObjects([Result(0)], Input(1))
created: object(4,0)
mutated: object(0,0)
gas summary: computation_cost: 1000000, storage_cost: 2614400,  storage_rebate: 1294128, non_refundable_storage_fee: 13072

task 5, lines 22-24:
//# programmable --sender A --inputs 90 @A
//> 0: SplitCoins(Gas, [Input(0)]);
//> 1: TransferObjects([Result(0)], Input(1))
created: object(5,0)
mutated: object(0,0)
gas summary: computation_cost: 1000000, storage_cost: 2614400,  storage_rebate: 1294128, non_refundable_storage_fee: 13072

task 6, lines 26-28:
//# programmable --sender A --inputs 10 @A
//> 0: SplitCoins(Gas, [Input(0)]);
//> 1: TransferObjects([Result(0)], Input(1))
created: object(6,0)
mutated: object(0,0)
gas summary: computation_cost: 1000000, storage_cost: 2614400,  storage_rebate: 1294128, non_refundable_storage_fee: 13072

task 7, lines 30-32:
//# programmable --sender A --inputs 20 @A
//> 0: SplitCoins(Gas, [Input(0)]);
//> 1: TransferObjects([Result(0)], Input(1))
created: object(7,0)
mutated: object(0,0)
gas summary: computation_cost: 1000000, storage_cost: 2614400,  storage_rebate: 1294128, non_refundable_storage_fee: 13072

task 8, lines 35-37:
//# programmable --sender A --inputs 30 @A
//> 0: SplitCoins(Gas, [Input(0)]);
//> 1: TransferObjects([Result(0)], Input(1))
created: object(8,0)
mutated: object(0,0)
gas summary: computation_cost: 1000000, storage_cost: 2614400,  storage_rebate: 1294128, non_refundable_storage_fee: 13072

task 9, line 39:
//# view-object 4,0
Owner: Account Address ( BFCfccc9a421bbb13c1a66a1aa98f0ad75029ede94857779c6915b44f94068b921e71f7 )
Version: 5
Contents: sui::coin::Coin<sui::bfc::BFC> {
    id: sui::object::UID {
        id: sui::object::ID {
            bytes: fake(4,0),
        },
    },
    balance: sui::balance::Balance<sui::bfc::BFC> {
        value: 780u64,
    },
}

task 10, line 41:
//# view-object 5,0
Owner: Account Address ( BFCfccc9a421bbb13c1a66a1aa98f0ad75029ede94857779c6915b44f94068b921e71f7 )
Version: 6
Contents: sui::coin::Coin<sui::bfc::BFC> {
    id: sui::object::UID {
        id: sui::object::ID {
            bytes: fake(5,0),
        },
    },
    balance: sui::balance::Balance<sui::bfc::BFC> {
        value: 90u64,
    },
}

task 11, line 43:
//# view-object 6,0
Owner: Account Address ( BFCfccc9a421bbb13c1a66a1aa98f0ad75029ede94857779c6915b44f94068b921e71f7 )
Version: 7
Contents: sui::coin::Coin<sui::bfc::BFC> {
    id: sui::object::UID {
        id: sui::object::ID {
            bytes: fake(6,0),
        },
    },
    balance: sui::balance::Balance<sui::bfc::BFC> {
        value: 10u64,
    },
}

task 12, line 45:
//# view-object 7,0
Owner: Account Address ( BFCfccc9a421bbb13c1a66a1aa98f0ad75029ede94857779c6915b44f94068b921e71f7 )
Version: 8
Contents: sui::coin::Coin<sui::bfc::BFC> {
    id: sui::object::UID {
        id: sui::object::ID {
            bytes: fake(7,0),
        },
    },
    balance: sui::balance::Balance<sui::bfc::BFC> {
        value: 20u64,
    },
}

task 13, line 47:
//# create-checkpoint
Checkpoint created: 1

task 14, lines 49-53:
//# run-jsonrpc
Response: {
  "jsonrpc": "2.0",
  "id": 0,
  "result": {
    "data": [
      {
        "coinType": "0x0000000000000000000000000000000000000000000000000000000000000002::bfc::BFC",
        "coinObjectId": "BFC4c032f4787a960f7d12e78ce112e42cf1176d9f796d5bb80bf22f1466859185ca86a",
        "version": "9",
        "digest": "8NqgkNSp4BYXA3A8hyCfbn9bb8hgPw98gk5xAQKJkJSb",
        "balance": "299999979983166",
        "previousTransaction": "J9N8ynSRctiEAGYrdPJgqd4p5NbHMsCYB4ethshMkSjS"
      },
      {
        "coinType": "0x0000000000000000000000000000000000000000000000000000000000000002::bfc::BFC",
        "coinObjectId": "BFCe385a13d90a22154e8396da273da8d205494bc270346c1b3ddc2c99000c0f4340ee2",
        "version": "2",
        "digest": "8G7JoGA4qQpKe8E3MivVmHMYZDadZJcD4ZXqY6JNbvFC",
        "balance": "120000",
        "previousTransaction": "8B4WqbJ27DpYaGYyZEJy4yMGNYFHsSx3rYfWDsQ42y6G"
      },
      {
        "coinType": "0x0000000000000000000000000000000000000000000000000000000000000002::bfc::BFC",
        "coinObjectId": "BFC2c8c2a2c51bcbd8728468562c843805eabfcac2564a6ca2309c3e0903d45c140eb0b",
        "version": "3",
        "digest": "HxgCCgocap2CFkP9FZJhxwiN1f9jBnuH1x1dnSJvuX6S",
        "balance": "34000",
        "previousTransaction": "AY5bhbPb7hKucqdCngk1ZXEGCaXkfMAhpSQhNwEcWmJN"
      }
    ],
    "nextCursor": "ICyMKixRvL2HKEaFYshDgF6r/KwlZKbKIwnD4JA9RcFAAQAAAAAAAAAEAAAAAAAAAA==",
    "hasNextPage": true
  }
}

task 15, lines 55-59:
//# run-jsonrpc --cursors bcs(@{obj_2_0},1,4)
Response: {
  "jsonrpc": "2.0",
  "id": 1,
  "result": {
    "data": [
      {
        "coinType": "0x0000000000000000000000000000000000000000000000000000000000000002::bfc::BFC",
        "coinObjectId": "BFC28f1f170a3b856c18f75c53d8fbcd0ef3135222e74cf9132e5e173c35c6935752f4a",
        "version": "4",
        "digest": "5okdqdFARbRb7QLt8WBPZngGweGfmR8eNvWo2DxTQwbk",
        "balance": "5600",
        "previousTransaction": "6ZgkaJ7R45c2RRjMGRacqQTd29JSBMrhbN21Mn1hgsK6"
      },
      {
        "coinType": "0x0000000000000000000000000000000000000000000000000000000000000002::bfc::BFC",
        "coinObjectId": "BFC69e17eca1e4cdaf71935e518639dada6eb341304c99920d185e1462a9add57dfc388",
        "version": "5",
        "digest": "9WFmjuFNsiWbDjc7kZCTXGCLvjkjWC9X6qd4fU8TTdD9",
        "balance": "780",
        "previousTransaction": "8WXjZxKtdEC949heyhpgkUcjLE8mVtdysPpAxd8AZ5B6"
      },
      {
        "coinType": "0x0000000000000000000000000000000000000000000000000000000000000002::bfc::BFC",
        "coinObjectId": "BFC8b279bf17672c55be72b0210370a32f157d2fd8becba027228f9e2f5e2c66fa25733",
        "version": "9",
        "digest": "DhAfJM1XGiZWvxis2kcPCPJ3W9TDwfk5BbRZmzgM5uxN",
        "balance": "30",
        "previousTransaction": "J9N8ynSRctiEAGYrdPJgqd4p5NbHMsCYB4ethshMkSjS"
      },
      {
        "coinType": "0x0000000000000000000000000000000000000000000000000000000000000002::bfc::BFC",
        "coinObjectId": "BFC87689859e24d99de5cd74940a5f114229f09103e77206287551a16fcafddd4f2594b",
        "version": "8",
        "digest": "AocGJRneK24WyebZBZ1Twmkb3ugiZfgVRbU8AhyLTXj8",
        "balance": "20",
        "previousTransaction": "3112UgMed7BSLnvvrYzcBvN4XwMJeupmC24PGHtmdXU2"
      },
      {
        "coinType": "0x0000000000000000000000000000000000000000000000000000000000000002::bfc::BFC",
        "coinObjectId": "BFC6a038076ca1a5b86e9802c549c8d8c642208977bbbe819b9884028ec4ed488cdfa12",
        "version": "6",
        "digest": "5FJS2LxAjgqYvqs2aBZ9QMPW3eTxaT2bSzXGnFgLzKY8",
        "balance": "90",
        "previousTransaction": "4YW8P5ddiQwxTbPD8TmRGV27QKtt7CYviGNj9MsJxpjA"
      },
      {
        "coinType": "0x0000000000000000000000000000000000000000000000000000000000000002::bfc::BFC",
        "coinObjectId": "BFC15b7903cebca5189b8ecd0c1460636409b71b972b7cadac6b9d50ce9f4a749ac7830",
        "version": "7",
        "digest": "CAquL2z57bWoBX5npf7RgeNMfHEP2Q4wgkxPuiFjLufC",
        "balance": "10",
        "previousTransaction": "8c8e6fvsXr2zhTHsiMzWvR5XD3FQmgNKwWnvw7xejW6J"
      }
    ],
    "nextCursor": "IBW3kDzrylGJuOzQwUYGNkCbcblyt8raxrnVDOn0p0msAQAAAAAAAAABAAAAAAAAAA==",
    "hasNextPage": false
  }
}

task 16, lines 61-65:
//# run-jsonrpc --cursors bcs(@{obj_7_0},1,1)
Response: {
  "jsonrpc": "2.0",
  "id": 2,
  "result": {
    "data": [
      {
        "coinType": "0x0000000000000000000000000000000000000000000000000000000000000002::bfc::BFC",
        "coinObjectId": "BFC6a038076ca1a5b86e9802c549c8d8c642208977bbbe819b9884028ec4ed488cdfa12",
        "version": "6",
        "digest": "5FJS2LxAjgqYvqs2aBZ9QMPW3eTxaT2bSzXGnFgLzKY8",
        "balance": "90",
        "previousTransaction": "4YW8P5ddiQwxTbPD8TmRGV27QKtt7CYviGNj9MsJxpjA"
      },
      {
        "coinType": "0x0000000000000000000000000000000000000000000000000000000000000002::bfc::BFC",
        "coinObjectId": "BFC15b7903cebca5189b8ecd0c1460636409b71b972b7cadac6b9d50ce9f4a749ac7830",
        "version": "7",
        "digest": "CAquL2z57bWoBX5npf7RgeNMfHEP2Q4wgkxPuiFjLufC",
        "balance": "10",
        "previousTransaction": "8c8e6fvsXr2zhTHsiMzWvR5XD3FQmgNKwWnvw7xejW6J"
      }
    ],
    "nextCursor": "IBW3kDzrylGJuOzQwUYGNkCbcblyt8raxrnVDOn0p0msAQAAAAAAAAABAAAAAAAAAA==",
    "hasNextPage": false
  }
}

task 17, lines 67-69:
//# programmable --sender A --inputs 500 @A
//> 0: SplitCoins(Gas, [Input(0)]);
//> 1: TransferObjects([Result(0)], Input(1))
created: object(17,0)
mutated: object(0,0)
gas summary: computation_cost: 1000000, storage_cost: 2614400,  storage_rebate: 1294128, non_refundable_storage_fee: 13072

task 18, line 71:
//# create-checkpoint
Checkpoint created: 2

task 19, lines 73-77:
//# run-jsonrpc --cursors bcs(@{obj_1_0},2,4)
Response: {
  "jsonrpc": "2.0",
  "id": 3,
  "result": {
    "data": [
      {
        "coinType": "0x0000000000000000000000000000000000000000000000000000000000000002::bfc::BFC",
        "coinObjectId": "BFC2c8c2a2c51bcbd8728468562c843805eabfcac2564a6ca2309c3e0903d45c140eb0b",
        "version": "3",
        "digest": "HxgCCgocap2CFkP9FZJhxwiN1f9jBnuH1x1dnSJvuX6S",
        "balance": "34000",
        "previousTransaction": "AY5bhbPb7hKucqdCngk1ZXEGCaXkfMAhpSQhNwEcWmJN"
      },
      {
        "coinType": "0x0000000000000000000000000000000000000000000000000000000000000002::bfc::BFC",
        "coinObjectId": "BFC28f1f170a3b856c18f75c53d8fbcd0ef3135222e74cf9132e5e173c35c6935752f4a",
        "version": "4",
        "digest": "5okdqdFARbRb7QLt8WBPZngGweGfmR8eNvWo2DxTQwbk",
        "balance": "5600",
        "previousTransaction": "6ZgkaJ7R45c2RRjMGRacqQTd29JSBMrhbN21Mn1hgsK6"
      },
      {
        "coinType": "0x0000000000000000000000000000000000000000000000000000000000000002::bfc::BFC",
        "coinObjectId": "BFCa247b95b5c03d39f94b0a820db748a72a02b02f5b33c1978cfe24e8e46e962b3d122",
        "version": "10",
        "digest": "EcmaTK6Vqtf5kpcmNARcXdYvYkpBo6ZdXJKQJp15Svf7",
        "balance": "500",
        "previousTransaction": "9RwYtCZn71QhSLzjCwSZ1GqmurstZgy1VaoMrtk9bdBH"
      },
      {
        "coinType": "0x0000000000000000000000000000000000000000000000000000000000000002::bfc::BFC",
        "coinObjectId": "BFC69e17eca1e4cdaf71935e518639dada6eb341304c99920d185e1462a9add57dfc388",
        "version": "5",
        "digest": "9WFmjuFNsiWbDjc7kZCTXGCLvjkjWC9X6qd4fU8TTdD9",
        "balance": "780",
        "previousTransaction": "8WXjZxKtdEC949heyhpgkUcjLE8mVtdysPpAxd8AZ5B6"
      },
      {
        "coinType": "0x0000000000000000000000000000000000000000000000000000000000000002::bfc::BFC",
        "coinObjectId": "BFC8b279bf17672c55be72b0210370a32f157d2fd8becba027228f9e2f5e2c66fa25733",
        "version": "9",
        "digest": "DhAfJM1XGiZWvxis2kcPCPJ3W9TDwfk5BbRZmzgM5uxN",
        "balance": "30",
        "previousTransaction": "J9N8ynSRctiEAGYrdPJgqd4p5NbHMsCYB4ethshMkSjS"
      },
      {
        "coinType": "0x0000000000000000000000000000000000000000000000000000000000000002::bfc::BFC",
        "coinObjectId": "BFC87689859e24d99de5cd74940a5f114229f09103e77206287551a16fcafddd4f2594b",
        "version": "8",
        "digest": "AocGJRneK24WyebZBZ1Twmkb3ugiZfgVRbU8AhyLTXj8",
        "balance": "20",
        "previousTransaction": "3112UgMed7BSLnvvrYzcBvN4XwMJeupmC24PGHtmdXU2"
      },
      {
        "coinType": "0x0000000000000000000000000000000000000000000000000000000000000002::bfc::BFC",
        "coinObjectId": "BFC6a038076ca1a5b86e9802c549c8d8c642208977bbbe819b9884028ec4ed488cdfa12",
        "version": "6",
        "digest": "5FJS2LxAjgqYvqs2aBZ9QMPW3eTxaT2bSzXGnFgLzKY8",
        "balance": "90",
        "previousTransaction": "4YW8P5ddiQwxTbPD8TmRGV27QKtt7CYviGNj9MsJxpjA"
      },
      {
        "coinType": "0x0000000000000000000000000000000000000000000000000000000000000002::bfc::BFC",
        "coinObjectId": "BFC15b7903cebca5189b8ecd0c1460636409b71b972b7cadac6b9d50ce9f4a749ac7830",
        "version": "7",
        "digest": "CAquL2z57bWoBX5npf7RgeNMfHEP2Q4wgkxPuiFjLufC",
        "balance": "10",
        "previousTransaction": "8c8e6fvsXr2zhTHsiMzWvR5XD3FQmgNKwWnvw7xejW6J"
      }
    ],
    "nextCursor": "IBW3kDzrylGJuOzQwUYGNkCbcblyt8raxrnVDOn0p0msAQAAAAAAAAABAAAAAAAAAA==",
    "hasNextPage": false
  }
}

task 20, lines 79-83:
//# run-jsonrpc --cursors bcs(@{obj_1_0},1,4)
Response: {
  "jsonrpc": "2.0",
  "id": 4,
  "result": {
    "data": [
      {
        "coinType": "0x0000000000000000000000000000000000000000000000000000000000000002::bfc::BFC",
        "coinObjectId": "BFC2c8c2a2c51bcbd8728468562c843805eabfcac2564a6ca2309c3e0903d45c140eb0b",
        "version": "3",
        "digest": "HxgCCgocap2CFkP9FZJhxwiN1f9jBnuH1x1dnSJvuX6S",
        "balance": "34000",
        "previousTransaction": "AY5bhbPb7hKucqdCngk1ZXEGCaXkfMAhpSQhNwEcWmJN"
      },
      {
        "coinType": "0x0000000000000000000000000000000000000000000000000000000000000002::bfc::BFC",
        "coinObjectId": "BFC28f1f170a3b856c18f75c53d8fbcd0ef3135222e74cf9132e5e173c35c6935752f4a",
        "version": "4",
        "digest": "5okdqdFARbRb7QLt8WBPZngGweGfmR8eNvWo2DxTQwbk",
        "balance": "5600",
        "previousTransaction": "6ZgkaJ7R45c2RRjMGRacqQTd29JSBMrhbN21Mn1hgsK6"
      },
      {
        "coinType": "0x0000000000000000000000000000000000000000000000000000000000000002::bfc::BFC",
        "coinObjectId": "BFCa247b95b5c03d39f94b0a820db748a72a02b02f5b33c1978cfe24e8e46e962b3d122",
        "version": "10",
        "digest": "EcmaTK6Vqtf5kpcmNARcXdYvYkpBo6ZdXJKQJp15Svf7",
        "balance": "500",
        "previousTransaction": "9RwYtCZn71QhSLzjCwSZ1GqmurstZgy1VaoMrtk9bdBH"
      },
      {
        "coinType": "0x0000000000000000000000000000000000000000000000000000000000000002::bfc::BFC",
        "coinObjectId": "BFC69e17eca1e4cdaf71935e518639dada6eb341304c99920d185e1462a9add57dfc388",
        "version": "5",
        "digest": "9WFmjuFNsiWbDjc7kZCTXGCLvjkjWC9X6qd4fU8TTdD9",
        "balance": "780",
        "previousTransaction": "8WXjZxKtdEC949heyhpgkUcjLE8mVtdysPpAxd8AZ5B6"
      },
      {
        "coinType": "0x0000000000000000000000000000000000000000000000000000000000000002::bfc::BFC",
        "coinObjectId": "BFC8b279bf17672c55be72b0210370a32f157d2fd8becba027228f9e2f5e2c66fa25733",
        "version": "9",
        "digest": "DhAfJM1XGiZWvxis2kcPCPJ3W9TDwfk5BbRZmzgM5uxN",
        "balance": "30",
        "previousTransaction": "J9N8ynSRctiEAGYrdPJgqd4p5NbHMsCYB4ethshMkSjS"
      },
      {
        "coinType": "0x0000000000000000000000000000000000000000000000000000000000000002::bfc::BFC",
        "coinObjectId": "BFC87689859e24d99de5cd74940a5f114229f09103e77206287551a16fcafddd4f2594b",
        "version": "8",
        "digest": "AocGJRneK24WyebZBZ1Twmkb3ugiZfgVRbU8AhyLTXj8",
        "balance": "20",
        "previousTransaction": "3112UgMed7BSLnvvrYzcBvN4XwMJeupmC24PGHtmdXU2"
      },
      {
        "coinType": "0x0000000000000000000000000000000000000000000000000000000000000002::bfc::BFC",
        "coinObjectId": "BFC6a038076ca1a5b86e9802c549c8d8c642208977bbbe819b9884028ec4ed488cdfa12",
        "version": "6",
        "digest": "5FJS2LxAjgqYvqs2aBZ9QMPW3eTxaT2bSzXGnFgLzKY8",
        "balance": "90",
        "previousTransaction": "4YW8P5ddiQwxTbPD8TmRGV27QKtt7CYviGNj9MsJxpjA"
      },
      {
        "coinType": "0x0000000000000000000000000000000000000000000000000000000000000002::bfc::BFC",
        "coinObjectId": "BFC15b7903cebca5189b8ecd0c1460636409b71b972b7cadac6b9d50ce9f4a749ac7830",
        "version": "7",
        "digest": "CAquL2z57bWoBX5npf7RgeNMfHEP2Q4wgkxPuiFjLufC",
        "balance": "10",
        "previousTransaction": "8c8e6fvsXr2zhTHsiMzWvR5XD3FQmgNKwWnvw7xejW6J"
      }
    ],
    "nextCursor": "IBW3kDzrylGJuOzQwUYGNkCbcblyt8raxrnVDOn0p0msAQAAAAAAAAABAAAAAAAAAA==",
    "hasNextPage": false
  }
}
