---
source: external-crates/move/crates/move-transactional-test-runner/src/framework.rs
---
processed 11 tasks

init:
A: object(0,0), B: object(0,1)

task 1, lines 9-11:
//# programmable --sender A --inputs 12 @A
//> 0: SplitCoins(Gas, [Input(0)]);
//> 1: TransferObjects([Result(0)], Input(1))
created: object(1,0)
mutated: object(0,0)
gas summary: computation_cost: 1000000, storage_cost: 2614400,  storage_rebate: 0, non_refundable_storage_fee: 0

task 2, lines 13-15:
//# programmable --sender A --inputs 34 @A
//> 0: SplitCoins(Gas, [Input(0)]);
//> 1: TransferObjects([Result(0)], Input(1))
created: object(2,0)
mutated: object(0,0)
gas summary: computation_cost: 1000000, storage_cost: 2614400,  storage_rebate: 1294128, non_refundable_storage_fee: 13072

task 3, line 17:
//# view-object 1,0
Owner: Account Address ( BFCfccc9a421bbb13c1a66a1aa98f0ad75029ede94857779c6915b44f94068b921e71f7 )
Version: 2
Contents: sui::coin::Coin<sui::bfc::BFC> {
    id: sui::object::UID {
        id: sui::object::ID {
            bytes: fake(1,0),
        },
    },
    balance: sui::balance::Balance<sui::bfc::BFC> {
        value: 12u64,
    },
}

task 4, line 19:
//# view-object 2,0
Owner: Account Address ( BFCfccc9a421bbb13c1a66a1aa98f0ad75029ede94857779c6915b44f94068b921e71f7 )
Version: 3
Contents: sui::coin::Coin<sui::bfc::BFC> {
    id: sui::object::UID {
        id: sui::object::ID {
            bytes: fake(2,0),
        },
    },
    balance: sui::balance::Balance<sui::bfc::BFC> {
        value: 34u64,
    },
}

task 5, line 21:
//# create-checkpoint
Checkpoint created: 1

task 6, lines 23-27:
//# run-jsonrpc
Response: {
  "jsonrpc": "2.0",
  "id": 0,
  "result": {
    "data": [
      {
        "coinType": "0x0000000000000000000000000000000000000000000000000000000000000002::bfc::BFC",
        "coinObjectId": "BFC4c032f4787a960f7d12e78ce112e42cf1176d9f796d5bb80bf22f1466859185ca86a",
        "version": "3",
        "digest": "7saCbJ2io4HwrKxMYdQAo1hz3s91vBJdiFJ5t8RKUXC3",
        "balance": "299999994065282",
        "previousTransaction": "FV2XpwHQ1qY1jFUEMrmx4qAuLtJPh4BQCJtGk83QG3Z"
      },
      {
        "coinType": "0x0000000000000000000000000000000000000000000000000000000000000002::bfc::BFC",
        "coinObjectId": "BFC755fe5e14d0fc76e9bb8b9ed7692a06ed87d609985a1b88323afc9cef389a443f4db",
        "version": "2",
        "digest": "FhF3UgkHUDKEwzzaHTdMVNB8LrGXT89d75eoJH2PPotL",
        "balance": "12",
        "previousTransaction": "3y6zrfgwn2dXaaZxpoGxqAyN88cwTVaUQf7BVnidVi3N"
      },
      {
        "coinType": "0x0000000000000000000000000000000000000000000000000000000000000002::bfc::BFC",
        "coinObjectId": "BFC357a2c8d2371736897f40e95e53d47c65489d3cba3e6636338e9a0a07f7f645a6165",
        "version": "3",
        "digest": "43kyYASYXa3b1nmxUUVmp7Fz3zM98MEDPAcmS9hn6gf6",
        "balance": "34",
        "previousTransaction": "FV2XpwHQ1qY1jFUEMrmx4qAuLtJPh4BQCJtGk83QG3Z"
      }
    ],
    "nextCursor": "IDV6LI0jcXNol/QOleU9R8ZUidPLo+ZjYzjpoKB/f2RaAQAAAAAAAAABAAAAAAAAAA==",
    "hasNextPage": false
  }
}

task 7, line 29:
//# transfer-object 1,0 --sender A --recipient B
mutated: object(0,0), object(1,0)
gas summary: computation_cost: 1000000, storage_cost: 2614400,  storage_rebate: 2588256, non_refundable_storage_fee: 26144

task 8, line 31:
//# create-checkpoint
Checkpoint created: 2

task 9, lines 33-37:
//# run-jsonrpc
Response: {
  "jsonrpc": "2.0",
  "id": 1,
  "result": {
    "data": [
      {
        "coinType": "0x0000000000000000000000000000000000000000000000000000000000000002::bfc::BFC",
        "coinObjectId": "BFC4c032f4787a960f7d12e78ce112e42cf1176d9f796d5bb80bf22f1466859185ca86a",
        "version": "4",
        "digest": "D9Vj612EmtNiQ65gxhiNCtByhZ7QpiRErqpgAmg2BzuP",
        "balance": "299999993039138",
        "previousTransaction": "DCZMLeXazjQExc5o95yFMXhBLc4ZqtuhR6sKqGoXwUyw"
      },
      {
        "coinType": "0x0000000000000000000000000000000000000000000000000000000000000002::bfc::BFC",
        "coinObjectId": "BFC357a2c8d2371736897f40e95e53d47c65489d3cba3e6636338e9a0a07f7f645a6165",
        "version": "3",
        "digest": "43kyYASYXa3b1nmxUUVmp7Fz3zM98MEDPAcmS9hn6gf6",
        "balance": "34",
        "previousTransaction": "FV2XpwHQ1qY1jFUEMrmx4qAuLtJPh4BQCJtGk83QG3Z"
      }
    ],
    "nextCursor": "IDV6LI0jcXNol/QOleU9R8ZUidPLo+ZjYzjpoKB/f2RaAQAAAAAAAAABAAAAAAAAAA==",
    "hasNextPage": false
  }
}

task 10, lines 39-43:
//# run-jsonrpc
Response: {
  "jsonrpc": "2.0",
  "id": 2,
  "result": {
    "data": [
      {
        "coinType": "0x0000000000000000000000000000000000000000000000000000000000000002::bfc::BFC",
        "coinObjectId": "BFCdd6d983778a0e79298ed16ff6a02366dc727aeca638205f40474aa5f62697072c109",
        "version": "1",
        "digest": "Ci662iJUE7BtAbCVekF7RJohSphrwE6eXN8m17QhVuaA",
        "balance": "300000000000000",
        "previousTransaction": "3PPwE64hSpzwuEEBKE3s9rgWXZjraYE3j1F5sRKf2eb5"
      },
      {
        "coinType": "0x0000000000000000000000000000000000000000000000000000000000000002::bfc::BFC",
        "coinObjectId": "BFC755fe5e14d0fc76e9bb8b9ed7692a06ed87d609985a1b88323afc9cef389a443f4db",
        "version": "4",
        "digest": "2jepyhcR2Dqcg13idWgsMR2GVQD7AgbZUxJ88tS4UWTs",
        "balance": "12",
        "previousTransaction": "DCZMLeXazjQExc5o95yFMXhBLc4ZqtuhR6sKqGoXwUyw"
      }
    ],
    "nextCursor": "IHVf5eFND8dum7i57XaSoG7YfWCZhaG4gyOvyc7ziaRDAgAAAAAAAAABAAAAAAAAAA==",
    "hasNextPage": false
  }
}
