---
source: external-crates/move/crates/move-transactional-test-runner/src/framework.rs
---
processed 9 tasks

init:
A: object(0,0), B: object(0,1)

task 1, lines 6-37:
//# publish --sender A
created: object(1,0), object(1,1), object(1,2), object(1,3), object(1,4), object(1,5), object(1,6), object(1,7)
mutated: object(0,0)
unchanged_shared: 0x0000000000000000000000000000000000000000000000000000000000000403
gas summary: computation_cost: 1000000, storage_cost: 19114000,  storage_rebate: 0, non_refundable_storage_fee: 0

task 2, line 39:
//# create-checkpoint
Checkpoint created: 1

task 3, lines 41-45:
//# run-jsonrpc
Response: {
  "jsonrpc": "2.0",
  "id": 0,
  "result": {
    "data": [
      {
        "coinType": "0xcbbf874e4511fed003be658d7f3bfda98bf9c62185a0e05213a75c8777a783e9::fake::FAKE",
        "coinObjectId": "BFCb3f73b1456fd2bdfb94c537be27f65e239c210eeaf70cf17824bba5e485a4a6d456c",
        "version": "2",
        "digest": "Fs8zT4gZeFi7rVajM3BSP1MnnJQqeec7TAbG9BGnm6cq",
        "balance": "5000",
        "previousTransaction": "98kcxPg3qHdP5RAiFe5bR61zpzPxxfdaPgWqcS4Asdt2"
      },
      {
        "coinType": "0xcbbf874e4511fed003be658d7f3bfda98bf9c62185a0e05213a75c8777a783e9::fake::FAKE",
        "coinObjectId": "BFC9f0883562566d4d30184f7bd2f4fd5e5eea5a52de6126363011dd8262599126590b5",
        "version": "2",
        "digest": "BFVFJpyatmPMkccUP5UJsp8B7tHDfCA7WUGusi536yHy",
        "balance": "3000",
        "previousTransaction": "98kcxPg3qHdP5RAiFe5bR61zpzPxxfdaPgWqcS4Asdt2"
      },
      {
        "coinType": "0xcbbf874e4511fed003be658d7f3bfda98bf9c62185a0e05213a75c8777a783e9::fake::FAKE",
        "coinObjectId": "BFC7cf19a0578d8eb22fdfe7aada89f908cd912ba2d93d2950b7dc44adf32ed59fed3ef",
        "version": "2",
        "digest": "5zGGX7JkJet9dJjQMByckoe4Ab9Bi6jJZm6cdDfSWnAk",
        "balance": "4000",
        "previousTransaction": "98kcxPg3qHdP5RAiFe5bR61zpzPxxfdaPgWqcS4Asdt2"
      },
      {
        "coinType": "0xcbbf874e4511fed003be658d7f3bfda98bf9c62185a0e05213a75c8777a783e9::fake::FAKE",
        "coinObjectId": "BFCff41fac05d51054cac705b3e1353255f273dceecf904e73edfa49d44657b24256522",
        "version": "2",
        "digest": "FzuRYJ5t83V2Pjs3dqgGc67WsCp7E1tEktUAkPCYStYB",
        "balance": "100",
        "previousTransaction": "98kcxPg3qHdP5RAiFe5bR61zpzPxxfdaPgWqcS4Asdt2"
      },
      {
        "coinType": "0xcbbf874e4511fed003be658d7f3bfda98bf9c62185a0e05213a75c8777a783e9::fake::FAKE",
        "coinObjectId": "BFC6ad987a7f96819a8bb95504d1725d7c7214478ae8b97526be2befba4032b2e378df1",
        "version": "2",
        "digest": "5FRK1FYW1pYhT7W3Vxeiup67ELUVhxPz9i3j81UdvPqx",
        "balance": "2",
        "previousTransaction": "98kcxPg3qHdP5RAiFe5bR61zpzPxxfdaPgWqcS4Asdt2"
      }
    ],
    "nextCursor": "IGrZh6f5aBmou5VQTRcl18chRHiui5dSa+K++6QDKy43AQAAAAAAAAAAAAAAAAAAAA==",
    "hasNextPage": false
  }
}

task 4, line 47:
//# transfer-object 1,1 --sender A --recipient B
mutated: object(0,0), object(1,1)
unchanged_shared: 0x0000000000000000000000000000000000000000000000000000000000000403
gas summary: computation_cost: 1000000, storage_cost: 2629600,  storage_rebate: 2603304, non_refundable_storage_fee: 26296

task 5, line 49:
//# create-checkpoint
Checkpoint created: 2

task 6, lines 51-55:
//# run-jsonrpc
Response: {
  "jsonrpc": "2.0",
  "id": 1,
  "result": {
    "data": [],
    "nextCursor": null,
    "hasNextPage": false
  }
}

task 7, lines 57-61:
//# run-jsonrpc
Response: {
  "jsonrpc": "2.0",
  "id": 2,
  "result": {
    "data": [
      {
        "coinType": "0xcbbf874e4511fed003be658d7f3bfda98bf9c62185a0e05213a75c8777a783e9::fake::FAKE",
        "coinObjectId": "BFCb3f73b1456fd2bdfb94c537be27f65e239c210eeaf70cf17824bba5e485a4a6d456c",
        "version": "2",
        "digest": "Fs8zT4gZeFi7rVajM3BSP1MnnJQqeec7TAbG9BGnm6cq",
        "balance": "5000",
        "previousTransaction": "98kcxPg3qHdP5RAiFe5bR61zpzPxxfdaPgWqcS4Asdt2"
      },
      {
        "coinType": "0xcbbf874e4511fed003be658d7f3bfda98bf9c62185a0e05213a75c8777a783e9::fake::FAKE",
        "coinObjectId": "BFC9f0883562566d4d30184f7bd2f4fd5e5eea5a52de6126363011dd8262599126590b5",
        "version": "2",
        "digest": "BFVFJpyatmPMkccUP5UJsp8B7tHDfCA7WUGusi536yHy",
        "balance": "3000",
        "previousTransaction": "98kcxPg3qHdP5RAiFe5bR61zpzPxxfdaPgWqcS4Asdt2"
      }
    ],
    "nextCursor": "IJ8Ig1YlZtTTAYT3vS9P1eXupaUt5hJjYwEd2CYlmRJlAQAAAAAAAAADAAAAAAAAAA==",
    "hasNextPage": true
  }
}

task 8, lines 63-67:
//# run-jsonrpc
Response: {
  "jsonrpc": "2.0",
  "id": 3,
  "result": {
    "data": [
      {
        "coinType": "0xcbbf874e4511fed003be658d7f3bfda98bf9c62185a0e05213a75c8777a783e9::fake::FAKE",
        "coinObjectId": "BFC6ad987a7f96819a8bb95504d1725d7c7214478ae8b97526be2befba4032b2e378df1",
        "version": "3",
        "digest": "7hn8EYQe3kzEqbzQNMA8of8pSn1uhHSg9TQHmmZ25M6R",
        "balance": "2",
        "previousTransaction": "Fo255b2cxQuK7YRLhfyN3b5BXgLsAfC4wEoUKva1BGNo"
      }
    ],
    "nextCursor": "IGrZh6f5aBmou5VQTRcl18chRHiui5dSa+K++6QDKy43AgAAAAAAAAAAAAAAAAAAAA==",
    "hasNextPage": false
  }
}
