---
source: external-crates/move/crates/move-transactional-test-runner/src/framework.rs
---
processed 9 tasks

init:
A: object(0,0), B: object(0,1)

task 1, lines 6-37:
//# publish --sender A
created: object(1,0), object(1,1), object(1,2), object(1,3), object(1,4), object(1,5), object(1,6), object(1,7)
mutated: object(0,0)
unchanged_shared: 0x0000000000000000000000000000000000000000000000000000000000000403
gas summary: computation_cost: 1000000, storage_cost: 19114000,  storage_rebate: 0, non_refundable_storage_fee: 0

task 2, line 39:
//# create-checkpoint
Checkpoint created: 1

task 3, lines 41-45:
//# run-jsonrpc
Response: {
  "jsonrpc": "2.0",
  "id": 0,
  "result": {
    "data": [
      {
        "coinType": "0x5eafc102613ee19f6718cfb6ab6c8ec0e625c7ae99efb851497e4321982d408f::fake::FAKE",
        "coinObjectId": "BFCf85ce2d7366471275981e19d6cfbfb5cead884a4950f719d86ef3a7509d50b135c1d",
        "version": "2",
        "digest": "9VfhHiW13imiMt9QJ6CXgnrSvMfTY9szkTmEpkYyDM39",
        "balance": "5000",
        "previousTransaction": "593hzrXFmLpibbAkFYPSHdBqZfaqUwqVJigv31U5pL8v"
      },
      {
        "coinType": "0x5eafc102613ee19f6718cfb6ab6c8ec0e625c7ae99efb851497e4321982d408f::fake::FAKE",
        "coinObjectId": "BFC7f59036b3871d18f8f8d9bc31a4929e53f45c4c581b9ae8bd493776236b3c95974f3",
        "version": "2",
        "digest": "B8Yd2FJDQ98zj2YUWt5hQ7AnDUARaVLSerGcyHrv37mN",
        "balance": "4000",
        "previousTransaction": "593hzrXFmLpibbAkFYPSHdBqZfaqUwqVJigv31U5pL8v"
      },
      {
        "coinType": "0x5eafc102613ee19f6718cfb6ab6c8ec0e625c7ae99efb851497e4321982d408f::fake::FAKE",
        "coinObjectId": "BFC1954b48027664d8bc4793eb2cb422aed6fb58c9f87403feb09059a3860089c743721",
        "version": "2",
        "digest": "HsBTM7kgUv1KKU7dQgMxsC1ku2ixjCxFSW98uhDbGJ6p",
        "balance": "3000",
        "previousTransaction": "593hzrXFmLpibbAkFYPSHdBqZfaqUwqVJigv31U5pL8v"
      },
      {
        "coinType": "0x5eafc102613ee19f6718cfb6ab6c8ec0e625c7ae99efb851497e4321982d408f::fake::FAKE",
        "coinObjectId": "BFCe61d736c87aaff2fa1d0b2743d666257ea7f366e716a05f0c45700e551273e54d32d",
        "version": "2",
        "digest": "HASak6aAWL9m9HjZVWoZBkhvQcxD47bpmgFgo1tq8B5c",
        "balance": "100",
        "previousTransaction": "593hzrXFmLpibbAkFYPSHdBqZfaqUwqVJigv31U5pL8v"
      },
      {
        "coinType": "0x5eafc102613ee19f6718cfb6ab6c8ec0e625c7ae99efb851497e4321982d408f::fake::FAKE",
        "coinObjectId": "BFC38ff718cdc727cc438f3ec73e79ecf2a3396e391a35958c9b0abae7670af40198539",
        "version": "2",
        "digest": "C6FS19d9fEHDbjTFEgAXv7GnkMvL6aDrDRUcVZQBeChG",
        "balance": "2",
        "previousTransaction": "593hzrXFmLpibbAkFYPSHdBqZfaqUwqVJigv31U5pL8v"
      }
    ],
    "nextCursor": "IDj/cYzccnzEOPPsc+eezyozluORo1lYybCrrnZwr0AZAQAAAAAAAAAAAAAAAAAAAA==",
    "hasNextPage": false
  }
}

task 4, line 47:
//# transfer-object 1,1 --sender A --recipient B
mutated: object(0,0), object(1,1)
unchanged_shared: 0x0000000000000000000000000000000000000000000000000000000000000403
gas summary: computation_cost: 1000000, storage_cost: 2629600,  storage_rebate: 2603304, non_refundable_storage_fee: 26296

task 5, line 49:
//# create-checkpoint
Checkpoint created: 2

task 6, lines 51-55:
//# run-jsonrpc
Response: {
  "jsonrpc": "2.0",
  "id": 1,
  "result": {
    "data": [],
    "nextCursor": null,
    "hasNextPage": false
  }
}

task 7, lines 57-61:
//# run-jsonrpc
Response: {
  "jsonrpc": "2.0",
  "id": 2,
  "result": {
    "data": [
      {
        "coinType": "0x5eafc102613ee19f6718cfb6ab6c8ec0e625c7ae99efb851497e4321982d408f::fake::FAKE",
        "coinObjectId": "BFCf85ce2d7366471275981e19d6cfbfb5cead884a4950f719d86ef3a7509d50b135c1d",
        "version": "2",
        "digest": "9VfhHiW13imiMt9QJ6CXgnrSvMfTY9szkTmEpkYyDM39",
        "balance": "5000",
        "previousTransaction": "593hzrXFmLpibbAkFYPSHdBqZfaqUwqVJigv31U5pL8v"
      },
      {
        "coinType": "0x5eafc102613ee19f6718cfb6ab6c8ec0e625c7ae99efb851497e4321982d408f::fake::FAKE",
        "coinObjectId": "BFC7f59036b3871d18f8f8d9bc31a4929e53f45c4c581b9ae8bd493776236b3c95974f3",
        "version": "2",
        "digest": "B8Yd2FJDQ98zj2YUWt5hQ7AnDUARaVLSerGcyHrv37mN",
        "balance": "4000",
        "previousTransaction": "593hzrXFmLpibbAkFYPSHdBqZfaqUwqVJigv31U5pL8v"
      }
    ],
    "nextCursor": "IH9ZA2s4cdGPj42bwxpJKeU/RcTFgbmui9STd2I2s8lZAQAAAAAAAAADAAAAAAAAAA==",
    "hasNextPage": true
  }
}

task 8, lines 63-67:
//# run-jsonrpc
Response: {
  "jsonrpc": "2.0",
  "id": 3,
  "result": {
    "data": [
      {
        "coinType": "0x5eafc102613ee19f6718cfb6ab6c8ec0e625c7ae99efb851497e4321982d408f::fake::FAKE",
        "coinObjectId": "BFC1954b48027664d8bc4793eb2cb422aed6fb58c9f87403feb09059a3860089c743721",
        "version": "3",
        "digest": "2aZAFbos1prhfwqqhQSNVE8VvruYR4tESM5U8kQMWvyB",
        "balance": "3000",
        "previousTransaction": "Gcn6nNyNQoPQ9Kfc5oQozMFq3E5nhW2QmM6uD6Gyf8tD"
      }
    ],
    "nextCursor": "IBlUtIAnZk2LxHk+sstCKu1vtYyfh0A/6wkFmjhgCJx0AgAAAAAAAAADAAAAAAAAAA==",
    "hasNextPage": false
  }
}
