---
source: external-crates/move/crates/move-transactional-test-runner/src/framework.rs
---
processed 9 tasks

init:
A: object(0,0), B: object(0,1)

task 1, lines 6-37:
//# publish --sender A
created: object(1,0), object(1,1), object(1,2), object(1,3), object(1,4), object(1,5), object(1,6), object(1,7)
mutated: object(0,0)
unchanged_shared: 0x0000000000000000000000000000000000000000000000000000000000000403
gas summary: computation_cost: 1000000, storage_cost: 19114000,  storage_rebate: 0, non_refundable_storage_fee: 0

task 2, line 39:
//# create-checkpoint
Checkpoint created: 1

task 3, lines 41-45:
//# run-jsonrpc
Response: {
  "jsonrpc": "2.0",
  "id": 0,
  "result": {
    "data": [
      {
        "coinType": "0x379e2ef2e1a47ffb2add37d87b856351899507d5e4d896a2e89776991dea02ed::fake::FAKE",
        "coinObjectId": "BFCbbef67f317241fa03effe7e7ded9983a829694b8ea4f4bc2d0c7431f211e1f31dd18",
        "version": "2",
        "digest": "GbVGcGRLAnRsrgapdtigp1cFLvHeY6jDRUNtdJbYaH8D",
        "balance": "5000",
        "previousTransaction": "9uojwexYGEWgBBokjsv1wu81bpez7z6NiUYnUjjUsEeC"
      },
      {
        "coinType": "0x379e2ef2e1a47ffb2add37d87b856351899507d5e4d896a2e89776991dea02ed::fake::FAKE",
        "coinObjectId": "BFC8bdb00db2deec76bcd1ef0a3c805a52a6b93c677c8452763688d021af2052d8460f8",
        "version": "2",
        "digest": "HiBSSWqZqUxwXE8EAZ9WeUuKNefkJDGv5vixUqWrya22",
        "balance": "3000",
        "previousTransaction": "9uojwexYGEWgBBokjsv1wu81bpez7z6NiUYnUjjUsEeC"
      },
      {
        "coinType": "0x379e2ef2e1a47ffb2add37d87b856351899507d5e4d896a2e89776991dea02ed::fake::FAKE",
        "coinObjectId": "BFC6174d4481c790a5f1e8e9c0a8b0e70e43d2ac146fff77cfacd1c2e851e39df0fb9b1",
        "version": "2",
        "digest": "9Zc88ArWbtLHCeifw9Yrep9wC25Q5Db9L1deiYmWqnGW",
        "balance": "4000",
        "previousTransaction": "9uojwexYGEWgBBokjsv1wu81bpez7z6NiUYnUjjUsEeC"
      },
      {
        "coinType": "0x379e2ef2e1a47ffb2add37d87b856351899507d5e4d896a2e89776991dea02ed::fake::FAKE",
        "coinObjectId": "BFCb0cbc9d3f0a4fe8477cfb6dd04ba3f6569aca050c982dd35487395d569c00c9046bb",
        "version": "2",
        "digest": "Hf9fTkMJveiaw7z2j1HABGaCvumQnMm46o5RE8gmwGX7",
        "balance": "100",
        "previousTransaction": "9uojwexYGEWgBBokjsv1wu81bpez7z6NiUYnUjjUsEeC"
      },
      {
        "coinType": "0x379e2ef2e1a47ffb2add37d87b856351899507d5e4d896a2e89776991dea02ed::fake::FAKE",
        "coinObjectId": "BFCd4e5dbc3ef7c616e42e4b8aa53bd74e917beb655d0cc920f39472278e7031b26bfad",
        "version": "2",
        "digest": "2uwAwwAdByKwEEBp1s2yEd2JC8gH4fSx53L9qve9sKZ5",
        "balance": "2",
        "previousTransaction": "9uojwexYGEWgBBokjsv1wu81bpez7z6NiUYnUjjUsEeC"
      }
    ],
    "nextCursor": "INTl28PvfGFuQuS4qlO9dOkXvrZV0MySDzlHInjnAxsmAQAAAAAAAAAAAAAAAAAAAA==",
    "hasNextPage": false
  }
}

task 4, line 47:
//# transfer-object 1,1 --sender A --recipient B
mutated: object(0,0), object(1,1)
unchanged_shared: 0x0000000000000000000000000000000000000000000000000000000000000403
gas summary: computation_cost: 1000000, storage_cost: 2629600,  storage_rebate: 2603304, non_refundable_storage_fee: 26296

task 5, line 49:
//# create-checkpoint
Checkpoint created: 2

task 6, lines 51-55:
//# run-jsonrpc
Response: {
  "jsonrpc": "2.0",
  "id": 1,
  "result": {
    "data": [],
    "nextCursor": null,
    "hasNextPage": false
  }
}

task 7, lines 57-61:
//# run-jsonrpc
Response: {
  "jsonrpc": "2.0",
  "id": 2,
  "result": {
    "data": [
      {
        "coinType": "0x379e2ef2e1a47ffb2add37d87b856351899507d5e4d896a2e89776991dea02ed::fake::FAKE",
        "coinObjectId": "BFCbbef67f317241fa03effe7e7ded9983a829694b8ea4f4bc2d0c7431f211e1f31dd18",
        "version": "2",
        "digest": "GbVGcGRLAnRsrgapdtigp1cFLvHeY6jDRUNtdJbYaH8D",
        "balance": "5000",
        "previousTransaction": "9uojwexYGEWgBBokjsv1wu81bpez7z6NiUYnUjjUsEeC"
      },
      {
        "coinType": "0x379e2ef2e1a47ffb2add37d87b856351899507d5e4d896a2e89776991dea02ed::fake::FAKE",
        "coinObjectId": "BFC8bdb00db2deec76bcd1ef0a3c805a52a6b93c677c8452763688d021af2052d8460f8",
        "version": "2",
        "digest": "HiBSSWqZqUxwXE8EAZ9WeUuKNefkJDGv5vixUqWrya22",
        "balance": "3000",
        "previousTransaction": "9uojwexYGEWgBBokjsv1wu81bpez7z6NiUYnUjjUsEeC"
      }
    ],
    "nextCursor": "IIvbANst7sdrzR7wo8gFpSprk8Z3yEUnY2iNAhryBS2EAQAAAAAAAAADAAAAAAAAAA==",
    "hasNextPage": true
  }
}

task 8, lines 63-67:
//# run-jsonrpc
Response: {
  "jsonrpc": "2.0",
  "id": 3,
  "result": {
    "data": [
      {
        "coinType": "0x379e2ef2e1a47ffb2add37d87b856351899507d5e4d896a2e89776991dea02ed::fake::FAKE",
        "coinObjectId": "BFC6174d4481c790a5f1e8e9c0a8b0e70e43d2ac146fff77cfacd1c2e851e39df0fb9b1",
        "version": "3",
        "digest": "BLc73MyuXpWNxvcL6QAsTwQzVMVTRbJ1YdAk7KuxVW7i",
        "balance": "4000",
        "previousTransaction": "FvtSMc8kiu8Fg3w1Nq65QdgvgSkHi2Q5wVCEtthEifN8"
      }
    ],
    "nextCursor": "IGF01EgceQpfHo6cCosOcOQ9KsFG//d8+s0cLoUeOd8PAgAAAAAAAAADAAAAAAAAAA==",
    "hasNextPage": false
  }
}
