---
source: external-crates/move/crates/move-transactional-test-runner/src/framework.rs
---
processed 16 tasks

init:
A: object(0,0)

task 1, lines 6-8:
//# programmable --inputs 42 @A
//> SplitCoins(Gas, [Input(0)]);
//> TransferObjects([Result(0)], Input(1))
created: object(1,0)
mutated: object(0,1)
gas summary: computation_cost: 1000000, storage_cost: 2614400,  storage_rebate: 0, non_refundable_storage_fee: 0

task 2, line 10:
//# create-checkpoint
Checkpoint created: 1

task 4, lines 14-16:
//# programmable --inputs 42 @A
//> SplitCoins(Gas, [Input(0)]);
//> TransferObjects([Result(0)], Input(1))
created: object(4,0)
mutated: object(0,1)
gas summary: computation_cost: 1000000, storage_cost: 2614400,  storage_rebate: 1294128, non_refundable_storage_fee: 13072

task 5, line 18:
//# create-checkpoint
Checkpoint created: 2

task 6, line 20:
//# advance-epoch
Epoch advanced: 0

task 7, lines 22-24:
//# programmable --inputs 42 @A
//> SplitCoins(Gas, [Input(0)]);
//> TransferObjects([Result(0)], Input(1))
created: object(7,0)
mutated: object(0,1)
gas summary: computation_cost: 1000000, storage_cost: 2614400,  storage_rebate: 1294128, non_refundable_storage_fee: 13072

task 8, lines 26-28:
//# programmable --inputs 42 @A
//> SplitCoins(Gas, [Input(0)]);
//> TransferObjects([Result(0)], Input(1))
created: object(8,0)
mutated: object(0,1)
gas summary: computation_cost: 1000000, storage_cost: 2614400,  storage_rebate: 1294128, non_refundable_storage_fee: 13072

task 9, lines 30-32:
//# programmable --inputs 42 @A
//> SplitCoins(Gas, [Input(0)]);
//> TransferObjects([Result(0)], Input(1))
created: object(9,0)
mutated: object(0,1)
gas summary: computation_cost: 1000000, storage_cost: 2614400,  storage_rebate: 1294128, non_refundable_storage_fee: 13072

task 10, line 34:
//# create-checkpoint
Checkpoint created: 4

task 11, lines 36-40:
//# run-jsonrpc
Response: {
  "jsonrpc": "2.0",
  "id": 0,
  "result": {
    "epoch": "0",
    "sequenceNumber": "0",
    "digest": "RoMSnXFEhJYn9hx6kvtnCJ2khQCbdpQatgDh6uQLTZJ",
    "networkTotalTransactions": "1",
    "epochRollingBfcGasCostSummary": {
      "basePoint": 0,
      "rate": 0,
      "computationCost": "0",
      "storageCost": "0",
      "storageRebate": "0",
      "nonRefundableStorageFee": "0"
    },
    "epochRollingStableGasCostSummaryMap": [],
    "timestampMs": "0",
    "transactions": [
      "8pAdX3cYGwuSpxjd5Ji78tUWCmmdJ3KhaGQWK4pG77AX"
    ],
    "checkpointCommitments": [],
    "validatorSignature": "jT4SC+g0/aC/1lTt08+6ZqVC45pAlYJJGUY5ZEQZhMsHDr+MOuqw9L3o5fs/DZLO"
  }
}

task 12, lines 42-46:
//# run-jsonrpc
Response: {
  "jsonrpc": "2.0",
  "id": 1,
  "result": {
    "epoch": "0",
    "sequenceNumber": "1",
    "digest": "E7C1xJjq9Xvsc9P5VqCtPaKdiNtgqpwe2VMXJ5rqATba",
    "networkTotalTransactions": "2",
    "previousDigest": "RoMSnXFEhJYn9hx6kvtnCJ2khQCbdpQatgDh6uQLTZJ",
    "epochRollingBfcGasCostSummary": {
      "basePoint": 0,
      "rate": 0,
      "computationCost": "1000000",
      "storageCost": "2614400",
      "storageRebate": "0",
      "nonRefundableStorageFee": "0"
    },
    "epochRollingStableGasCostSummaryMap": [],
    "timestampMs": "0",
    "transactions": [
      "5P1vbj5bGkiAqhEEwVDtUdr5VABrMXrkoAWLi7WnnWd"
    ],
    "checkpointCommitments": [],
    "validatorSignature": "gMpZGtWeuf693IHiJ65IpShEQS4faR2VxC6WLGDvbWdHxlKDZ/XcmrkZ2gTsCHfY"
  }
}

task 13, lines 48-52:
//# run-jsonrpc
Response: {
  "jsonrpc": "2.0",
  "id": 2,
  "result": {
    "epoch": "0",
    "sequenceNumber": "2",
    "digest": "51v9wCk4HFHGj4F3MNQzeCV2Y3pWYnt9nJughF8BB5Kn",
    "networkTotalTransactions": "4",
    "previousDigest": "E7C1xJjq9Xvsc9P5VqCtPaKdiNtgqpwe2VMXJ5rqATba",
    "epochRollingBfcGasCostSummary": {
      "basePoint": 0,
      "rate": 0,
      "computationCost": "2000000",
      "storageCost": "5228800",
      "storageRebate": "1294128",
      "nonRefundableStorageFee": "13072"
    },
    "epochRollingStableGasCostSummaryMap": [],
    "timestampMs": "1000",
    "transactions": [
      "8DFy3oTHn2RoG1nW7f6YNYrt4Hbrf6sQmDAAk8t9mFPi",
      "A6Xvh36LwttqSdWNYJ1Z2MKJ6rH1nxJSV7nxJ6TzmVSP"
    ],
    "checkpointCommitments": [],
    "validatorSignature": "tRAdsnTB8D/8b31188akJbfxkyU48zM7Aa7esL9DQYMZQV8Gs97ezBhaAsYmmQs1"
  }
}

task 14, lines 54-58:
//# run-jsonrpc
Response: {
  "jsonrpc": "2.0",
  "id": 3,
  "result": {
    "epoch": "0",
    "sequenceNumber": "3",
    "digest": "6AM7a3qBG6M8tvk9pMx75N5ecHGiRieza6p8e6mhDk7m",
    "networkTotalTransactions": "5",
    "previousDigest": "51v9wCk4HFHGj4F3MNQzeCV2Y3pWYnt9nJughF8BB5Kn",
    "epochRollingBfcGasCostSummary": {
      "basePoint": 0,
      "rate": 0,
      "computationCost": "2000000",
      "storageCost": "5228800",
      "storageRebate": "1294128",
      "nonRefundableStorageFee": "13072"
    },
    "epochRollingStableGasCostSummaryMap": [],
    "timestampMs": "1000",
    "endOfEpochData": {
      "nextEpochCommittee": [
        [
          "qqgbtEP57SCwGrO7tmcKwy/daeoOFwANmrMTm1Qu4jUJRhi2VePz/brF9YAcjmJ7BLOpN8c5Ia7zYzTNmGtGoaUnjoYrbvDG9E05s9antwSmkHAIGsM8mkmeBkSjSBrt",
          "10000"
        ]
      ],
      "nextEpochProtocolVersion": "70",
      "epochCommitments": []
    },
    "transactions": [
      "P6McrDmaAGAJ1APZkjurZo2ArM7vJHvukBXMwwMt8TV"
    ],
    "checkpointCommitments": [],
    "validatorSignature": "mNYeriooh0fT4KPVVc8RO7XOPspCU2SQNDfvHkC3rs8+LHTNJz5cDUZHHF70cCaC"
  }
}

task 15, lines 60-64:
//# run-jsonrpc
Response: {
  "jsonrpc": "2.0",
  "id": 4,
  "result": {
    "epoch": "1",
    "sequenceNumber": "4",
    "digest": "BF2An4WbUgo5LLYKSSaumJwNZvRQGN5api7ukd33PTbD",
    "networkTotalTransactions": "8",
    "previousDigest": "6AM7a3qBG6M8tvk9pMx75N5ecHGiRieza6p8e6mhDk7m",
    "epochRollingBfcGasCostSummary": {
      "basePoint": 0,
      "rate": 0,
      "computationCost": "3000000",
      "storageCost": "7843200",
      "storageRebate": "3882384",
      "nonRefundableStorageFee": "39216"
    },
    "epochRollingStableGasCostSummaryMap": [],
    "timestampMs": "1000",
    "transactions": [
      "8YbhcbvxXdGmnDMbwsvfHJWPgjPzh5sUaxP2LgvKmHNh",
      "hX3CJrXX2UbKSB5R31Zqud3QwZYjLY7A1ixEXFoZDzJ",
      "73qfyvceEdP9mnzt5JWq4Lm3EX1CmkMkmhZ4DVjKEpV1"
    ],
    "checkpointCommitments": [],
    "validatorSignature": "jO8LSA7Sv79W3ET5LNJK34VHuuJOCJvseBzF9o4H779GLPw5O7ewwBZ0GYXKc0Z9"
  }
}
