---
source: external-crates/move/crates/move-transactional-test-runner/src/framework.rs
---
processed 16 tasks

init:
A: object(0,0)

task 1, lines 6-8:
//# programmable --inputs 42 @A
//> SplitCoins(Gas, [Input(0)]);
//> TransferObjects([Result(0)], Input(1))
created: object(1,0)
mutated: object(0,1)
gas summary: computation_cost: 1000000, storage_cost: 2614400,  storage_rebate: 0, non_refundable_storage_fee: 0

task 2, line 10:
//# create-checkpoint
Checkpoint created: 1

task 4, lines 14-16:
//# programmable --inputs 42 @A
//> SplitCoins(Gas, [Input(0)]);
//> TransferObjects([Result(0)], Input(1))
created: object(4,0)
mutated: object(0,1)
gas summary: computation_cost: 1000000, storage_cost: 2614400,  storage_rebate: 1294128, non_refundable_storage_fee: 13072

task 5, line 18:
//# create-checkpoint
Checkpoint created: 2

task 6, line 20:
//# advance-epoch
Epoch advanced: 0

task 7, lines 22-24:
//# programmable --inputs 42 @A
//> SplitCoins(Gas, [Input(0)]);
//> TransferObjects([Result(0)], Input(1))
created: object(7,0)
mutated: object(0,1)
gas summary: computation_cost: 1000000, storage_cost: 2614400,  storage_rebate: 1294128, non_refundable_storage_fee: 13072

task 8, lines 26-28:
//# programmable --inputs 42 @A
//> SplitCoins(Gas, [Input(0)]);
//> TransferObjects([Result(0)], Input(1))
created: object(8,0)
mutated: object(0,1)
gas summary: computation_cost: 1000000, storage_cost: 2614400,  storage_rebate: 1294128, non_refundable_storage_fee: 13072

task 9, lines 30-32:
//# programmable --inputs 42 @A
//> SplitCoins(Gas, [Input(0)]);
//> TransferObjects([Result(0)], Input(1))
created: object(9,0)
mutated: object(0,1)
gas summary: computation_cost: 1000000, storage_cost: 2614400,  storage_rebate: 1294128, non_refundable_storage_fee: 13072

task 10, line 34:
//# create-checkpoint
Checkpoint created: 4

task 11, lines 36-40:
//# run-jsonrpc
Response: {
  "jsonrpc": "2.0",
  "id": 0,
  "result": {
    "epoch": "0",
    "sequenceNumber": "0",
    "digest": "2EH6DUnMBTKhVPfgQbtTvwx8A3oSqHZ3pa5oYuZaqpbF",
    "networkTotalTransactions": "1",
    "epochRollingBfcGasCostSummary": {
      "basePoint": 0,
      "rate": 0,
      "computationCost": "0",
      "storageCost": "0",
      "storageRebate": "0",
      "nonRefundableStorageFee": "0"
    },
    "epochRollingStableGasCostSummaryMap": [],
    "timestampMs": "0",
    "transactions": [
      "3ETgdywef4Ss18rjCVumfemNYCDLvKSTHELGmHhcffAz"
    ],
    "checkpointCommitments": [],
    "validatorSignature": "gipFMihLSF+4n/dYohcm6AdNBX7aE9qKowztMc1S9KS/tR+lh89x/7u3PzPEF8mK"
  }
}

task 12, lines 42-46:
//# run-jsonrpc
Response: {
  "jsonrpc": "2.0",
  "id": 1,
  "result": {
    "epoch": "0",
    "sequenceNumber": "1",
    "digest": "6nfAcLm9EY6FTGSuSo72HotVd8f55fGvRrVCMaZik9Q5",
    "networkTotalTransactions": "2",
    "previousDigest": "2EH6DUnMBTKhVPfgQbtTvwx8A3oSqHZ3pa5oYuZaqpbF",
    "epochRollingBfcGasCostSummary": {
      "basePoint": 0,
      "rate": 0,
      "computationCost": "1000000",
      "storageCost": "2614400",
      "storageRebate": "0",
      "nonRefundableStorageFee": "0"
    },
    "epochRollingStableGasCostSummaryMap": [],
    "timestampMs": "0",
    "transactions": [
      "6bdbtsfLzfvD3MPNSZg6ncx7R9gsEK7SYt8vbPVm1fyE"
    ],
    "checkpointCommitments": [],
    "validatorSignature": "kBestyohDWXvH08CUG0fQuFdIcsDtkp8RQI0332rAVY69KROChIehj37N08HwXvw"
  }
}

task 13, lines 48-52:
//# run-jsonrpc
Response: {
  "jsonrpc": "2.0",
  "id": 2,
  "result": {
    "epoch": "0",
    "sequenceNumber": "2",
    "digest": "3xdRYfjJqgFHADFhyV4gMSL7Po4TXPkNLboPDsz62XFN",
    "networkTotalTransactions": "4",
    "previousDigest": "6nfAcLm9EY6FTGSuSo72HotVd8f55fGvRrVCMaZik9Q5",
    "epochRollingBfcGasCostSummary": {
      "basePoint": 0,
      "rate": 0,
      "computationCost": "2000000",
      "storageCost": "5228800",
      "storageRebate": "1294128",
      "nonRefundableStorageFee": "13072"
    },
    "epochRollingStableGasCostSummaryMap": [],
    "timestampMs": "1000",
    "transactions": [
      "8DFy3oTHn2RoG1nW7f6YNYrt4Hbrf6sQmDAAk8t9mFPi",
      "5FDmE2tqZCyMfxk1rwLEfC61GWfpcVnQdrYagX1Pnxa4"
    ],
    "checkpointCommitments": [],
    "validatorSignature": "lT9/YNagWD34ZlxbkFQ58D5fgtuwAgbCkhqJrQnfX+ZGJ6x4CF78qlTB9JkKKDRs"
  }
}

task 14, lines 54-58:
//# run-jsonrpc
Response: {
  "jsonrpc": "2.0",
  "id": 3,
  "result": {
    "epoch": "0",
    "sequenceNumber": "3",
    "digest": "B7w4YdDXwwCdCStMS8ssR1wAR1QwoB7ZdCJAB6UMccnW",
    "networkTotalTransactions": "5",
    "previousDigest": "3xdRYfjJqgFHADFhyV4gMSL7Po4TXPkNLboPDsz62XFN",
    "epochRollingBfcGasCostSummary": {
      "basePoint": 0,
      "rate": 0,
      "computationCost": "2000000",
      "storageCost": "5228800",
      "storageRebate": "1294128",
      "nonRefundableStorageFee": "13072"
    },
    "epochRollingStableGasCostSummaryMap": [],
    "timestampMs": "1000",
    "endOfEpochData": {
      "nextEpochCommittee": [
        [
          "qqgbtEP57SCwGrO7tmcKwy/daeoOFwANmrMTm1Qu4jUJRhi2VePz/brF9YAcjmJ7BLOpN8c5Ia7zYzTNmGtGoaUnjoYrbvDG9E05s9antwSmkHAIGsM8mkmeBkSjSBrt",
          "10000"
        ]
      ],
      "nextEpochProtocolVersion": "70",
      "epochCommitments": []
    },
    "transactions": [
      "P6McrDmaAGAJ1APZkjurZo2ArM7vJHvukBXMwwMt8TV"
    ],
    "checkpointCommitments": [],
    "validatorSignature": "hU6i3EkjGZbc/nGfRHSFT/0jigOd2rrgRWQVKGxWpN//L49cmgXXdTh+X/IVlpyq"
  }
}

task 15, lines 60-64:
//# run-jsonrpc
Response: {
  "jsonrpc": "2.0",
  "id": 4,
  "result": {
    "epoch": "1",
    "sequenceNumber": "4",
    "digest": "8nTUfjU2wVeB32U7U47ERLa4pi7pdcQG8AdiT8myBEEK",
    "networkTotalTransactions": "8",
    "previousDigest": "B7w4YdDXwwCdCStMS8ssR1wAR1QwoB7ZdCJAB6UMccnW",
    "epochRollingBfcGasCostSummary": {
      "basePoint": 0,
      "rate": 0,
      "computationCost": "3000000",
      "storageCost": "7843200",
      "storageRebate": "3882384",
      "nonRefundableStorageFee": "39216"
    },
    "epochRollingStableGasCostSummaryMap": [],
    "timestampMs": "1000",
    "transactions": [
      "CcwCjr4noTRt2RTnCMGcLqyZrCNdvRPQ158y822GbUE4",
      "kXjrL18UuVBdsq6w14fR7pwmxuUqkjW2HUbxZpBRtLJ",
      "Q2vZt7sJgMr81HdvnpaVE9SxgQm9PmEuNa7a2i9zf8j"
    ],
    "checkpointCommitments": [],
    "validatorSignature": "oLN59qvOM8+9zRWBQyWQIlsIymLhuavG326EBIAJ4qpYW7Vro0/u2kDw4v4lmR41"
  }
}
