---
source: external-crates/move/crates/move-transactional-test-runner/src/framework.rs
---
processed 5 tasks

init:
A: object(0,0)

task 1, lines 6-11:
//# publish
created: object(1,0)
mutated: object(0,1)
gas summary: computation_cost: 1000000, storage_cost: 3777200,  storage_rebate: 0, non_refundable_storage_fee: 0

task 2, line 13:
//# create-checkpoint
Checkpoint created: 1

task 3, lines 15-25:
//# run-graphql
Response: {
  "data": {
    "object": {
      "objectBcs": "ATpV/m9+fvOlVSfMKzKlpRL94o8IdP1uohIt1Le9aEr5AQAAAAAAAAABAU1coRzrCwYAAAAGAQACAwIFBQcDBwoGCBAgDDAQAAAAAQABAAABAwFNA2ZvbzpV/m9+fvOlVSfMKzKlpRL94o8IdP1uohIt1Le9aEr5AAEAAAACBioAAAAAAAAAAgAAAgAAAAAAAAAAAAAAAAAAAAAAAAAAAAAAAAAAAAAAAAABAAAAAAAAAAAAAAAAAAAAAAAAAAAAAAAAAAAAAAAAAAEBAAAAAAAAAAAAAAAAAAAAAAAAAAAAAAAAAAAAAAAAAAAAAAAAAAACAAAAAAAAAAAAAAAAAAAAAAAAAAAAAAAAAAAAAAAAAAIBAAAAAAAAAAMgmCc4vsS0UoVgfNQuocWH1H/lJyulk8o0ko7Ewg5Cu21wsCUAAAAAAA==",
      "asMovePackage": {
        "objectBcs": "ATpV/m9+fvOlVSfMKzKlpRL94o8IdP1uohIt1Le9aEr5AQAAAAAAAAABAU1coRzrCwYAAAAGAQACAwIFBQcDBwoGCBAgDDAQAAAAAQABAAABAwFNA2ZvbzpV/m9+fvOlVSfMKzKlpRL94o8IdP1uohIt1Le9aEr5AAEAAAACBioAAAAAAAAAAgAAAgAAAAAAAAAAAAAAAAAAAAAAAAAAAAAAAAAAAAAAAAABAAAAAAAAAAAAAAAAAAAAAAAAAAAAAAAAAAAAAAAAAAEBAAAAAAAAAAAAAAAAAAAAAAAAAAAAAAAAAAAAAAAAAAAAAAAAAAACAAAAAAAAAAAAAAAAAAAAAAAAAAAAAAAAAAAAAAAAAAIBAAAAAAAAAAMgmCc4vsS0UoVgfNQuocWH1H/lJyulk8o0ko7Ewg5Cu21wsCUAAAAAAA==",
        "packageBcs": "OlX+b35+86VVJ8wrMqWlEv3ijwh0/W6iEi3Ut71oSvkBAAAAAAAAAAEBTVyhHOsLBgAAAAYBAAIDAgUFBwMHCgYIECAMMBAAAAABAAEAAAEDAU0DZm9vOlX+b35+86VVJ8wrMqWlEv3ijwh0/W6iEi3Ut71oSvkAAQAAAAIGKgAAAAAAAAACAAACAAAAAAAAAAAAAAAAAAAAAAAAAAAAAAAAAAAAAAAAAAEAAAAAAAAAAAAAAAAAAAAAAAAAAAAAAAAAAAAAAAAAAQEAAAAAAAAAAAAAAAAAAAAAAAAAAAAAAAAAAAAAAAAAAAAAAAAAAAIAAAAAAAAAAAAAAAAAAAAAAAAAAAAAAAAAAAAAAAAAAgEAAAAAAAAA"
      }
    }
  }
}

task 4, lines 27-37:
//# run-graphql
Response: {
  "data": {
    "object": {
      "objectBcs": "AAEHAAAAAAAAAAAAAAAAAAAAAAAAAAAAAAAAAAAAAAAAAAIDYmZjA0JGQwABAQAAAAAAAAAotDc0kjsr4111CdRuCcyboEbRFpsXVlLI+rSNF0UAHIUAwG4x2RABAAD8zJpCG7sTwaZqGqmPCtdQKe3pSFd3nGkVtE+UBouSHiArrITCfqWy23yedMS7Lebj2P2RN8wJleEyI0VJvLWONQAAAAAAAAAA",
      "asMovePackage": null
    }
  }
}
