---
source: external-crates/move/crates/move-transactional-test-runner/src/framework.rs
---
processed 5 tasks

init:
A: object(0,0)

task 1, lines 6-11:
//# publish
created: object(1,0)
mutated: object(0,1)
gas summary: computation_cost: 1000000, storage_cost: 3777200,  storage_rebate: 0, non_refundable_storage_fee: 0

task 2, line 13:
//# create-checkpoint
Checkpoint created: 1

task 3, lines 15-25:
//# run-graphql
Response: {
  "data": {
    "object": {
      "objectBcs": "AZw2mqzV4VrMnvuGBSJ+BBjTy2M3UI/0lLlAC+zVWvXPAQAAAAAAAAABAU1coRzrCwYAAAAGAQACAwIFBQcDBwoGCBAgDDAQAAAAAQABAAABAwFNA2Zvb5w2mqzV4VrMnvuGBSJ+BBjTy2M3UI/0lLlAC+zVWvXPAAEAAAACBioAAAAAAAAAAgAAAgAAAAAAAAAAAAAAAAAAAAAAAAAAAAAAAAAAAAAAAAABAAAAAAAAAAAAAAAAAAAAAAAAAAAAAAAAAAAAAAAAAAEBAAAAAAAAAAAAAAAAAAAAAAAAAAAAAAAAAAAAAAAAAAAAAAAAAAACAAAAAAAAAAAAAAAAAAAAAAAAAAAAAAAAAAAAAAAAAAIBAAAAAAAAAAMgC/UsT9kXGY+xyGmImUn2DCVN26IZe7xSM3Jyl158tTRwsCUAAAAAAA==",
      "asMovePackage": {
        "objectBcs": "AZw2mqzV4VrMnvuGBSJ+BBjTy2M3UI/0lLlAC+zVWvXPAQAAAAAAAAABAU1coRzrCwYAAAAGAQACAwIFBQcDBwoGCBAgDDAQAAAAAQABAAABAwFNA2Zvb5w2mqzV4VrMnvuGBSJ+BBjTy2M3UI/0lLlAC+zVWvXPAAEAAAACBioAAAAAAAAAAgAAAgAAAAAAAAAAAAAAAAAAAAAAAAAAAAAAAAAAAAAAAAABAAAAAAAAAAAAAAAAAAAAAAAAAAAAAAAAAAAAAAAAAAEBAAAAAAAAAAAAAAAAAAAAAAAAAAAAAAAAAAAAAAAAAAAAAAAAAAACAAAAAAAAAAAAAAAAAAAAAAAAAAAAAAAAAAAAAAAAAAIBAAAAAAAAAAMgC/UsT9kXGY+xyGmImUn2DCVN26IZe7xSM3Jyl158tTRwsCUAAAAAAA==",
        "packageBcs": "nDaarNXhWsye+4YFIn4EGNPLYzdQj/SUuUAL7NVa9c8BAAAAAAAAAAEBTVyhHOsLBgAAAAYBAAIDAgUFBwMHCgYIECAMMBAAAAABAAEAAAEDAU0DZm9vnDaarNXhWsye+4YFIn4EGNPLYzdQj/SUuUAL7NVa9c8AAQAAAAIGKgAAAAAAAAACAAACAAAAAAAAAAAAAAAAAAAAAAAAAAAAAAAAAAAAAAAAAAEAAAAAAAAAAAAAAAAAAAAAAAAAAAAAAAAAAAAAAAAAAQEAAAAAAAAAAAAAAAAAAAAAAAAAAAAAAAAAAAAAAAAAAAAAAAAAAAIAAAAAAAAAAAAAAAAAAAAAAAAAAAAAAAAAAAAAAAAAAgEAAAAAAAAA"
      }
    }
  }
}

task 4, lines 27-37:
//# run-graphql
Response: {
  "data": {
    "object": {
      "objectBcs": "AAEHAAAAAAAAAAAAAAAAAAAAAAAAAAAAAAAAAAAAAAAAAAIDYmZjA0JGQwABAQAAAAAAAAAotDc0kjsr4111CdRuCcyboEbRFpsXVlLI+rSNF0UAHIUAwG4x2RABAAD8zJpCG7sTwaZqGqmPCtdQKe3pSFd3nGkVtE+UBouSHiATomuAO/IYgr4WBlR1MWitGTcYSZDkeu7DQf3X49riYwAAAAAAAAAA",
      "asMovePackage": null
    }
  }
}
