---
source: external-crates/move/crates/move-transactional-test-runner/src/framework.rs
---
processed 23 tasks

init:
A: object(0,0)

task 1, lines 6-8:
//# programmable --sender A --inputs 1
//> SplitCoins(Gas, [Input(0)]);
//> MergeCoins(Gas, [Result(0)])
mutated: object(0,0)
gas summary: computation_cost: 1000000, storage_cost: 1307200,  storage_rebate: 0, non_refundable_storage_fee: 0

task 2, lines 10-12:
//# programmable --sender A --inputs 1
//> SplitCoins(Gas, [Input(0)]);
//> MergeCoins(Gas, [Result(0)])
mutated: object(0,0)
gas summary: computation_cost: 1000000, storage_cost: 1307200,  storage_rebate: 1294128, non_refundable_storage_fee: 13072

task 3, line 14:
//# create-checkpoint
Checkpoint created: 1

task 4, lines 16-18:
//# programmable --sender A --inputs 1
//> SplitCoins(Gas, [Input(0)]);
//> MergeCoins(Gas, [Result(0)])
mutated: object(0,0)
gas summary: computation_cost: 1000000, storage_cost: 1307200,  storage_rebate: 1294128, non_refundable_storage_fee: 13072

task 5, lines 20-22:
//# programmable --sender A --inputs 1
//> SplitCoins(Gas, [Input(0)]);
//> MergeCoins(Gas, [Result(0)])
mutated: object(0,0)
gas summary: computation_cost: 1000000, storage_cost: 1307200,  storage_rebate: 1294128, non_refundable_storage_fee: 13072

task 6, line 24:
//# create-checkpoint
Checkpoint created: 2

task 7, lines 26-28:
//# programmable --sender A --inputs 1
//> SplitCoins(Gas, [Input(0)]);
//> MergeCoins(Gas, [Result(0)])
mutated: object(0,0)
gas summary: computation_cost: 1000000, storage_cost: 1307200,  storage_rebate: 1294128, non_refundable_storage_fee: 13072

task 8, line 30:
//# create-checkpoint
Checkpoint created: 3

task 9, lines 32-50:
//# run-graphql
Response: {
  "data": {
    "objectVersions": {
      "pageInfo": {
        "hasPreviousPage": false,
        "hasNextPage": false,
        "startCursor": "MQ==",
        "endCursor": "Ng=="
      },
      "edges": [
        {
          "cursor": "MQ==",
          "node": {
            "address": "0xb43734923b2be35d7509d46e09cc9ba046d1169b175652c8fab48d1745001c85",
            "version": 1,
            "objectBcs": "AAEHAAAAAAAAAAAAAAAAAAAAAAAAAAAAAAAAAAAAAAAAAAIDYmZjA0JGQwABAQAAAAAAAAAotDc0kjsr4111CdRuCcyboEbRFpsXVlLI+rSNF0UAHIUAwG4x2RABAAD8zJpCG7sTwaZqGqmPCtdQKe3pSFd3nGkVtE+UBouSHiArrITCfqWy23yedMS7Lebj2P2RN8wJleEyI0VJvLWONQAAAAAAAAAA"
          }
        },
        {
          "cursor": "Mg==",
          "node": {
            "address": "0xb43734923b2be35d7509d46e09cc9ba046d1169b175652c8fab48d1745001c85",
            "version": 2,
            "objectBcs": "AAEHAAAAAAAAAAAAAAAAAAAAAAAAAAAAAAAAAAAAAAAAAAIDYmZjA0JGQwABAgAAAAAAAAAotDc0kjsr4111CdRuCcyboEbRFpsXVlLI+rSNF0UAHIWAi0sx2RABAAD8zJpCG7sTwaZqGqmPCtdQKe3pSFd3nGkVtE+UBouSHiAjaTVehl6N3qBL7qPZuvSGBtBSU9Re7jsfDFYbaF+WSEDyEwAAAAAA"
          }
        },
        {
          "cursor": "Mw==",
          "node": {
            "address": "0xb43734923b2be35d7509d46e09cc9ba046d1169b175652c8fab48d1745001c85",
            "version": 3,
            "objectBcs": "AAEHAAAAAAAAAAAAAAAAAAAAAAAAAAAAAAAAAAAAAAAAAAIDYmZjA0JGQwABAwAAAAAAAAAotDc0kjsr4111CdRuCcyboEbRFpsXVlLI+rSNF0UAHIUwFjwx2RABAAD8zJpCG7sTwaZqGqmPCtdQKe3pSFd3nGkVtE+UBouSHiBqUF45nO8ZEIwG5GGftxNtyHfZ8iz9SX8wVKEnYo3N50DyEwAAAAAA"
          }
        },
        {
          "cursor": "NA==",
          "node": {
            "address": "0xb43734923b2be35d7509d46e09cc9ba046d1169b175652c8fab48d1745001c85",
            "version": 4,
            "objectBcs": "AAEHAAAAAAAAAAAAAAAAAAAAAAAAAAAAAAAAAAAAAAAAAAIDYmZjA0JGQwABBAAAAAAAAAAotDc0kjsr4111CdRuCcyboEbRFpsXVlLI+rSNF0UAHIXgoCwx2RABAAD8zJpCG7sTwaZqGqmPCtdQKe3pSFd3nGkVtE+UBouSHiBwoCpmHmaVHwyCyKeGDIj1RkosDKdffoHc5dE6ZWzX6kDyEwAAAAAA"
          }
        },
        {
          "cursor": "NQ==",
          "node": {
            "address": "0xb43734923b2be35d7509d46e09cc9ba046d1169b175652c8fab48d1745001c85",
            "version": 5,
            "objectBcs": "AAEHAAAAAAAAAAAAAAAAAAAAAAAAAAAAAAAAAAAAAAAAAAIDYmZjA0JGQwABBQAAAAAAAAAotDc0kjsr4111CdRuCcyboEbRFpsXVlLI+rSNF0UAHIWQKx0x2RABAAD8zJpCG7sTwaZqGqmPCtdQKe3pSFd3nGkVtE+UBouSHiCcDzC7aPselispI6vosH4X2WAc9VQNSDeoggSP2sqHGkDyEwAAAAAA"
          }
        },
        {
          "cursor": "Ng==",
          "node": {
            "address": "0xb43734923b2be35d7509d46e09cc9ba046d1169b175652c8fab48d1745001c85",
            "version": 6,
            "objectBcs": "AAEHAAAAAAAAAAAAAAAAAAAAAAAAAAAAAAAAAAAAAAAAAAIDYmZjA0JGQwABBgAAAAAAAAAotDc0kjsr4111CdRuCcyboEbRFpsXVlLI+rSNF0UAHIVAtg0x2RABAAD8zJpCG7sTwaZqGqmPCtdQKe3pSFd3nGkVtE+UBouSHiBHHFdxFgndltpKF81I91TWr0kzmcTtN+NgMxnl1uOgdkDyEwAAAAAA"
          }
        }
      ]
    }
  }
}

task 10, lines 52-63:
//# run-graphql
Response: {
  "data": {
    "objectVersions": {
      "pageInfo": {
        "hasPreviousPage": false,
        "hasNextPage": true,
        "startCursor": "MQ==",
        "endCursor": "Mw=="
      },
      "nodes": [
        {
          "version": 1
        },
        {
          "version": 2
        },
        {
          "version": 3
        }
      ]
    }
  }
}

task 11, lines 65-76:
//# run-graphql
Response: {
  "data": {
    "objectVersions": {
      "pageInfo": {
        "hasPreviousPage": true,
        "hasNextPage": false,
        "startCursor": "NA==",
        "endCursor": "Ng=="
      },
      "nodes": [
        {
          "version": 4
        },
        {
          "version": 5
        },
        {
          "version": 6
        }
      ]
    }
  }
}

task 12, lines 78-89:
//# run-graphql --cursors 1
Response: {
  "data": {
    "objectVersions": {
      "pageInfo": {
        "hasPreviousPage": true,
        "hasNextPage": true,
        "startCursor": "Mg==",
        "endCursor": "NA=="
      },
      "nodes": [
        {
          "version": 2
        },
        {
          "version": 3
        },
        {
          "version": 4
        }
      ]
    }
  }
}

task 13, lines 91-102:
//# run-graphql --cursors 4
Response: {
  "data": {
    "objectVersions": {
      "pageInfo": {
        "hasPreviousPage": true,
        "hasNextPage": false,
        "startCursor": "NQ==",
        "endCursor": "Ng=="
      },
      "nodes": [
        {
          "version": 5
        },
        {
          "version": 6
        }
      ]
    }
  }
}

task 14, lines 104-115:
//# run-graphql --cursors 4
Response: {
  "data": {
    "objectVersions": {
      "pageInfo": {
        "hasPreviousPage": true,
        "hasNextPage": false,
        "startCursor": "NQ==",
        "endCursor": "Ng=="
      },
      "nodes": [
        {
          "version": 5
        },
        {
          "version": 6
        }
      ]
    }
  }
}

task 15, lines 117-128:
//# run-graphql --cursors 5
Response: {
  "data": {
    "objectVersions": {
      "pageInfo": {
        "hasPreviousPage": true,
        "hasNextPage": true,
        "startCursor": "Mg==",
        "endCursor": "NA=="
      },
      "nodes": [
        {
          "version": 2
        },
        {
          "version": 3
        },
        {
          "version": 4
        }
      ]
    }
  }
}

task 16, lines 130-141:
//# run-graphql --cursors 5
Response: {
  "data": {
    "objectVersions": {
      "pageInfo": {
        "hasPreviousPage": false,
        "hasNextPage": true,
        "startCursor": "MQ==",
        "endCursor": "Mw=="
      },
      "nodes": [
        {
          "version": 1
        },
        {
          "version": 2
        },
        {
          "version": 3
        }
      ]
    }
  }
}

task 17, lines 143-154:
//# run-graphql --cursors 2
Response: {
  "data": {
    "objectVersions": {
      "pageInfo": {
        "hasPreviousPage": false,
        "hasNextPage": true,
        "startCursor": "MQ==",
        "endCursor": "MQ=="
      },
      "nodes": [
        {
          "version": 1
        }
      ]
    }
  }
}

task 18, lines 156-167:
//# run-graphql --cursors 2
Response: {
  "data": {
    "objectVersions": {
      "pageInfo": {
        "hasPreviousPage": false,
        "hasNextPage": true,
        "startCursor": "MQ==",
        "endCursor": "MQ=="
      },
      "nodes": [
        {
          "version": 1
        }
      ]
    }
  }
}

task 19, lines 169-180:
//# run-graphql --cursors 1 4
Response: {
  "data": {
    "objectVersions": {
      "pageInfo": {
        "hasPreviousPage": true,
        "hasNextPage": true,
        "startCursor": "Mg==",
        "endCursor": "Mw=="
      },
      "nodes": [
        {
          "version": 2
        },
        {
          "version": 3
        }
      ]
    }
  }
}

task 20, lines 182-193:
//# run-graphql --cursors 1 4
Response: {
  "data": {
    "objectVersions": {
      "pageInfo": {
        "hasPreviousPage": true,
        "hasNextPage": true,
        "startCursor": "Mg==",
        "endCursor": "Mg=="
      },
      "nodes": [
        {
          "version": 2
        }
      ]
    }
  }
}

task 21, lines 195-206:
//# run-graphql --cursors 1 4
Response: {
  "data": {
    "objectVersions": {
      "pageInfo": {
        "hasPreviousPage": true,
        "hasNextPage": true,
        "startCursor": "Mw==",
        "endCursor": "Mw=="
      },
      "nodes": [
        {
          "version": 3
        }
      ]
    }
  }
}

task 22, lines 208-219:
//# run-graphql
Response: {
  "data": {
    "object": {
      "objectVersionsBefore": {
        "nodes": [
          {
            "version": 1
          },
          {
            "version": 2
          }
        ]
      },
      "version": 3,
      "objectVersionsAfter": {
        "nodes": [
          {
            "version": 4
          },
          {
            "version": 5
          },
          {
            "version": 6
          }
        ]
      }
    }
  }
}
