---
source: external-crates/move/crates/move-transactional-test-runner/src/framework.rs
---
processed 5 tasks

init:
A: object(0,0)

task 1, lines 14-45:
//# publish --sender A
events: Event { package_id: test, transaction_module: Identifier("mod"), sender: A, type_: StructTag { address: sui, module: Identifier("display"), name: Identifier("DisplayCreated"), type_params: [Struct(StructTag { address: test, module: Identifier("mod"), name: Identifier("Foo"), type_params: [] })] }, contents: [224, 102, 78, 51, 112, 180, 114, 22, 60, 95, 47, 235, 250, 28, 5, 185, 123, 101, 238, 100, 72, 93, 214, 3, 103, 62, 49, 12, 164, 106, 11, 4] }, Event { package_id: test, transaction_module: Identifier("mod"), sender: A, type_: StructTag { address: sui, module: Identifier("display"), name: Identifier("VersionUpdated"), type_params: [Struct(StructTag { address: test, module: Identifier("mod"), name: Identifier("Foo"), type_params: [] })] }, contents: [224, 102, 78, 51, 112, 180, 114, 22, 60, 95, 47, 235, 250, 28, 5, 185, 123, 101, 238, 100, 72, 93, 214, 3, 103, 62, 49, 12, 164, 106, 11, 4, 1, 0, 1, 3, 98, 97, 114, 4, 123, 98, 97, 114] }
created: object(1,0), object(1,1), object(1,2)
mutated: object(0,0)
gas summary: computation_cost: 1000000, storage_cost: 12122000,  storage_rebate: 0, non_refundable_storage_fee: 0

task 2, lines 47-49:
//# programmable --sender A --inputs 42 @A
//> 0: test::mod::new(Input(0));
//> 1: TransferObjects([Result(0)], Input(1))
created: object(2,0)
mutated: object(0,0)
gas summary: computation_cost: 1000000, storage_cost: 2606800,  storage_rebate: 1294128, non_refundable_storage_fee: 13072

task 3, line 51:
//# create-checkpoint
Checkpoint created: 1

task 4, lines 53-57:
//# run-jsonrpc
Response: {
  "jsonrpc": "2.0",
  "id": 0,
  "result": {
    "data": {
      "objectId": "BFCa3c9056dafc4152c5c31d0db25f97ca34c37e09e4e2736bf351851091b6227243697",
      "version": "3",
      "digest": "GoQXEb8XGNnrNgxqq4AeVkexpSj7wwwyKo4DB8XntWGC",
      "display": {
        "data": null,
        "error": {
          "code": "displayError",
          "error": "Failed to parse format for display field \"bar\": Unexpected end-of-string, expected one of '}', or '.'"
        }
      },
      "content": {
        "dataType": "moveObject",
        "type": "0xb79a26789b9ad9acee5f457e4de2626e1fdb726b85b47cc761932c542d0dc805::mod::Foo",
        "hasPublicTransfer": true,
        "fields": {
          "bar": "42",
          "id": {
            "id": "BFCa3c9056dafc4152c5c31d0db25f97ca34c37e09e4e2736bf351851091b6227243697"
          }
        }
      }
    }
  }
}
