---
source: external-crates/move/crates/move-transactional-test-runner/src/framework.rs
---
processed 11 tasks

init:
A: object(0,0), B: object(0,1)

task 1, lines 11-38:
//# publish
created: object(1,0)
mutated: object(0,2)
gas summary: computation_cost: 1000000, storage_cost: 7280800,  storage_rebate: 0, non_refundable_storage_fee: 0

task 2, lines 40-42:
//# programmable --sender B --inputs @B
//> 0: P::M::o1();
//> 1: TransferObjects([Result(0)], Input(0))
created: object(2,0)
mutated: object(0,1)
gas summary: computation_cost: 1000000, storage_cost: 2523200,  storage_rebate: 0, non_refundable_storage_fee: 0

task 3, lines 44-48:
//# programmable --sender A --inputs @A
//> 0: P::M::o1();
//> 1: P::M::o2();
//> 2: P::N::o1();
//> 3: TransferObjects([Result(0), Result(1), Result(2)], Input(0))
created: object(3,0), object(3,1), object(3,2)
mutated: object(0,0)
gas summary: computation_cost: 1000000, storage_cost: 4955200,  storage_rebate: 0, non_refundable_storage_fee: 0

task 4, line 50:
//# create-checkpoint
Checkpoint created: 1

task 5, lines 52-54:
//# programmable --sender A --inputs @A
//> 0: P::M::o1();
//> 1: TransferObjects([Result(0)], Input(0))
created: object(5,0)
mutated: object(0,0)
gas summary: computation_cost: 1000000, storage_cost: 2523200,  storage_rebate: 1294128, non_refundable_storage_fee: 13072

task 6, line 56:
//# create-checkpoint
Checkpoint created: 2

task 7, lines 58-68:
//# run-jsonrpc
Response: {
  "jsonrpc": "2.0",
  "id": 0,
  "result": {
    "data": [
      {
        "data": {
          "objectId": "BFCa57a033644bf912fec24d420b05977ab765f685778a624ad32e9eaf35d81b77de9cd",
          "version": "3",
          "digest": "DQ84ykENJpx9okitM9b1Xn8CEeAZGHZBeFnRZXggYuGG",
          "type": "0x8e247f108b3caa1bbb3850cf7b9ec7b6aa2909cd89b86de2af58174ab66dc793::M::O1"
        }
      },
      {
        "data": {
          "objectId": "BFC8a20a0aaf07f76404526b41af1533ff73650f6a74e29c659e9d7b42ddfbcf9b89650",
          "version": "2",
          "digest": "3pSQefriPqcs5NMFXBJrxPKjM2QjkCEwRiz8VByCdFps",
          "type": "0x8e247f108b3caa1bbb3850cf7b9ec7b6aa2909cd89b86de2af58174ab66dc793::M::O1"
        }
      },
      {
        "data": {
          "objectId": "BFC35aedb9ec07075d638b0349db634d10f5f584d07e1f57431c37e8309c8cda15b077b",
          "version": "2",
          "digest": "Fa4swAZ1RS1gFMetGr42n4nDXfhxCqTVbC5j5tGWzYqb",
          "type": "0x8e247f108b3caa1bbb3850cf7b9ec7b6aa2909cd89b86de2af58174ab66dc793::M::O2"
        }
      }
    ],
    "nextCursor": "IDWu257AcHXWOLA0nbY00Q9fWE0H4fV0McN+gwnIzaFbAQAAAAAAAAA=",
    "hasNextPage": false
  }
}

task 8, lines 70-80:
//# run-jsonrpc
Response: {
  "jsonrpc": "2.0",
  "id": 1,
  "result": {
    "data": [
      {
        "data": {
          "objectId": "BFCea5cc53561237d7459aea3c0aab2a4b6af6684bfe9189e1304fd1888b5de8f2710b2",
          "version": "2",
          "digest": "HpE1HMBnjR5ZYSju5LDTK88gcSEj5KFWsKRzNmrX6CvT",
          "type": "0x8e247f108b3caa1bbb3850cf7b9ec7b6aa2909cd89b86de2af58174ab66dc793::N::O1"
        }
      }
    ],
    "nextCursor": "IOpcxTVhI310Wa6jwKqypLavZoS/6RieEwT9GIi13o8nAQAAAAAAAAA=",
    "hasNextPage": false
  }
}

task 9, lines 82-94:
//# run-jsonrpc
Response: {
  "jsonrpc": "2.0",
  "id": 2,
  "result": {
    "data": [
      {
        "data": {
          "objectId": "BFCa57a033644bf912fec24d420b05977ab765f685778a624ad32e9eaf35d81b77de9cd",
          "version": "3",
          "digest": "DQ84ykENJpx9okitM9b1Xn8CEeAZGHZBeFnRZXggYuGG",
          "type": "0x8e247f108b3caa1bbb3850cf7b9ec7b6aa2909cd89b86de2af58174ab66dc793::M::O1"
        }
      }
    ],
    "nextCursor": "IKV6AzZEv5Ev7CTUILBZd6t2X2hXeKYkrTLp6vNdgbd9AgAAAAAAAAA=",
    "hasNextPage": true
  }
}

task 10, lines 96-108:
//# run-jsonrpc --cursors bcs(@{obj_5_0},2)
Response: {
  "jsonrpc": "2.0",
  "id": 3,
  "result": {
    "data": [
      {
        "data": {
          "objectId": "BFC8a20a0aaf07f76404526b41af1533ff73650f6a74e29c659e9d7b42ddfbcf9b89650",
          "version": "2",
          "digest": "3pSQefriPqcs5NMFXBJrxPKjM2QjkCEwRiz8VByCdFps",
          "type": "0x8e247f108b3caa1bbb3850cf7b9ec7b6aa2909cd89b86de2af58174ab66dc793::M::O1"
        }
      }
    ],
    "nextCursor": "IIogoKrwf3ZARSa0GvFTP/c2UPanTinGWenXtC3fvPm4AQAAAAAAAAA=",
    "hasNextPage": true
  }
}
