---
source: external-crates/move/crates/move-transactional-test-runner/src/framework.rs
---
processed 13 tasks

init:
A: object(0,0), B: object(0,1)

task 1, lines 11-38:
//# publish
created: object(1,0)
mutated: object(0,2)
gas summary: computation_cost: 1000000, storage_cost: 7280800,  storage_rebate: 0, non_refundable_storage_fee: 0

task 2, lines 40-42:
//# programmable --sender B --inputs @B
//> 0: P::M::o1();
//> 1: TransferObjects([Result(0)], Input(0))
created: object(2,0)
mutated: object(0,1)
gas summary: computation_cost: 1000000, storage_cost: 2523200,  storage_rebate: 0, non_refundable_storage_fee: 0

task 3, lines 44-48:
//# programmable --sender A --inputs @A
//> 0: P::M::o1();
//> 1: P::M::o2();
//> 2: P::N::o1();
//> 3: TransferObjects([Result(0), Result(1), Result(2)], Input(0))
created: object(3,0), object(3,1), object(3,2)
mutated: object(0,0)
gas summary: computation_cost: 1000000, storage_cost: 4955200,  storage_rebate: 0, non_refundable_storage_fee: 0

task 4, lines 50-52:
//# programmable --sender A --inputs @A 42 43 44
//> 0: SplitCoins(Gas, [Input(1), Input(2), Input(3)]);
//> 1: TransferObjects([NestedResult(0,0), NestedResult(0,1), NestedResult(0,2)], Input(0))
created: object(4,0), object(4,1), object(4,2)
mutated: object(0,0)
gas summary: computation_cost: 1000000, storage_cost: 5228800,  storage_rebate: 1294128, non_refundable_storage_fee: 13072

task 5, line 54:
//# create-checkpoint
Checkpoint created: 1

task 6, lines 56-58:
//# programmable --sender A --inputs @A
//> 0: P::M::o1();
//> 1: TransferObjects([Result(0)], Input(0))
created: object(6,0)
mutated: object(0,0)
gas summary: computation_cost: 1000000, storage_cost: 2523200,  storage_rebate: 1294128, non_refundable_storage_fee: 13072

task 7, lines 60-62:
//# programmable --sender A --inputs @A 45
//> 0: SplitCoins(Gas, [Input(1)]);
//> 1: TransferObjects([Result(0)], Input(0))
created: object(7,0)
mutated: object(0,0)
gas summary: computation_cost: 1000000, storage_cost: 2614400,  storage_rebate: 1294128, non_refundable_storage_fee: 13072

task 8, line 64:
//# create-checkpoint
Checkpoint created: 2

task 9, lines 66-76:
//# run-jsonrpc
Response: {
  "jsonrpc": "2.0",
  "id": 0,
  "result": {
    "data": [
      {
        "data": {
          "objectId": "BFCbc6cb837320851774d5f1d16dd9843c1ae9c5e10e6dd8a16050a573b292697eed685",
          "version": "4",
          "digest": "GA6x4crasTt6Liw422gPAtTV5z1tPab6vsSZrxtT2GfE",
          "type": "0x590aadb198e1dd964cdad28e7416dfb6f022fe9af8fdc32301c50f7638e4362a::M::O1"
        }
      },
      {
        "data": {
          "objectId": "BFC59858be7766980b8d226c37480a60b5c44ccac5d9a19b3abf0cddf1c585a409f20e8",
          "version": "2",
          "digest": "Fp5h4jLhczWnEujcdZDJi9KUjyUZYbfJF8qjsQ6EKExK",
          "type": "0x590aadb198e1dd964cdad28e7416dfb6f022fe9af8fdc32301c50f7638e4362a::M::O1"
        }
      },
      {
        "data": {
          "objectId": "BFC17182ce569adae326d0b5f1856d39accd4b7fc66dbf094735922cb07c674eb2caf12",
          "version": "2",
          "digest": "8ZAFaZfFwDQB7wL6938TKg1LqJDRHfA8DSfJuvdxvUe3",
          "type": "0x590aadb198e1dd964cdad28e7416dfb6f022fe9af8fdc32301c50f7638e4362a::M::O2"
        }
      },
      {
        "data": {
          "objectId": "BFC06de93353a1aa9d745dcceb84352082ddf0809776d7572be55b1e3470eeee71532a2",
          "version": "2",
          "digest": "8PuXNU1o6nDpdxhiAyATb4zm79Z6YuRnzvJ6e1qAsYtL",
          "type": "0x590aadb198e1dd964cdad28e7416dfb6f022fe9af8fdc32301c50f7638e4362a::N::O1"
        }
      }
    ],
    "nextCursor": "IAbekzU6GqnXRdzOuENSCC3fCAl3bXVyvlWx40cO7ucVAQAAAAAAAAA=",
    "hasNextPage": false
  }
}

task 10, lines 78-88:
//# run-jsonrpc
Response: {
  "jsonrpc": "2.0",
  "id": 1,
  "result": {
    "data": [
      {
        "data": {
          "objectId": "BFC9784a1dccb27b977aff16944cd568dd5be22c696bb09b494cfd79d3d4a42ef110de0",
          "version": "5",
          "digest": "9R2RsCQigK6atXaqcve3TsnxHny3pyU2T9hEs62Q4Vw",
          "type": "0x2::coin::Coin<0x2::bfc::BFC>"
        }
      },
      {
        "data": {
          "objectId": "BFCe933f7cd757e996a080383c19c23c41628e47d867513bdf9ed810912d2323b9cff8c",
          "version": "3",
          "digest": "9Zqqzco8RxWtfiPyJiJxLBZvZtWW6Esdzt2C27qUP9o8",
          "type": "0x2::coin::Coin<0x2::bfc::BFC>"
        }
      },
      {
        "data": {
          "objectId": "BFC198dd202c8d0f2ffe00d0f32bb576d12d4ee2c1f527d66a0c1b54eb4e5626850678e",
          "version": "3",
          "digest": "FjapK5GgYJMYvCey5wzTZhYU5vWEpm7Z5WtAtJNKHN8h",
          "type": "0x2::coin::Coin<0x2::bfc::BFC>"
        }
      },
      {
        "data": {
          "objectId": "BFC0f3d024217388f529510dd3982cde42a6319cf699942e3a2f7fa114d8ee40c0283a7",
          "version": "3",
          "digest": "FR7cHLwogcfDtQJtUteSaZ9vaw1t6KH1rhQxZRscG57F",
          "type": "0x2::coin::Coin<0x2::bfc::BFC>"
        }
      },
      {
        "data": {
          "objectId": "BFC4c032f4787a960f7d12e78ce112e42cf1176d9f796d5bb80bf22f1466859185ca86a",
          "version": "5",
          "digest": "HgAspZUSPeN1STg6Ws5WdUUw18buV7d97JBkFDKXsvZt",
          "type": "0x2::coin::Coin<0x2::bfc::BFC>"
        }
      }
    ],
    "nextCursor": "IEwDL0eHqWD30S54zhEuQs8Rdtn3ltW7gL8i8UZoWRhcAAAAAAAAAAA=",
    "hasNextPage": false
  }
}

task 11, lines 90-102:
//# run-jsonrpc
Response: {
  "jsonrpc": "2.0",
  "id": 2,
  "result": {
    "data": [
      {
        "data": {
          "objectId": "BFCbc6cb837320851774d5f1d16dd9843c1ae9c5e10e6dd8a16050a573b292697eed685",
          "version": "4",
          "digest": "GA6x4crasTt6Liw422gPAtTV5z1tPab6vsSZrxtT2GfE",
          "type": "0x590aadb198e1dd964cdad28e7416dfb6f022fe9af8fdc32301c50f7638e4362a::M::O1"
        }
      },
      {
        "data": {
          "objectId": "BFC59858be7766980b8d226c37480a60b5c44ccac5d9a19b3abf0cddf1c585a409f20e8",
          "version": "2",
          "digest": "Fp5h4jLhczWnEujcdZDJi9KUjyUZYbfJF8qjsQ6EKExK",
          "type": "0x590aadb198e1dd964cdad28e7416dfb6f022fe9af8fdc32301c50f7638e4362a::M::O1"
        }
      }
    ],
    "nextCursor": "IFmFi+d2aYC40ibDdICmC1xEzKxdmhmzq/DN3xxYWkCfAQAAAAAAAAA=",
    "hasNextPage": true
  }
}

task 12, lines 104-116:
//# run-jsonrpc --cursors bcs(@{obj_3_2},1)
Response: {
  "jsonrpc": "2.0",
  "id": 3,
  "result": {
    "data": [],
    "nextCursor": null,
    "hasNextPage": false
  }
}
