---
source: external-crates/move/crates/move-transactional-test-runner/src/framework.rs
---
processed 13 tasks

init:
A: object(0,0), B: object(0,1)

task 1, lines 11-38:
//# publish
created: object(1,0)
mutated: object(0,2)
gas summary: computation_cost: 1000000, storage_cost: 7280800,  storage_rebate: 0, non_refundable_storage_fee: 0

task 2, lines 40-42:
//# programmable --sender B --inputs @B
//> 0: P::M::o1();
//> 1: TransferObjects([Result(0)], Input(0))
created: object(2,0)
mutated: object(0,1)
gas summary: computation_cost: 1000000, storage_cost: 2523200,  storage_rebate: 0, non_refundable_storage_fee: 0

task 3, lines 44-48:
//# programmable --sender A --inputs @A
//> 0: P::M::o1();
//> 1: P::M::o2();
//> 2: P::N::o1();
//> 3: TransferObjects([Result(0), Result(1), Result(2)], Input(0))
created: object(3,0), object(3,1), object(3,2)
mutated: object(0,0)
gas summary: computation_cost: 1000000, storage_cost: 4955200,  storage_rebate: 0, non_refundable_storage_fee: 0

task 4, lines 50-52:
//# programmable --sender A --inputs @A 42 43 44
//> 0: SplitCoins(Gas, [Input(1), Input(2), Input(3)]);
//> 1: TransferObjects([NestedResult(0,0), NestedResult(0,1), NestedResult(0,2)], Input(0))
created: object(4,0), object(4,1), object(4,2)
mutated: object(0,0)
gas summary: computation_cost: 1000000, storage_cost: 5228800,  storage_rebate: 1294128, non_refundable_storage_fee: 13072

task 5, line 54:
//# create-checkpoint
Checkpoint created: 1

task 6, lines 56-58:
//# programmable --sender A --inputs @A
//> 0: P::M::o1();
//> 1: TransferObjects([Result(0)], Input(0))
created: object(6,0)
mutated: object(0,0)
gas summary: computation_cost: 1000000, storage_cost: 2523200,  storage_rebate: 1294128, non_refundable_storage_fee: 13072

task 7, lines 60-62:
//# programmable --sender A --inputs @A 45
//> 0: SplitCoins(Gas, [Input(1)]);
//> 1: TransferObjects([Result(0)], Input(0))
created: object(7,0)
mutated: object(0,0)
gas summary: computation_cost: 1000000, storage_cost: 2614400,  storage_rebate: 1294128, non_refundable_storage_fee: 13072

task 8, line 64:
//# create-checkpoint
Checkpoint created: 2

task 9, lines 66-76:
//# run-jsonrpc
Response: {
  "jsonrpc": "2.0",
  "id": 0,
  "result": {
    "data": [
      {
        "data": {
          "objectId": "BFC7173cd5f7d06ab2a5663a699d3b84405ad7f7da99b89ca62015b36fa027712f12b04",
          "version": "4",
          "digest": "EPbQ4V7MMzSTMccfgmssWXxaer1h3XcQn4uKAL1rs5A7",
          "type": "0x03a62e6a9ca4c44712f7844d5ea537362427976368d5f003c101dfd7ec344454::M::O1"
        }
      },
      {
        "data": {
          "objectId": "BFCc3b4c61fa167babfe0010a19bb29495e79eccb19e7a4f7cdea370dcb127b3cda86ca",
          "version": "2",
          "digest": "4H1qH8EDBmEuFER8tfpRKjLqWYieQoDGHNWva7KBJqnu",
          "type": "0x03a62e6a9ca4c44712f7844d5ea537362427976368d5f003c101dfd7ec344454::M::O1"
        }
      },
      {
        "data": {
          "objectId": "BFC1b9499ac241fc254c2d5bb4004c599f66e844cba50a46defc25251ae2edf34ff53ef",
          "version": "2",
          "digest": "EEpq1TwDKrVCVHJEgSg4ceHbVBdX53VxxewC4TtcB5eY",
          "type": "0x03a62e6a9ca4c44712f7844d5ea537362427976368d5f003c101dfd7ec344454::N::O1"
        }
      },
      {
        "data": {
          "objectId": "BFC14ea6a7dc171f1103bf9b1b2240f7651cd0bc94dd1dc18e6b0ad7df68d6aa2e22b34",
          "version": "2",
          "digest": "2mV8Zf6zzjj78z4PeyRcVdSuhUdXSWK7dGcSqdGx4muJ",
          "type": "0x03a62e6a9ca4c44712f7844d5ea537362427976368d5f003c101dfd7ec344454::M::O2"
        }
      }
    ],
    "nextCursor": "IBTqan3BcfEQO/mxsiQPdlHNC8lN0dwY5rCtffaNaqLiAQAAAAAAAAA=",
    "hasNextPage": false
  }
}

task 10, lines 78-88:
//# run-jsonrpc
Response: {
  "jsonrpc": "2.0",
  "id": 1,
  "result": {
    "data": [
      {
        "data": {
          "objectId": "BFC228536e9d406792e420c90f272a3db73b679f36f018448c4833fb80b278561241fa3",
          "version": "5",
          "digest": "EW2qY6i6Kuwcem1wEQutUwhy24E6rcsKJgdqDGKeTiW2",
          "type": "0x2::coin::Coin<0x2::bfc::BFC>"
        }
      },
      {
        "data": {
          "objectId": "BFC7e96660e3301d0379b5861ffd5e4634c39a59ff9d59002db4ebf51dd6c4da4776762",
          "version": "3",
          "digest": "6oNNTXCn1w57NetYNgbTj9mRP6cGMwMxA1vajtrEdwhD",
          "type": "0x2::coin::Coin<0x2::bfc::BFC>"
        }
      },
      {
        "data": {
          "objectId": "BFC70b385949bd6e40200e0c654613beadcd902e15fc956d99e0fd23be993f0115ebd75",
          "version": "3",
          "digest": "GFhBu6WMjDNfSEVxPsmSfYyxvvA8JrTXuqsn1QvGzxxG",
          "type": "0x2::coin::Coin<0x2::bfc::BFC>"
        }
      },
      {
        "data": {
          "objectId": "BFC625f3110886a5b7c42a91644e24f9d80695c9217335b116bdf98d0e8d40a612fbc19",
          "version": "3",
          "digest": "4hJoSGWW7GT4AQWp8XiZexDc8r8QyfobV3fnDKRAuJdT",
          "type": "0x2::coin::Coin<0x2::bfc::BFC>"
        }
      },
      {
        "data": {
          "objectId": "BFC4c032f4787a960f7d12e78ce112e42cf1176d9f796d5bb80bf22f1466859185ca86a",
          "version": "5",
          "digest": "69tJxBP2zmkB5BaLofuLM2ChzEzAXRCeH6ed8Pf6LZfu",
          "type": "0x2::coin::Coin<0x2::bfc::BFC>"
        }
      }
    ],
    "nextCursor": "IEwDL0eHqWD30S54zhEuQs8Rdtn3ltW7gL8i8UZoWRhcAAAAAAAAAAA=",
    "hasNextPage": false
  }
}

task 11, lines 90-102:
//# run-jsonrpc
Response: {
  "jsonrpc": "2.0",
  "id": 2,
  "result": {
    "data": [
      {
        "data": {
          "objectId": "BFC7173cd5f7d06ab2a5663a699d3b84405ad7f7da99b89ca62015b36fa027712f12b04",
          "version": "4",
          "digest": "EPbQ4V7MMzSTMccfgmssWXxaer1h3XcQn4uKAL1rs5A7",
          "type": "0x03a62e6a9ca4c44712f7844d5ea537362427976368d5f003c101dfd7ec344454::M::O1"
        }
      },
      {
        "data": {
          "objectId": "BFCc3b4c61fa167babfe0010a19bb29495e79eccb19e7a4f7cdea370dcb127b3cda86ca",
          "version": "2",
          "digest": "4H1qH8EDBmEuFER8tfpRKjLqWYieQoDGHNWva7KBJqnu",
          "type": "0x03a62e6a9ca4c44712f7844d5ea537362427976368d5f003c101dfd7ec344454::M::O1"
        }
      }
    ],
    "nextCursor": "IMO0xh+hZ7q/4AEKGbspSV557MsZ56T3zeo3DcsSezzaAQAAAAAAAAA=",
    "hasNextPage": true
  }
}

task 12, lines 104-116:
//# run-jsonrpc --cursors bcs(@{obj_3_2},1)
Response: {
  "jsonrpc": "2.0",
  "id": 3,
  "result": {
    "data": [
      {
        "data": {
          "objectId": "BFC14ea6a7dc171f1103bf9b1b2240f7651cd0bc94dd1dc18e6b0ad7df68d6aa2e22b34",
          "version": "2",
          "digest": "2mV8Zf6zzjj78z4PeyRcVdSuhUdXSWK7dGcSqdGx4muJ",
          "type": "0x03a62e6a9ca4c44712f7844d5ea537362427976368d5f003c101dfd7ec344454::M::O2"
        }
      }
    ],
    "nextCursor": "IBTqan3BcfEQO/mxsiQPdlHNC8lN0dwY5rCtffaNaqLiAQAAAAAAAAA=",
    "hasNextPage": false
  }
}
