---
source: external-crates/move/crates/move-transactional-test-runner/src/framework.rs
---
processed 11 tasks

init:
A: object(0,0), B: object(0,1)

task 1, lines 11-20:
//# publish
created: object(1,0)
mutated: object(0,2)
gas summary: computation_cost: 1000000, storage_cost: 5016000,  storage_rebate: 0, non_refundable_storage_fee: 0

task 2, lines 22-24:
//# programmable --sender B --inputs @B
//> 0: P::M::o1<u64>();
//> 1: TransferObjects([Result(0)], Input(0))
created: object(2,0)
mutated: object(0,1)
gas summary: computation_cost: 1000000, storage_cost: 2530800,  storage_rebate: 0, non_refundable_storage_fee: 0

task 3, lines 26-30:
//# programmable --sender A --inputs @A
//> 0: P::M::o1<u64>();
//> 1: P::M::o1<u32>();
//> 2: P::M::o1<u64>();
//> 3: TransferObjects([Result(0), Result(1), Result(2)], Input(0))
created: object(3,0), object(3,1), object(3,2)
mutated: object(0,0)
gas summary: computation_cost: 1000000, storage_cost: 4978000,  storage_rebate: 0, non_refundable_storage_fee: 0

task 4, line 32:
//# create-checkpoint
Checkpoint created: 1

task 5, lines 34-36:
//# programmable --sender A --inputs @A
//> 0: P::M::o1<u32>();
//> 1: TransferObjects([Result(0)], Input(0))
created: object(5,0)
mutated: object(0,0)
gas summary: computation_cost: 1000000, storage_cost: 2530800,  storage_rebate: 1294128, non_refundable_storage_fee: 13072

task 6, line 38:
//# create-checkpoint
Checkpoint created: 2

task 7, lines 40-50:
//# run-jsonrpc
Response: {
  "jsonrpc": "2.0",
  "id": 0,
  "result": {
    "data": [
      {
        "data": {
          "objectId": "BFC71b8f16791db876e4e4118fd51e810f242ac84fd5fe084306fbf2bfc09ee2df0873b",
          "version": "2",
          "digest": "EFrmbqoCK1QnmAcciViDdBSReJseP5Both9TNN55hXgN",
          "type": "0xa3ec6ac41a688d0d4ac73a330bc18018806bf8d8239a7526130800e07cbdb226::M::O1<u64>"
        }
      },
      {
        "data": {
          "objectId": "BFC3901f9a87735b16613d39869d9e9c527d5b0af6cd99ce87be3c8d6ff43cb46661176",
          "version": "2",
          "digest": "9uLzPxoywpLp7fmAXk2T8A5nvKNzp3mHEQ1ogHbfg6bg",
          "type": "0xa3ec6ac41a688d0d4ac73a330bc18018806bf8d8239a7526130800e07cbdb226::M::O1<u64>"
        }
      }
    ],
    "nextCursor": "IDkB+ah3NbFmE9OYadnpxSfVsK9s2Zzoe+PI1v9Dy0ZmAQAAAAAAAAA=",
    "hasNextPage": false
  }
}

task 8, lines 52-62:
//# run-jsonrpc
Response: {
  "jsonrpc": "2.0",
  "id": 1,
  "result": {
    "data": [
      {
        "data": {
          "objectId": "BFC36a4d6ab4c0b3ad35b833e026c34bc048f4c84d4935b6fc31585d049e0779e026e58",
          "version": "3",
          "digest": "4JxUa8f2ReSarigeNKtV4NgJV9oWqU4kkRNd71x6utxC",
          "type": "0xa3ec6ac41a688d0d4ac73a330bc18018806bf8d8239a7526130800e07cbdb226::M::O1<u32>"
        }
      },
      {
        "data": {
          "objectId": "BFC2fbe8cb0aaf7c6ff7ec74d3a7b9c3fec448865130586524b5098d1f405c07599be95",
          "version": "2",
          "digest": "HMa5pPfrDL3QCdYSVzoYBGLJmtyPoAm5HepHCoWcJvaP",
          "type": "0xa3ec6ac41a688d0d4ac73a330bc18018806bf8d8239a7526130800e07cbdb226::M::O1<u32>"
        }
      }
    ],
    "nextCursor": "IC++jLCq98b/fsdNOnucP+xEiGUTBYZSS1CY0fQFwHWZAQAAAAAAAAA=",
    "hasNextPage": false
  }
}

task 9, lines 64-76:
//# run-jsonrpc
Response: {
  "jsonrpc": "2.0",
  "id": 2,
  "result": {
    "data": [
      {
        "data": {
          "objectId": "BFC36a4d6ab4c0b3ad35b833e026c34bc048f4c84d4935b6fc31585d049e0779e026e58",
          "version": "3",
          "digest": "4JxUa8f2ReSarigeNKtV4NgJV9oWqU4kkRNd71x6utxC",
          "type": "0xa3ec6ac41a688d0d4ac73a330bc18018806bf8d8239a7526130800e07cbdb226::M::O1<u32>"
        }
      }
    ],
    "nextCursor": "IDak1qtMCzrTW4M+Amw0vASPTITUk1tvwxWF0Engd54CAgAAAAAAAAA=",
    "hasNextPage": true
  }
}

task 10, lines 78-90:
//# run-jsonrpc --cursors bcs(@{obj_5_0},2)
Response: {
  "jsonrpc": "2.0",
  "id": 3,
  "result": {
    "data": [
      {
        "data": {
          "objectId": "BFC2fbe8cb0aaf7c6ff7ec74d3a7b9c3fec448865130586524b5098d1f405c07599be95",
          "version": "2",
          "digest": "HMa5pPfrDL3QCdYSVzoYBGLJmtyPoAm5HepHCoWcJvaP",
          "type": "0xa3ec6ac41a688d0d4ac73a330bc18018806bf8d8239a7526130800e07cbdb226::M::O1<u32>"
        }
      }
    ],
    "nextCursor": "IC++jLCq98b/fsdNOnucP+xEiGUTBYZSS1CY0fQFwHWZAQAAAAAAAAA=",
    "hasNextPage": false
  }
}
