---
source: external-crates/move/crates/move-transactional-test-runner/src/framework.rs
---
processed 11 tasks

init:
A: object(0,0), B: object(0,1)

task 1, lines 11-20:
//# publish
created: object(1,0)
mutated: object(0,2)
gas summary: computation_cost: 1000000, storage_cost: 5016000,  storage_rebate: 0, non_refundable_storage_fee: 0

task 2, lines 22-24:
//# programmable --sender B --inputs @B
//> 0: P::M::o1<u64>();
//> 1: TransferObjects([Result(0)], Input(0))
created: object(2,0)
mutated: object(0,1)
gas summary: computation_cost: 1000000, storage_cost: 2530800,  storage_rebate: 0, non_refundable_storage_fee: 0

task 3, lines 26-30:
//# programmable --sender A --inputs @A
//> 0: P::M::o1<u64>();
//> 1: P::M::o1<u32>();
//> 2: P::M::o1<u64>();
//> 3: TransferObjects([Result(0), Result(1), Result(2)], Input(0))
created: object(3,0), object(3,1), object(3,2)
mutated: object(0,0)
gas summary: computation_cost: 1000000, storage_cost: 4978000,  storage_rebate: 0, non_refundable_storage_fee: 0

task 4, line 32:
//# create-checkpoint
Checkpoint created: 1

task 5, lines 34-36:
//# programmable --sender A --inputs @A
//> 0: P::M::o1<u32>();
//> 1: TransferObjects([Result(0)], Input(0))
created: object(5,0)
mutated: object(0,0)
gas summary: computation_cost: 1000000, storage_cost: 2530800,  storage_rebate: 1294128, non_refundable_storage_fee: 13072

task 6, line 38:
//# create-checkpoint
Checkpoint created: 2

task 7, lines 40-50:
//# run-jsonrpc
Response: {
  "jsonrpc": "2.0",
  "id": 0,
  "result": {
    "data": [
      {
        "data": {
          "objectId": "BFC614291e6fef2e727b377ca79392b7feb51c157acafe1dea2003bfc2d5d1c79ff4710",
          "version": "2",
          "digest": "EaDi53Z4JZioZxZx8pdTGprF13DZaike3fhtDBM1eLGv",
          "type": "0xa7032c6eda0016dc7046d1b7087d3c0843354de2526c464e1eb96c64d08fb6f1::M::O1<u64>"
        }
      },
      {
        "data": {
          "objectId": "BFC2ad7c518ea71250b8837b9b4e3074b5a62561be0b18b70f17c3102e3a486ae125fdc",
          "version": "2",
          "digest": "FvRChqepep97CwkuxU4JTA4nHEnAWsgTMHe9cKR49ae8",
          "type": "0xa7032c6eda0016dc7046d1b7087d3c0843354de2526c464e1eb96c64d08fb6f1::M::O1<u64>"
        }
      }
    ],
    "nextCursor": "ICrXxRjqcSULiDe5tOMHS1piVhvgsYtw8XwxAuOkhq4SAQAAAAAAAAA=",
    "hasNextPage": false
  }
}

task 8, lines 52-62:
//# run-jsonrpc
Response: {
  "jsonrpc": "2.0",
  "id": 1,
  "result": {
    "data": [
      {
        "data": {
          "objectId": "BFC941572beb06cb11b50089970694f30a9792ba1ca5b196aa557c20735252567424e86",
          "version": "3",
          "digest": "9SYBjhhaFpqfygtmBb3x5RgqqMCAyLHJhUiJGEDHda8v",
          "type": "0xa7032c6eda0016dc7046d1b7087d3c0843354de2526c464e1eb96c64d08fb6f1::M::O1<u32>"
        }
      },
      {
        "data": {
          "objectId": "BFCea166f1d0ada08eec21039fb136b985236fd58370c8406855661cb8f92d55d6953a1",
          "version": "2",
          "digest": "5eqLdY9dDz46MxEp1dwHGPNmUeeSXsejQcPLD8nexBqf",
          "type": "0xa7032c6eda0016dc7046d1b7087d3c0843354de2526c464e1eb96c64d08fb6f1::M::O1<u32>"
        }
      }
    ],
    "nextCursor": "IOoWbx0K2gjuwhA5+xNrmFI2/Vg3DIQGhVZhy4+S1V1pAQAAAAAAAAA=",
    "hasNextPage": false
  }
}

task 9, lines 64-76:
//# run-jsonrpc
Response: {
  "jsonrpc": "2.0",
  "id": 2,
  "result": {
    "data": [
      {
        "data": {
          "objectId": "BFC941572beb06cb11b50089970694f30a9792ba1ca5b196aa557c20735252567424e86",
          "version": "3",
          "digest": "9SYBjhhaFpqfygtmBb3x5RgqqMCAyLHJhUiJGEDHda8v",
          "type": "0xa7032c6eda0016dc7046d1b7087d3c0843354de2526c464e1eb96c64d08fb6f1::M::O1<u32>"
        }
      }
    ],
    "nextCursor": "IJQVcr6wbLEbUAiZcGlPMKl5K6HKWxlqpVfCBzUlJWdCAgAAAAAAAAA=",
    "hasNextPage": true
  }
}

task 10, lines 78-90:
//# run-jsonrpc --cursors bcs(@{obj_5_0},2)
Response: {
  "jsonrpc": "2.0",
  "id": 3,
  "result": {
    "data": [
      {
        "data": {
          "objectId": "BFCea166f1d0ada08eec21039fb136b985236fd58370c8406855661cb8f92d55d6953a1",
          "version": "2",
          "digest": "5eqLdY9dDz46MxEp1dwHGPNmUeeSXsejQcPLD8nexBqf",
          "type": "0xa7032c6eda0016dc7046d1b7087d3c0843354de2526c464e1eb96c64d08fb6f1::M::O1<u32>"
        }
      }
    ],
    "nextCursor": "IOoWbx0K2gjuwhA5+xNrmFI2/Vg3DIQGhVZhy4+S1V1pAQAAAAAAAAA=",
    "hasNextPage": false
  }
}
