---
source: external-crates/move/crates/move-transactional-test-runner/src/framework.rs
---
processed 11 tasks

init:
A: object(0,0), B: object(0,1)

task 1, lines 11-20:
//# publish
created: object(1,0)
mutated: object(0,2)
gas summary: computation_cost: 1000000, storage_cost: 5016000,  storage_rebate: 0, non_refundable_storage_fee: 0

task 2, lines 22-24:
//# programmable --sender B --inputs @B
//> 0: P::M::o1<u64>();
//> 1: TransferObjects([Result(0)], Input(0))
created: object(2,0)
mutated: object(0,1)
gas summary: computation_cost: 1000000, storage_cost: 2530800,  storage_rebate: 0, non_refundable_storage_fee: 0

task 3, lines 26-30:
//# programmable --sender A --inputs @A
//> 0: P::M::o1<u64>();
//> 1: P::M::o1<u32>();
//> 2: P::M::o1<u64>();
//> 3: TransferObjects([Result(0), Result(1), Result(2)], Input(0))
created: object(3,0), object(3,1), object(3,2)
mutated: object(0,0)
gas summary: computation_cost: 1000000, storage_cost: 4978000,  storage_rebate: 0, non_refundable_storage_fee: 0

task 4, line 32:
//# create-checkpoint
Checkpoint created: 1

task 5, lines 34-36:
//# programmable --sender A --inputs @A
//> 0: P::M::o1<u32>();
//> 1: TransferObjects([Result(0)], Input(0))
created: object(5,0)
mutated: object(0,0)
gas summary: computation_cost: 1000000, storage_cost: 2530800,  storage_rebate: 1294128, non_refundable_storage_fee: 13072

task 6, line 38:
//# create-checkpoint
Checkpoint created: 2

task 7, lines 40-50:
//# run-jsonrpc
Response: {
  "jsonrpc": "2.0",
  "id": 0,
  "result": {
    "data": [
      {
        "data": {
          "objectId": "BFCfb68f62290f30e81fbccd976c9061cec644c09dc9ead5f5b417ba484fa1759390d83",
          "version": "2",
          "digest": "7bPM6vJoMMnbpNNDHiAw1WgXZrfoKNkvWC8VL78DU5h5",
          "type": "0x0581ee01548295b882a60a882afe60dd6bcc29ec8d775adac4305a5ae2020668::M::O1<u64>"
        }
      },
      {
        "data": {
          "objectId": "BFCb130606e2cf70a114c0285928188954ce9a491c606a4023be5d48df5f590f7274df3",
          "version": "2",
          "digest": "4TV1eRnGcWjLCU15tXSx7QoxnRfTQA6mWGawVfWD4ojp",
          "type": "0x0581ee01548295b882a60a882afe60dd6bcc29ec8d775adac4305a5ae2020668::M::O1<u64>"
        }
      }
    ],
    "nextCursor": "ILEwYG4s9woRTAKFkoGIlUzppJHGBqQCO+XUjfX1kPcnAQAAAAAAAAA=",
    "hasNextPage": false
  }
}

task 8, lines 52-62:
//# run-jsonrpc
Response: {
  "jsonrpc": "2.0",
  "id": 1,
  "result": {
    "data": [
      {
        "data": {
          "objectId": "BFCd87bc622ce19af18ae27ff81a846d9e402af0d7f2e62d80c2dcd4e538c7d806a4864",
          "version": "3",
          "digest": "CBhXY6WArkvVi5ZQ4rwMUpf337Ad6FpAfHnYq3owpt4C",
          "type": "0x0581ee01548295b882a60a882afe60dd6bcc29ec8d775adac4305a5ae2020668::M::O1<u32>"
        }
      },
      {
        "data": {
          "objectId": "BFCb726a82c2ed921256800380aea003d986e9098f7ecbbdc41e5cd5c33e5d0d4c24268",
          "version": "2",
          "digest": "5jY2hPaL2CKmqZxLvhLwPF3atZgDBMvenjnT5qkqcJXv",
          "type": "0x0581ee01548295b882a60a882afe60dd6bcc29ec8d775adac4305a5ae2020668::M::O1<u32>"
        }
      }
    ],
    "nextCursor": "ILcmqCwu2SElaAA4CuoAPZhukJj37LvcQeXNXDPl0NTCAQAAAAAAAAA=",
    "hasNextPage": false
  }
}

task 9, lines 64-76:
//# run-jsonrpc
Response: {
  "jsonrpc": "2.0",
  "id": 2,
  "result": {
    "data": [
      {
        "data": {
          "objectId": "BFCd87bc622ce19af18ae27ff81a846d9e402af0d7f2e62d80c2dcd4e538c7d806a4864",
          "version": "3",
          "digest": "CBhXY6WArkvVi5ZQ4rwMUpf337Ad6FpAfHnYq3owpt4C",
          "type": "0x0581ee01548295b882a60a882afe60dd6bcc29ec8d775adac4305a5ae2020668::M::O1<u32>"
        }
      }
    ],
    "nextCursor": "INh7xiLOGa8Yrif/gahG2eQCrw1/LmLYDC3NTlOMfYBqAgAAAAAAAAA=",
    "hasNextPage": true
  }
}

task 10, lines 78-90:
//# run-jsonrpc --cursors bcs(@{obj_5_0},2)
Response: {
  "jsonrpc": "2.0",
  "id": 3,
  "result": {
    "data": [
      {
        "data": {
          "objectId": "BFCb726a82c2ed921256800380aea003d986e9098f7ecbbdc41e5cd5c33e5d0d4c24268",
          "version": "2",
          "digest": "5jY2hPaL2CKmqZxLvhLwPF3atZgDBMvenjnT5qkqcJXv",
          "type": "0x0581ee01548295b882a60a882afe60dd6bcc29ec8d775adac4305a5ae2020668::M::O1<u32>"
        }
      }
    ],
    "nextCursor": "ILcmqCwu2SElaAA4CuoAPZhukJj37LvcQeXNXDPl0NTCAQAAAAAAAAA=",
    "hasNextPage": false
  }
}
