---
source: external-crates/move/crates/move-transactional-test-runner/src/framework.rs
---
processed 18 tasks

init:
A: object(0,0), B: object(0,1)

task 1, lines 13-15:
//# programmable --sender A --inputs @A 42 43 44
//> 0: SplitCoins(Gas, [Input(1), Input(2), Input(3)]);
//> 1: TransferObjects([NestedResult(0,0), NestedResult(0,1), NestedResult(0,2)], Input(0))
created: object(1,0), object(1,1), object(1,2)
mutated: object(0,0)
gas summary: computation_cost: 1000000, storage_cost: 5228800,  storage_rebate: 0, non_refundable_storage_fee: 0

task 2, lines 17-19:
//# programmable --sender B --inputs @B 45
//> 0: SplitCoins(Gas, [Input(1)]);
//> 1: TransferObjects([Result(0)], Input(0))
created: object(2,0)
mutated: object(0,1)
gas summary: computation_cost: 1000000, storage_cost: 2614400,  storage_rebate: 0, non_refundable_storage_fee: 0

task 3, line 21:
//# create-checkpoint
Checkpoint created: 1

task 4, lines 23-25:
//# programmable --sender A --inputs @A 46 47 48
//> 0: SplitCoins(Gas, [Input(1), Input(2), Input(3)]);
//> 1: TransferObjects([NestedResult(0,0), NestedResult(0,1), NestedResult(0,2)], Input(0))
created: object(4,0), object(4,1), object(4,2)
mutated: object(0,0)
gas summary: computation_cost: 1000000, storage_cost: 5228800,  storage_rebate: 1294128, non_refundable_storage_fee: 13072

task 5, lines 27-29:
//# programmable --sender B --inputs @B 49
//> 0: SplitCoins(Gas, [Input(1)]);
//> 1: TransferObjects([Result(0)], Input(0))
created: object(5,0)
mutated: object(0,1)
gas summary: computation_cost: 1000000, storage_cost: 2614400,  storage_rebate: 1294128, non_refundable_storage_fee: 13072

task 6, line 31:
//# create-checkpoint
Checkpoint created: 2

task 7, lines 33-37:
//# run-jsonrpc
Response: {
  "jsonrpc": "2.0",
  "id": 0,
  "result": {
    "data": [
      {
        "data": {
          "objectId": "BFCe87e7746c8a75d80e9c7ff8d15627bb96c74b5c1c69d1538f0bcfbfcf3f78b47e141",
          "version": "3",
          "digest": "B3Y6MqCq8pKATNHpJaB8dtpJM2R8q2bVEMVXSooL6mqC",
          "owner": {
            "AddressOwner": "BFCfccc9a421bbb13c1a66a1aa98f0ad75029ede94857779c6915b44f94068b921e71f7"
          },
          "content": {
            "dataType": "moveObject",
            "type": "0x2::coin::Coin<0x2::bfc::BFC>",
            "hasPublicTransfer": true,
            "fields": {
              "balance": "47",
              "id": {
                "id": "BFCe87e7746c8a75d80e9c7ff8d15627bb96c74b5c1c69d1538f0bcfbfcf3f78b47e141"
              }
            }
          }
        }
      },
      {
        "data": {
          "objectId": "BFC7450a2ddd99bc86239d0062ef913d297cdc8362985f4f06c190bbf0151bbfc484bdb",
          "version": "3",
          "digest": "4iPecHgyL7gUXvWAbzzVuVRR4akt5XHKHrvdmrNS5uQp",
          "owner": {
            "AddressOwner": "BFCfccc9a421bbb13c1a66a1aa98f0ad75029ede94857779c6915b44f94068b921e71f7"
          },
          "content": {
            "dataType": "moveObject",
            "type": "0x2::coin::Coin<0x2::bfc::BFC>",
            "hasPublicTransfer": true,
            "fields": {
              "balance": "48",
              "id": {
                "id": "BFC7450a2ddd99bc86239d0062ef913d297cdc8362985f4f06c190bbf0151bbfc484bdb"
              }
            }
          }
        }
      },
      {
        "data": {
          "objectId": "BFC3584c765ca6e2dc0e41ca4eb5af023bdc0a9b5148121be7dccad40e125b4a8bbcd2a",
          "version": "3",
          "digest": "3u8MbCi7Nz5RGsDrJHbKzPN7G18Lv2j882riyZCNm5WW",
          "owner": {
            "AddressOwner": "BFCfccc9a421bbb13c1a66a1aa98f0ad75029ede94857779c6915b44f94068b921e71f7"
          },
          "content": {
            "dataType": "moveObject",
            "type": "0x2::coin::Coin<0x2::bfc::BFC>",
            "hasPublicTransfer": true,
            "fields": {
              "balance": "46",
              "id": {
                "id": "BFC3584c765ca6e2dc0e41ca4eb5af023bdc0a9b5148121be7dccad40e125b4a8bbcd2a"
              }
            }
          }
        }
      },
      {
        "data": {
          "objectId": "BFCdcbf780fe61f7743857ee76cb82b12935d18278d4f264e4c96d1b31540e53eb40cde",
          "version": "2",
          "digest": "4M9UeDY4qPNyYHBPuS8EgquQhw699LB61GZmmCtupTNB",
          "owner": {
            "AddressOwner": "BFCfccc9a421bbb13c1a66a1aa98f0ad75029ede94857779c6915b44f94068b921e71f7"
          },
          "content": {
            "dataType": "moveObject",
            "type": "0x2::coin::Coin<0x2::bfc::BFC>",
            "hasPublicTransfer": true,
            "fields": {
              "balance": "42",
              "id": {
                "id": "BFCdcbf780fe61f7743857ee76cb82b12935d18278d4f264e4c96d1b31540e53eb40cde"
              }
            }
          }
        }
      },
      {
        "data": {
          "objectId": "BFCd46e5d250a4f83b4eb1cc30b41b95f45db4a2eb7c1710956d2712785b02d17004db3",
          "version": "2",
          "digest": "EdNqepn5rsvLwLpPcukWLqoLuod2q5GG2xkqve2srwSh",
          "owner": {
            "AddressOwner": "BFCfccc9a421bbb13c1a66a1aa98f0ad75029ede94857779c6915b44f94068b921e71f7"
          },
          "content": {
            "dataType": "moveObject",
            "type": "0x2::coin::Coin<0x2::bfc::BFC>",
            "hasPublicTransfer": true,
            "fields": {
              "balance": "43",
              "id": {
                "id": "BFCd46e5d250a4f83b4eb1cc30b41b95f45db4a2eb7c1710956d2712785b02d17004db3"
              }
            }
          }
        }
      },
      {
        "data": {
          "objectId": "BFC17b5c5757123519658298599c5cbdc1ad1b31e46582807a64b636cf34e54aa7ba57a",
          "version": "2",
          "digest": "9NFbyQC34cX53ysiESyFM7AS59WFwzbXoE6rmDqbjAte",
          "owner": {
            "AddressOwner": "BFCfccc9a421bbb13c1a66a1aa98f0ad75029ede94857779c6915b44f94068b921e71f7"
          },
          "content": {
            "dataType": "moveObject",
            "type": "0x2::coin::Coin<0x2::bfc::BFC>",
            "hasPublicTransfer": true,
            "fields": {
              "balance": "44",
              "id": {
                "id": "BFC17b5c5757123519658298599c5cbdc1ad1b31e46582807a64b636cf34e54aa7ba57a"
              }
            }
          }
        }
      },
      {
        "data": {
          "objectId": "BFC4c032f4787a960f7d12e78ce112e42cf1176d9f796d5bb80bf22f1466859185ca86a",
          "version": "3",
          "digest": "4oxnfnHDqD9brCcE2VQGitPRpZk3pRMpKaK1dLitpj8K",
          "owner": {
            "AddressOwner": "BFCfccc9a421bbb13c1a66a1aa98f0ad75029ede94857779c6915b44f94068b921e71f7"
          },
          "content": {
            "dataType": "moveObject",
            "type": "0x2::coin::Coin<0x2::bfc::BFC>",
            "hasPublicTransfer": true,
            "fields": {
              "balance": "299999988836258",
              "id": {
                "id": "BFC4c032f4787a960f7d12e78ce112e42cf1176d9f796d5bb80bf22f1466859185ca86a"
              }
            }
          }
        }
      }
    ],
    "nextCursor": "IEwDL0eHqWD30S54zhEuQs8Rdtn3ltW7gL8i8UZoWRhcAAAAAAAAAAA=",
    "hasNextPage": false
  }
}

task 8, lines 39-43:
//# run-jsonrpc
Response: {
  "jsonrpc": "2.0",
  "id": 1,
  "result": {
    "data": [
      {
        "data": {
          "objectId": "BFC10f89babfc41f5be9869e8d597aaa311c356269f4d832977e030739a84100b796b99",
          "version": "3",
          "digest": "98NicVeW8Wo9cWdEA9TJZV1CRanBmv66e3hnGLe1hABr",
          "owner": {
            "AddressOwner": "BFCa7b032703878aa74c3126935789fd1d4d7e111d5911b09247d6963061c312b5a5cf9"
          },
          "content": {
            "dataType": "moveObject",
            "type": "0x2::coin::Coin<0x2::bfc::BFC>",
            "hasPublicTransfer": true,
            "fields": {
              "balance": "49",
              "id": {
                "id": "BFC10f89babfc41f5be9869e8d597aaa311c356269f4d832977e030739a84100b796b99"
              }
            }
          }
        }
      },
      {
        "data": {
          "objectId": "BFC75e727dd50db556fdca28cc3a16f6dc200a7ed7e79c10ec2f488b5f6cfbdd180d656",
          "version": "2",
          "digest": "7XfDN6Dn48CNR3RaAAoFhGopQcUvLmNpkKAHaQCTdM4v",
          "owner": {
            "AddressOwner": "BFCa7b032703878aa74c3126935789fd1d4d7e111d5911b09247d6963061c312b5a5cf9"
          },
          "content": {
            "dataType": "moveObject",
            "type": "0x2::coin::Coin<0x2::bfc::BFC>",
            "hasPublicTransfer": true,
            "fields": {
              "balance": "45",
              "id": {
                "id": "BFC75e727dd50db556fdca28cc3a16f6dc200a7ed7e79c10ec2f488b5f6cfbdd180d656"
              }
            }
          }
        }
      },
      {
        "data": {
          "objectId": "BFCdd6d983778a0e79298ed16ff6a02366dc727aeca638205f40474aa5f62697072c109",
          "version": "3",
          "digest": "5xt2biaWrY85mECVbtR7eJaEfHW4HFX7P7UoVbhEt3ej",
          "owner": {
            "AddressOwner": "BFCa7b032703878aa74c3126935789fd1d4d7e111d5911b09247d6963061c312b5a5cf9"
          },
          "content": {
            "dataType": "moveObject",
            "type": "0x2::coin::Coin<0x2::bfc::BFC>",
            "hasPublicTransfer": true,
            "fields": {
              "balance": "299999994065234",
              "id": {
                "id": "BFCdd6d983778a0e79298ed16ff6a02366dc727aeca638205f40474aa5f62697072c109"
              }
            }
          }
        }
      }
    ],
    "nextCursor": "IN1tmDd4oOeSmO0W/2oCNm3HJ67KY4IF9AR0ql9iaXByAAAAAAAAAAA=",
    "hasNextPage": false
  }
}

task 9, lines 45-49:
//# run-jsonrpc
Response: {
  "jsonrpc": "2.0",
  "id": 2,
  "result": {
    "data": [
      {
        "data": {
          "objectId": "BFCe87e7746c8a75d80e9c7ff8d15627bb96c74b5c1c69d1538f0bcfbfcf3f78b47e141",
          "version": "3",
          "digest": "B3Y6MqCq8pKATNHpJaB8dtpJM2R8q2bVEMVXSooL6mqC",
          "content": {
            "dataType": "moveObject",
            "type": "0x2::coin::Coin<0x2::bfc::BFC>",
            "hasPublicTransfer": true,
            "fields": {
              "balance": "47",
              "id": {
                "id": "BFCe87e7746c8a75d80e9c7ff8d15627bb96c74b5c1c69d1538f0bcfbfcf3f78b47e141"
              }
            }
          }
        }
      },
      {
        "data": {
          "objectId": "BFC7450a2ddd99bc86239d0062ef913d297cdc8362985f4f06c190bbf0151bbfc484bdb",
          "version": "3",
          "digest": "4iPecHgyL7gUXvWAbzzVuVRR4akt5XHKHrvdmrNS5uQp",
          "content": {
            "dataType": "moveObject",
            "type": "0x2::coin::Coin<0x2::bfc::BFC>",
            "hasPublicTransfer": true,
            "fields": {
              "balance": "48",
              "id": {
                "id": "BFC7450a2ddd99bc86239d0062ef913d297cdc8362985f4f06c190bbf0151bbfc484bdb"
              }
            }
          }
        }
      }
    ],
    "nextCursor": "IHRQot3Zm8hiOdAGLvkT0pfNyDYphfTwbBkLvwFRu/xIAgAAAAAAAAA=",
    "hasNextPage": true
  }
}

task 10, lines 51-55:
//# run-jsonrpc --cursors bcs(@{obj_4_1},2)
Response: {
  "jsonrpc": "2.0",
  "id": 3,
  "result": {
    "data": [
      {
        "data": {
          "objectId": "BFC3584c765ca6e2dc0e41ca4eb5af023bdc0a9b5148121be7dccad40e125b4a8bbcd2a",
          "version": "3",
          "digest": "3u8MbCi7Nz5RGsDrJHbKzPN7G18Lv2j882riyZCNm5WW",
          "content": {
            "dataType": "moveObject",
            "type": "0x2::coin::Coin<0x2::bfc::BFC>",
            "hasPublicTransfer": true,
            "fields": {
              "balance": "46",
              "id": {
                "id": "BFC3584c765ca6e2dc0e41ca4eb5af023bdc0a9b5148121be7dccad40e125b4a8bbcd2a"
              }
            }
          }
        }
      },
      {
        "data": {
          "objectId": "BFCdcbf780fe61f7743857ee76cb82b12935d18278d4f264e4c96d1b31540e53eb40cde",
          "version": "2",
          "digest": "4M9UeDY4qPNyYHBPuS8EgquQhw699LB61GZmmCtupTNB",
          "content": {
            "dataType": "moveObject",
            "type": "0x2::coin::Coin<0x2::bfc::BFC>",
            "hasPublicTransfer": true,
            "fields": {
              "balance": "42",
              "id": {
                "id": "BFCdcbf780fe61f7743857ee76cb82b12935d18278d4f264e4c96d1b31540e53eb40cde"
              }
            }
          }
        }
      }
    ],
    "nextCursor": "INy/eA/mH3dDhX7nbLgrEpNdGCeNTyZOTJbRsxVA5T60AQAAAAAAAAA=",
    "hasNextPage": true
  }
}

task 11, lines 57-59:
//# programmable --sender B --inputs @B object(2,0) 21
//> 0: SplitCoins(Input(1), [Input(2)]);
//> 1: TransferObjects([Result(0)], Input(0))
created: object(11,0)
mutated: object(0,1), object(2,0)
gas summary: computation_cost: 1000000, storage_cost: 3921600,  storage_rebate: 2588256, non_refundable_storage_fee: 26144

task 12, line 61:
//# create-checkpoint
Checkpoint created: 3

task 13, lines 63-67:
//# run-jsonrpc
Response: {
  "jsonrpc": "2.0",
  "id": 4,
  "result": {
    "data": [
      {
        "data": {
          "objectId": "BFCad04876fa6eeda62d4d6a597fe91d698584101581e7fe60986051622f5158fa9be0c",
          "version": "4",
          "digest": "E2rV5hnHJZv3ywi4mpHYEz9NNWriRTHiv3wBvEDdh3eD",
          "content": {
            "dataType": "moveObject",
            "type": "0x2::coin::Coin<0x2::bfc::BFC>",
            "hasPublicTransfer": true,
            "fields": {
              "balance": "21",
              "id": {
                "id": "BFCad04876fa6eeda62d4d6a597fe91d698584101581e7fe60986051622f5158fa9be0c"
              }
            }
          }
        }
      },
      {
        "data": {
          "objectId": "BFC10f89babfc41f5be9869e8d597aaa311c356269f4d832977e030739a84100b796b99",
          "version": "3",
          "digest": "98NicVeW8Wo9cWdEA9TJZV1CRanBmv66e3hnGLe1hABr",
          "content": {
            "dataType": "moveObject",
            "type": "0x2::coin::Coin<0x2::bfc::BFC>",
            "hasPublicTransfer": true,
            "fields": {
              "balance": "49",
              "id": {
                "id": "BFC10f89babfc41f5be9869e8d597aaa311c356269f4d832977e030739a84100b796b99"
              }
            }
          }
        }
      },
      {
        "data": {
          "objectId": "BFC75e727dd50db556fdca28cc3a16f6dc200a7ed7e79c10ec2f488b5f6cfbdd180d656",
          "version": "4",
          "digest": "2A5VUTD2PDyAVhZTpT3Lj16GJ18na9hFqTY39RNwgSHz",
          "content": {
            "dataType": "moveObject",
            "type": "0x2::coin::Coin<0x2::bfc::BFC>",
            "hasPublicTransfer": true,
            "fields": {
              "balance": "24",
              "id": {
                "id": "BFC75e727dd50db556fdca28cc3a16f6dc200a7ed7e79c10ec2f488b5f6cfbdd180d656"
              }
            }
          }
        }
      },
      {
        "data": {
          "objectId": "BFCdd6d983778a0e79298ed16ff6a02366dc727aeca638205f40474aa5f62697072c109",
          "version": "4",
          "digest": "4YCoHnXUgHdDigyzSweyyh3WKCXnvB7vvtkzutVi5Gxc",
          "content": {
            "dataType": "moveObject",
            "type": "0x2::coin::Coin<0x2::bfc::BFC>",
            "hasPublicTransfer": true,
            "fields": {
              "balance": "299999991731890",
              "id": {
                "id": "BFCdd6d983778a0e79298ed16ff6a02366dc727aeca638205f40474aa5f62697072c109"
              }
            }
          }
        }
      }
    ],
    "nextCursor": "IN1tmDd4oOeSmO0W/2oCNm3HJ67KY4IF9AR0ql9iaXByAAAAAAAAAAA=",
    "hasNextPage": false
  }
}

task 14, lines 69-70:
//# programmable --sender B --inputs object(5,0) @A
//> 0: TransferObjects([Input(0)], Input(1))
mutated: object(0,1), object(5,0)
gas summary: computation_cost: 1000000, storage_cost: 2614400,  storage_rebate: 2588256, non_refundable_storage_fee: 26144

task 15, line 72:
//# create-checkpoint
Checkpoint created: 4

task 16, lines 74-78:
//# run-jsonrpc
Response: {
  "jsonrpc": "2.0",
  "id": 5,
  "result": {
    "data": [
      {
        "data": {
          "objectId": "BFC10f89babfc41f5be9869e8d597aaa311c356269f4d832977e030739a84100b796b99",
          "version": "5",
          "digest": "DWAfQaH3vpimzhdp7fV7PQuMod6y8GT2vk98oEHc3FE2",
          "content": {
            "dataType": "moveObject",
            "type": "0x2::coin::Coin<0x2::bfc::BFC>",
            "hasPublicTransfer": true,
            "fields": {
              "balance": "49",
              "id": {
                "id": "BFC10f89babfc41f5be9869e8d597aaa311c356269f4d832977e030739a84100b796b99"
              }
            }
          }
        }
      },
      {
        "data": {
          "objectId": "BFCe87e7746c8a75d80e9c7ff8d15627bb96c74b5c1c69d1538f0bcfbfcf3f78b47e141",
          "version": "3",
          "digest": "B3Y6MqCq8pKATNHpJaB8dtpJM2R8q2bVEMVXSooL6mqC",
          "content": {
            "dataType": "moveObject",
            "type": "0x2::coin::Coin<0x2::bfc::BFC>",
            "hasPublicTransfer": true,
            "fields": {
              "balance": "47",
              "id": {
                "id": "BFCe87e7746c8a75d80e9c7ff8d15627bb96c74b5c1c69d1538f0bcfbfcf3f78b47e141"
              }
            }
          }
        }
      },
      {
        "data": {
          "objectId": "BFC7450a2ddd99bc86239d0062ef913d297cdc8362985f4f06c190bbf0151bbfc484bdb",
          "version": "3",
          "digest": "4iPecHgyL7gUXvWAbzzVuVRR4akt5XHKHrvdmrNS5uQp",
          "content": {
            "dataType": "moveObject",
            "type": "0x2::coin::Coin<0x2::bfc::BFC>",
            "hasPublicTransfer": true,
            "fields": {
              "balance": "48",
              "id": {
                "id": "BFC7450a2ddd99bc86239d0062ef913d297cdc8362985f4f06c190bbf0151bbfc484bdb"
              }
            }
          }
        }
      },
      {
        "data": {
          "objectId": "BFC3584c765ca6e2dc0e41ca4eb5af023bdc0a9b5148121be7dccad40e125b4a8bbcd2a",
          "version": "3",
          "digest": "3u8MbCi7Nz5RGsDrJHbKzPN7G18Lv2j882riyZCNm5WW",
          "content": {
            "dataType": "moveObject",
            "type": "0x2::coin::Coin<0x2::bfc::BFC>",
            "hasPublicTransfer": true,
            "fields": {
              "balance": "46",
              "id": {
                "id": "BFC3584c765ca6e2dc0e41ca4eb5af023bdc0a9b5148121be7dccad40e125b4a8bbcd2a"
              }
            }
          }
        }
      },
      {
        "data": {
          "objectId": "BFCdcbf780fe61f7743857ee76cb82b12935d18278d4f264e4c96d1b31540e53eb40cde",
          "version": "2",
          "digest": "4M9UeDY4qPNyYHBPuS8EgquQhw699LB61GZmmCtupTNB",
          "content": {
            "dataType": "moveObject",
            "type": "0x2::coin::Coin<0x2::bfc::BFC>",
            "hasPublicTransfer": true,
            "fields": {
              "balance": "42",
              "id": {
                "id": "BFCdcbf780fe61f7743857ee76cb82b12935d18278d4f264e4c96d1b31540e53eb40cde"
              }
            }
          }
        }
      },
      {
        "data": {
          "objectId": "BFCd46e5d250a4f83b4eb1cc30b41b95f45db4a2eb7c1710956d2712785b02d17004db3",
          "version": "2",
          "digest": "EdNqepn5rsvLwLpPcukWLqoLuod2q5GG2xkqve2srwSh",
          "content": {
            "dataType": "moveObject",
            "type": "0x2::coin::Coin<0x2::bfc::BFC>",
            "hasPublicTransfer": true,
            "fields": {
              "balance": "43",
              "id": {
                "id": "BFCd46e5d250a4f83b4eb1cc30b41b95f45db4a2eb7c1710956d2712785b02d17004db3"
              }
            }
          }
        }
      },
      {
        "data": {
          "objectId": "BFC17b5c5757123519658298599c5cbdc1ad1b31e46582807a64b636cf34e54aa7ba57a",
          "version": "2",
          "digest": "9NFbyQC34cX53ysiESyFM7AS59WFwzbXoE6rmDqbjAte",
          "content": {
            "dataType": "moveObject",
            "type": "0x2::coin::Coin<0x2::bfc::BFC>",
            "hasPublicTransfer": true,
            "fields": {
              "balance": "44",
              "id": {
                "id": "BFC17b5c5757123519658298599c5cbdc1ad1b31e46582807a64b636cf34e54aa7ba57a"
              }
            }
          }
        }
      },
      {
        "data": {
          "objectId": "BFC4c032f4787a960f7d12e78ce112e42cf1176d9f796d5bb80bf22f1466859185ca86a",
          "version": "3",
          "digest": "4oxnfnHDqD9brCcE2VQGitPRpZk3pRMpKaK1dLitpj8K",
          "content": {
            "dataType": "moveObject",
            "type": "0x2::coin::Coin<0x2::bfc::BFC>",
            "hasPublicTransfer": true,
            "fields": {
              "balance": "299999988836258",
              "id": {
                "id": "BFC4c032f4787a960f7d12e78ce112e42cf1176d9f796d5bb80bf22f1466859185ca86a"
              }
            }
          }
        }
      }
    ],
    "nextCursor": "IEwDL0eHqWD30S54zhEuQs8Rdtn3ltW7gL8i8UZoWRhcAAAAAAAAAAA=",
    "hasNextPage": false
  }
}

task 17, lines 80-84:
//# run-jsonrpc
Response: {
  "jsonrpc": "2.0",
  "id": 6,
  "result": {
    "data": [
      {
        "data": {
          "objectId": "BFCad04876fa6eeda62d4d6a597fe91d698584101581e7fe60986051622f5158fa9be0c",
          "version": "4",
          "digest": "E2rV5hnHJZv3ywi4mpHYEz9NNWriRTHiv3wBvEDdh3eD",
          "content": {
            "dataType": "moveObject",
            "type": "0x2::coin::Coin<0x2::bfc::BFC>",
            "hasPublicTransfer": true,
            "fields": {
              "balance": "21",
              "id": {
                "id": "BFCad04876fa6eeda62d4d6a597fe91d698584101581e7fe60986051622f5158fa9be0c"
              }
            }
          }
        }
      },
      {
        "data": {
          "objectId": "BFC75e727dd50db556fdca28cc3a16f6dc200a7ed7e79c10ec2f488b5f6cfbdd180d656",
          "version": "4",
          "digest": "2A5VUTD2PDyAVhZTpT3Lj16GJ18na9hFqTY39RNwgSHz",
          "content": {
            "dataType": "moveObject",
            "type": "0x2::coin::Coin<0x2::bfc::BFC>",
            "hasPublicTransfer": true,
            "fields": {
              "balance": "24",
              "id": {
                "id": "BFC75e727dd50db556fdca28cc3a16f6dc200a7ed7e79c10ec2f488b5f6cfbdd180d656"
              }
            }
          }
        }
      },
      {
        "data": {
          "objectId": "BFCdd6d983778a0e79298ed16ff6a02366dc727aeca638205f40474aa5f62697072c109",
          "version": "5",
          "digest": "HbSie4p5w6mHvrYVMBf4R3KtP2HKLYa71sT9pEVe3ggJ",
          "content": {
            "dataType": "moveObject",
            "type": "0x2::coin::Coin<0x2::bfc::BFC>",
            "hasPublicTransfer": true,
            "fields": {
              "balance": "299999990705746",
              "id": {
                "id": "BFCdd6d983778a0e79298ed16ff6a02366dc727aeca638205f40474aa5f62697072c109"
              }
            }
          }
        }
      }
    ],
    "nextCursor": "IN1tmDd4oOeSmO0W/2oCNm3HJ67KY4IF9AR0ql9iaXByAAAAAAAAAAA=",
    "hasNextPage": false
  }
}
