---
source: external-crates/move/crates/move-transactional-test-runner/src/framework.rs
---
processed 18 tasks

init:
A: object(0,0), B: object(0,1)

task 1, lines 13-15:
//# programmable --sender A --inputs @A 42 43 44
//> 0: SplitCoins(Gas, [Input(1), Input(2), Input(3)]);
//> 1: TransferObjects([NestedResult(0,0), NestedResult(0,1), NestedResult(0,2)], Input(0))
created: object(1,0), object(1,1), object(1,2)
mutated: object(0,0)
gas summary: computation_cost: 1000000, storage_cost: 5228800,  storage_rebate: 0, non_refundable_storage_fee: 0

task 2, lines 17-19:
//# programmable --sender B --inputs @B 45
//> 0: SplitCoins(Gas, [Input(1)]);
//> 1: TransferObjects([Result(0)], Input(0))
created: object(2,0)
mutated: object(0,1)
gas summary: computation_cost: 1000000, storage_cost: 2614400,  storage_rebate: 0, non_refundable_storage_fee: 0

task 3, line 21:
//# create-checkpoint
Checkpoint created: 1

task 4, lines 23-25:
//# programmable --sender A --inputs @A 46 47 48
//> 0: SplitCoins(Gas, [Input(1), Input(2), Input(3)]);
//> 1: TransferObjects([NestedResult(0,0), NestedResult(0,1), NestedResult(0,2)], Input(0))
created: object(4,0), object(4,1), object(4,2)
mutated: object(0,0)
gas summary: computation_cost: 1000000, storage_cost: 5228800,  storage_rebate: 1294128, non_refundable_storage_fee: 13072

task 5, lines 27-29:
//# programmable --sender B --inputs @B 49
//> 0: SplitCoins(Gas, [Input(1)]);
//> 1: TransferObjects([Result(0)], Input(0))
created: object(5,0)
mutated: object(0,1)
gas summary: computation_cost: 1000000, storage_cost: 2614400,  storage_rebate: 1294128, non_refundable_storage_fee: 13072

task 6, line 31:
//# create-checkpoint
Checkpoint created: 2

task 7, lines 33-37:
//# run-jsonrpc
Response: {
  "jsonrpc": "2.0",
  "id": 0,
  "result": {
    "data": [
      {
        "data": {
          "objectId": "BFCd2311f95c3c62748efd053fdcaecdf2947c4be12c45333cab3b54489dc97072a6fa4",
          "version": "3",
          "digest": "Ajpyh2admiBYRCD5rk9Jcfeij7u9BLELvorikrwoihDv",
          "owner": {
            "AddressOwner": "BFCfccc9a421bbb13c1a66a1aa98f0ad75029ede94857779c6915b44f94068b921e71f7"
          },
          "content": {
            "dataType": "moveObject",
            "type": "0x2::coin::Coin<0x2::bfc::BFC>",
            "hasPublicTransfer": true,
            "fields": {
              "balance": "48",
              "id": {
                "id": "BFCd2311f95c3c62748efd053fdcaecdf2947c4be12c45333cab3b54489dc97072a6fa4"
              }
            }
          }
        }
      },
      {
        "data": {
          "objectId": "BFC9098a798ff407c26655fea4cabf5b259262647d21d654a59dd9a1340b1f59ed90111",
          "version": "3",
          "digest": "DsrzQ3bFUzpwXGBYPVjKzbYD7XorPSxVcDr7NskaFGKC",
          "owner": {
            "AddressOwner": "BFCfccc9a421bbb13c1a66a1aa98f0ad75029ede94857779c6915b44f94068b921e71f7"
          },
          "content": {
            "dataType": "moveObject",
            "type": "0x2::coin::Coin<0x2::bfc::BFC>",
            "hasPublicTransfer": true,
            "fields": {
              "balance": "47",
              "id": {
                "id": "BFC9098a798ff407c26655fea4cabf5b259262647d21d654a59dd9a1340b1f59ed90111"
              }
            }
          }
        }
      },
      {
        "data": {
          "objectId": "BFC74f64b52bc51e80986fd6e9b4f14f6d340b873c0dcbf0c55e605a62be31f49164a53",
          "version": "3",
          "digest": "2dsHcCgtEh4FFoiPczrihytRrBkd65P71vLDqzajsA9n",
          "owner": {
            "AddressOwner": "BFCfccc9a421bbb13c1a66a1aa98f0ad75029ede94857779c6915b44f94068b921e71f7"
          },
          "content": {
            "dataType": "moveObject",
            "type": "0x2::coin::Coin<0x2::bfc::BFC>",
            "hasPublicTransfer": true,
            "fields": {
              "balance": "46",
              "id": {
                "id": "BFC74f64b52bc51e80986fd6e9b4f14f6d340b873c0dcbf0c55e605a62be31f49164a53"
              }
            }
          }
        }
      },
      {
        "data": {
          "objectId": "BFCa0a68e01c538302506c8a081031fb193161edbba9e21af7b83d9b9ce122ed18621be",
          "version": "2",
          "digest": "EPYdZJkuap6XSqojJKhdiVgXgi18onWUPnJiojUHy8nU",
          "owner": {
            "AddressOwner": "BFCfccc9a421bbb13c1a66a1aa98f0ad75029ede94857779c6915b44f94068b921e71f7"
          },
          "content": {
            "dataType": "moveObject",
            "type": "0x2::coin::Coin<0x2::bfc::BFC>",
            "hasPublicTransfer": true,
            "fields": {
              "balance": "43",
              "id": {
                "id": "BFCa0a68e01c538302506c8a081031fb193161edbba9e21af7b83d9b9ce122ed18621be"
              }
            }
          }
        }
      },
      {
        "data": {
          "objectId": "BFC999e8bb28ff767b7d2ee424a11c5afaea741852bd7d87b992d72107ea1478b44d359",
          "version": "2",
          "digest": "6ycVR5AxtQLPqLfb2DBrNqP3RaBjbiooHkR59tRRstNm",
          "owner": {
            "AddressOwner": "BFCfccc9a421bbb13c1a66a1aa98f0ad75029ede94857779c6915b44f94068b921e71f7"
          },
          "content": {
            "dataType": "moveObject",
            "type": "0x2::coin::Coin<0x2::bfc::BFC>",
            "hasPublicTransfer": true,
            "fields": {
              "balance": "42",
              "id": {
                "id": "BFC999e8bb28ff767b7d2ee424a11c5afaea741852bd7d87b992d72107ea1478b44d359"
              }
            }
          }
        }
      },
      {
        "data": {
          "objectId": "BFC73fdbce78446f3f530b30149534020eb26336f064d2c5db850b88c0c789d6ed946ff",
          "version": "2",
          "digest": "G1ZVpAJBQS8x9pJHGUSjKEvHP1KniYetM3VsNvmX1GF4",
          "owner": {
            "AddressOwner": "BFCfccc9a421bbb13c1a66a1aa98f0ad75029ede94857779c6915b44f94068b921e71f7"
          },
          "content": {
            "dataType": "moveObject",
            "type": "0x2::coin::Coin<0x2::bfc::BFC>",
            "hasPublicTransfer": true,
            "fields": {
              "balance": "44",
              "id": {
                "id": "BFC73fdbce78446f3f530b30149534020eb26336f064d2c5db850b88c0c789d6ed946ff"
              }
            }
          }
        }
      },
      {
        "data": {
          "objectId": "BFC4c032f4787a960f7d12e78ce112e42cf1176d9f796d5bb80bf22f1466859185ca86a",
          "version": "3",
          "digest": "DFpAk2B9oVRcmAoGNZ9psLTdiBkHWS6mdgWh5pZFFixL",
          "owner": {
            "AddressOwner": "BFCfccc9a421bbb13c1a66a1aa98f0ad75029ede94857779c6915b44f94068b921e71f7"
          },
          "content": {
            "dataType": "moveObject",
            "type": "0x2::coin::Coin<0x2::bfc::BFC>",
            "hasPublicTransfer": true,
            "fields": {
              "balance": "299999988836258",
              "id": {
                "id": "BFC4c032f4787a960f7d12e78ce112e42cf1176d9f796d5bb80bf22f1466859185ca86a"
              }
            }
          }
        }
      }
    ],
    "nextCursor": "IEwDL0eHqWD30S54zhEuQs8Rdtn3ltW7gL8i8UZoWRhcAAAAAAAAAAA=",
    "hasNextPage": false
  }
}

task 8, lines 39-43:
//# run-jsonrpc
Response: {
  "jsonrpc": "2.0",
  "id": 1,
  "result": {
    "data": [
      {
        "data": {
          "objectId": "BFC980d45199fbaf6c9f4274fe3cbf9b7a8f978ad13c494b0fd3cbb0234270fc1dabd7a",
          "version": "3",
          "digest": "6sn43tEpEZ3EjBqJZ5rhKELejWe8RNP3D1RQWYUT8PXE",
          "owner": {
            "AddressOwner": "BFCa7b032703878aa74c3126935789fd1d4d7e111d5911b09247d6963061c312b5a5cf9"
          },
          "content": {
            "dataType": "moveObject",
            "type": "0x2::coin::Coin<0x2::bfc::BFC>",
            "hasPublicTransfer": true,
            "fields": {
              "balance": "49",
              "id": {
                "id": "BFC980d45199fbaf6c9f4274fe3cbf9b7a8f978ad13c494b0fd3cbb0234270fc1dabd7a"
              }
            }
          }
        }
      },
      {
        "data": {
          "objectId": "BFC3c37a3ab5b55e52949b62de98c968a20f06b21c1ebfa7d1b6dbd9659f5d3a9e6b0c0",
          "version": "2",
          "digest": "3YcJVZiwdbaFjs1XrfvFTfrnedmbXXDUXrX3FJr9WAde",
          "owner": {
            "AddressOwner": "BFCa7b032703878aa74c3126935789fd1d4d7e111d5911b09247d6963061c312b5a5cf9"
          },
          "content": {
            "dataType": "moveObject",
            "type": "0x2::coin::Coin<0x2::bfc::BFC>",
            "hasPublicTransfer": true,
            "fields": {
              "balance": "45",
              "id": {
                "id": "BFC3c37a3ab5b55e52949b62de98c968a20f06b21c1ebfa7d1b6dbd9659f5d3a9e6b0c0"
              }
            }
          }
        }
      },
      {
        "data": {
          "objectId": "BFCdd6d983778a0e79298ed16ff6a02366dc727aeca638205f40474aa5f62697072c109",
          "version": "3",
          "digest": "F1kR8fqGmtRXWmmoFChe2G1vLYP1TyDXzTyjKmWrVXnf",
          "owner": {
            "AddressOwner": "BFCa7b032703878aa74c3126935789fd1d4d7e111d5911b09247d6963061c312b5a5cf9"
          },
          "content": {
            "dataType": "moveObject",
            "type": "0x2::coin::Coin<0x2::bfc::BFC>",
            "hasPublicTransfer": true,
            "fields": {
              "balance": "299999994065234",
              "id": {
                "id": "BFCdd6d983778a0e79298ed16ff6a02366dc727aeca638205f40474aa5f62697072c109"
              }
            }
          }
        }
      }
    ],
    "nextCursor": "IN1tmDd4oOeSmO0W/2oCNm3HJ67KY4IF9AR0ql9iaXByAAAAAAAAAAA=",
    "hasNextPage": false
  }
}

task 9, lines 45-49:
//# run-jsonrpc
Response: {
  "jsonrpc": "2.0",
  "id": 2,
  "result": {
    "data": [
      {
        "data": {
          "objectId": "BFCd2311f95c3c62748efd053fdcaecdf2947c4be12c45333cab3b54489dc97072a6fa4",
          "version": "3",
          "digest": "Ajpyh2admiBYRCD5rk9Jcfeij7u9BLELvorikrwoihDv",
          "content": {
            "dataType": "moveObject",
            "type": "0x2::coin::Coin<0x2::bfc::BFC>",
            "hasPublicTransfer": true,
            "fields": {
              "balance": "48",
              "id": {
                "id": "BFCd2311f95c3c62748efd053fdcaecdf2947c4be12c45333cab3b54489dc97072a6fa4"
              }
            }
          }
        }
      },
      {
        "data": {
          "objectId": "BFC9098a798ff407c26655fea4cabf5b259262647d21d654a59dd9a1340b1f59ed90111",
          "version": "3",
          "digest": "DsrzQ3bFUzpwXGBYPVjKzbYD7XorPSxVcDr7NskaFGKC",
          "content": {
            "dataType": "moveObject",
            "type": "0x2::coin::Coin<0x2::bfc::BFC>",
            "hasPublicTransfer": true,
            "fields": {
              "balance": "47",
              "id": {
                "id": "BFC9098a798ff407c26655fea4cabf5b259262647d21d654a59dd9a1340b1f59ed90111"
              }
            }
          }
        }
      }
    ],
    "nextCursor": "IJCYp5j/QHwmZV/qTKv1slkmJkfSHWVKWd2aE0Cx9Z7ZAgAAAAAAAAA=",
    "hasNextPage": true
  }
}

task 10, lines 51-55:
//# run-jsonrpc --cursors bcs(@{obj_4_1},2)
Response: {
  "jsonrpc": "2.0",
  "id": 3,
  "result": {
    "data": [
      {
        "data": {
          "objectId": "BFC74f64b52bc51e80986fd6e9b4f14f6d340b873c0dcbf0c55e605a62be31f49164a53",
          "version": "3",
          "digest": "2dsHcCgtEh4FFoiPczrihytRrBkd65P71vLDqzajsA9n",
          "content": {
            "dataType": "moveObject",
            "type": "0x2::coin::Coin<0x2::bfc::BFC>",
            "hasPublicTransfer": true,
            "fields": {
              "balance": "46",
              "id": {
                "id": "BFC74f64b52bc51e80986fd6e9b4f14f6d340b873c0dcbf0c55e605a62be31f49164a53"
              }
            }
          }
        }
      },
      {
        "data": {
          "objectId": "BFCa0a68e01c538302506c8a081031fb193161edbba9e21af7b83d9b9ce122ed18621be",
          "version": "2",
          "digest": "EPYdZJkuap6XSqojJKhdiVgXgi18onWUPnJiojUHy8nU",
          "content": {
            "dataType": "moveObject",
            "type": "0x2::coin::Coin<0x2::bfc::BFC>",
            "hasPublicTransfer": true,
            "fields": {
              "balance": "43",
              "id": {
                "id": "BFCa0a68e01c538302506c8a081031fb193161edbba9e21af7b83d9b9ce122ed18621be"
              }
            }
          }
        }
      }
    ],
    "nextCursor": "IKCmjgHFODAlBsiggQMfsZMWHtu6niGve4PZuc4SLtGGAQAAAAAAAAA=",
    "hasNextPage": true
  }
}

task 11, lines 57-59:
//# programmable --sender B --inputs @B object(2,0) 21
//> 0: SplitCoins(Input(1), [Input(2)]);
//> 1: TransferObjects([Result(0)], Input(0))
created: object(11,0)
mutated: object(0,1), object(2,0)
gas summary: computation_cost: 1000000, storage_cost: 3921600,  storage_rebate: 2588256, non_refundable_storage_fee: 26144

task 12, line 61:
//# create-checkpoint
Checkpoint created: 3

task 13, lines 63-67:
//# run-jsonrpc
Response: {
  "jsonrpc": "2.0",
  "id": 4,
  "result": {
    "data": [
      {
        "data": {
          "objectId": "BFC4766defbae60e45c799de42a0a02142f06e247f21c97b516219164277cbe398c18d2",
          "version": "4",
          "digest": "9fpkHY54w16qSYksGcFudyhESqSb5bwXci9VwD5XQRYu",
          "content": {
            "dataType": "moveObject",
            "type": "0x2::coin::Coin<0x2::bfc::BFC>",
            "hasPublicTransfer": true,
            "fields": {
              "balance": "21",
              "id": {
                "id": "BFC4766defbae60e45c799de42a0a02142f06e247f21c97b516219164277cbe398c18d2"
              }
            }
          }
        }
      },
      {
        "data": {
          "objectId": "BFC980d45199fbaf6c9f4274fe3cbf9b7a8f978ad13c494b0fd3cbb0234270fc1dabd7a",
          "version": "3",
          "digest": "6sn43tEpEZ3EjBqJZ5rhKELejWe8RNP3D1RQWYUT8PXE",
          "content": {
            "dataType": "moveObject",
            "type": "0x2::coin::Coin<0x2::bfc::BFC>",
            "hasPublicTransfer": true,
            "fields": {
              "balance": "49",
              "id": {
                "id": "BFC980d45199fbaf6c9f4274fe3cbf9b7a8f978ad13c494b0fd3cbb0234270fc1dabd7a"
              }
            }
          }
        }
      },
      {
        "data": {
          "objectId": "BFC3c37a3ab5b55e52949b62de98c968a20f06b21c1ebfa7d1b6dbd9659f5d3a9e6b0c0",
          "version": "4",
          "digest": "HUp1c5kF9iCUgZ5oaY7p7zA4GAC7h41FZBPUNsCFq4nq",
          "content": {
            "dataType": "moveObject",
            "type": "0x2::coin::Coin<0x2::bfc::BFC>",
            "hasPublicTransfer": true,
            "fields": {
              "balance": "24",
              "id": {
                "id": "BFC3c37a3ab5b55e52949b62de98c968a20f06b21c1ebfa7d1b6dbd9659f5d3a9e6b0c0"
              }
            }
          }
        }
      },
      {
        "data": {
          "objectId": "BFCdd6d983778a0e79298ed16ff6a02366dc727aeca638205f40474aa5f62697072c109",
          "version": "4",
          "digest": "EYju5GjxDDVGafLmjDWiT2FPg5TDBjXwGc4WtFNpam2f",
          "content": {
            "dataType": "moveObject",
            "type": "0x2::coin::Coin<0x2::bfc::BFC>",
            "hasPublicTransfer": true,
            "fields": {
              "balance": "299999991731890",
              "id": {
                "id": "BFCdd6d983778a0e79298ed16ff6a02366dc727aeca638205f40474aa5f62697072c109"
              }
            }
          }
        }
      }
    ],
    "nextCursor": "IN1tmDd4oOeSmO0W/2oCNm3HJ67KY4IF9AR0ql9iaXByAAAAAAAAAAA=",
    "hasNextPage": false
  }
}

task 14, lines 69-70:
//# programmable --sender B --inputs object(5,0) @A
//> 0: TransferObjects([Input(0)], Input(1))
mutated: object(0,1), object(5,0)
gas summary: computation_cost: 1000000, storage_cost: 2614400,  storage_rebate: 2588256, non_refundable_storage_fee: 26144

task 15, line 72:
//# create-checkpoint
Checkpoint created: 4

task 16, lines 74-78:
//# run-jsonrpc
Response: {
  "jsonrpc": "2.0",
  "id": 5,
  "result": {
    "data": [
      {
        "data": {
          "objectId": "BFC980d45199fbaf6c9f4274fe3cbf9b7a8f978ad13c494b0fd3cbb0234270fc1dabd7a",
          "version": "5",
          "digest": "59yXWe1QbjYucbefYC1hyXyGGH38jadLedgn5aXHXCAM",
          "content": {
            "dataType": "moveObject",
            "type": "0x2::coin::Coin<0x2::bfc::BFC>",
            "hasPublicTransfer": true,
            "fields": {
              "balance": "49",
              "id": {
                "id": "BFC980d45199fbaf6c9f4274fe3cbf9b7a8f978ad13c494b0fd3cbb0234270fc1dabd7a"
              }
            }
          }
        }
      },
      {
        "data": {
          "objectId": "BFCd2311f95c3c62748efd053fdcaecdf2947c4be12c45333cab3b54489dc97072a6fa4",
          "version": "3",
          "digest": "Ajpyh2admiBYRCD5rk9Jcfeij7u9BLELvorikrwoihDv",
          "content": {
            "dataType": "moveObject",
            "type": "0x2::coin::Coin<0x2::bfc::BFC>",
            "hasPublicTransfer": true,
            "fields": {
              "balance": "48",
              "id": {
                "id": "BFCd2311f95c3c62748efd053fdcaecdf2947c4be12c45333cab3b54489dc97072a6fa4"
              }
            }
          }
        }
      },
      {
        "data": {
          "objectId": "BFC9098a798ff407c26655fea4cabf5b259262647d21d654a59dd9a1340b1f59ed90111",
          "version": "3",
          "digest": "DsrzQ3bFUzpwXGBYPVjKzbYD7XorPSxVcDr7NskaFGKC",
          "content": {
            "dataType": "moveObject",
            "type": "0x2::coin::Coin<0x2::bfc::BFC>",
            "hasPublicTransfer": true,
            "fields": {
              "balance": "47",
              "id": {
                "id": "BFC9098a798ff407c26655fea4cabf5b259262647d21d654a59dd9a1340b1f59ed90111"
              }
            }
          }
        }
      },
      {
        "data": {
          "objectId": "BFC74f64b52bc51e80986fd6e9b4f14f6d340b873c0dcbf0c55e605a62be31f49164a53",
          "version": "3",
          "digest": "2dsHcCgtEh4FFoiPczrihytRrBkd65P71vLDqzajsA9n",
          "content": {
            "dataType": "moveObject",
            "type": "0x2::coin::Coin<0x2::bfc::BFC>",
            "hasPublicTransfer": true,
            "fields": {
              "balance": "46",
              "id": {
                "id": "BFC74f64b52bc51e80986fd6e9b4f14f6d340b873c0dcbf0c55e605a62be31f49164a53"
              }
            }
          }
        }
      },
      {
        "data": {
          "objectId": "BFCa0a68e01c538302506c8a081031fb193161edbba9e21af7b83d9b9ce122ed18621be",
          "version": "2",
          "digest": "EPYdZJkuap6XSqojJKhdiVgXgi18onWUPnJiojUHy8nU",
          "content": {
            "dataType": "moveObject",
            "type": "0x2::coin::Coin<0x2::bfc::BFC>",
            "hasPublicTransfer": true,
            "fields": {
              "balance": "43",
              "id": {
                "id": "BFCa0a68e01c538302506c8a081031fb193161edbba9e21af7b83d9b9ce122ed18621be"
              }
            }
          }
        }
      },
      {
        "data": {
          "objectId": "BFC999e8bb28ff767b7d2ee424a11c5afaea741852bd7d87b992d72107ea1478b44d359",
          "version": "2",
          "digest": "6ycVR5AxtQLPqLfb2DBrNqP3RaBjbiooHkR59tRRstNm",
          "content": {
            "dataType": "moveObject",
            "type": "0x2::coin::Coin<0x2::bfc::BFC>",
            "hasPublicTransfer": true,
            "fields": {
              "balance": "42",
              "id": {
                "id": "BFC999e8bb28ff767b7d2ee424a11c5afaea741852bd7d87b992d72107ea1478b44d359"
              }
            }
          }
        }
      },
      {
        "data": {
          "objectId": "BFC73fdbce78446f3f530b30149534020eb26336f064d2c5db850b88c0c789d6ed946ff",
          "version": "2",
          "digest": "G1ZVpAJBQS8x9pJHGUSjKEvHP1KniYetM3VsNvmX1GF4",
          "content": {
            "dataType": "moveObject",
            "type": "0x2::coin::Coin<0x2::bfc::BFC>",
            "hasPublicTransfer": true,
            "fields": {
              "balance": "44",
              "id": {
                "id": "BFC73fdbce78446f3f530b30149534020eb26336f064d2c5db850b88c0c789d6ed946ff"
              }
            }
          }
        }
      },
      {
        "data": {
          "objectId": "BFC4c032f4787a960f7d12e78ce112e42cf1176d9f796d5bb80bf22f1466859185ca86a",
          "version": "3",
          "digest": "DFpAk2B9oVRcmAoGNZ9psLTdiBkHWS6mdgWh5pZFFixL",
          "content": {
            "dataType": "moveObject",
            "type": "0x2::coin::Coin<0x2::bfc::BFC>",
            "hasPublicTransfer": true,
            "fields": {
              "balance": "299999988836258",
              "id": {
                "id": "BFC4c032f4787a960f7d12e78ce112e42cf1176d9f796d5bb80bf22f1466859185ca86a"
              }
            }
          }
        }
      }
    ],
    "nextCursor": "IEwDL0eHqWD30S54zhEuQs8Rdtn3ltW7gL8i8UZoWRhcAAAAAAAAAAA=",
    "hasNextPage": false
  }
}

task 17, lines 80-84:
//# run-jsonrpc
Response: {
  "jsonrpc": "2.0",
  "id": 6,
  "result": {
    "data": [
      {
        "data": {
          "objectId": "BFC4766defbae60e45c799de42a0a02142f06e247f21c97b516219164277cbe398c18d2",
          "version": "4",
          "digest": "9fpkHY54w16qSYksGcFudyhESqSb5bwXci9VwD5XQRYu",
          "content": {
            "dataType": "moveObject",
            "type": "0x2::coin::Coin<0x2::bfc::BFC>",
            "hasPublicTransfer": true,
            "fields": {
              "balance": "21",
              "id": {
                "id": "BFC4766defbae60e45c799de42a0a02142f06e247f21c97b516219164277cbe398c18d2"
              }
            }
          }
        }
      },
      {
        "data": {
          "objectId": "BFC3c37a3ab5b55e52949b62de98c968a20f06b21c1ebfa7d1b6dbd9659f5d3a9e6b0c0",
          "version": "4",
          "digest": "HUp1c5kF9iCUgZ5oaY7p7zA4GAC7h41FZBPUNsCFq4nq",
          "content": {
            "dataType": "moveObject",
            "type": "0x2::coin::Coin<0x2::bfc::BFC>",
            "hasPublicTransfer": true,
            "fields": {
              "balance": "24",
              "id": {
                "id": "BFC3c37a3ab5b55e52949b62de98c968a20f06b21c1ebfa7d1b6dbd9659f5d3a9e6b0c0"
              }
            }
          }
        }
      },
      {
        "data": {
          "objectId": "BFCdd6d983778a0e79298ed16ff6a02366dc727aeca638205f40474aa5f62697072c109",
          "version": "5",
          "digest": "DWRHhbrg7dMyePg7mrSDA29c7sAw1Syi4QoV5msFMZdh",
          "content": {
            "dataType": "moveObject",
            "type": "0x2::coin::Coin<0x2::bfc::BFC>",
            "hasPublicTransfer": true,
            "fields": {
              "balance": "299999990705746",
              "id": {
                "id": "BFCdd6d983778a0e79298ed16ff6a02366dc727aeca638205f40474aa5f62697072c109"
              }
            }
          }
        }
      }
    ],
    "nextCursor": "IN1tmDd4oOeSmO0W/2oCNm3HJ67KY4IF9AR0ql9iaXByAAAAAAAAAAA=",
    "hasNextPage": false
  }
}
