---
source: external-crates/move/crates/move-transactional-test-runner/src/framework.rs
---
processed 6 tasks

init:
A: object(0,0)

task 1, lines 13-38:
//# publish
created: object(1,0)
mutated: object(0,1)
gas summary: computation_cost: 1000000, storage_cost: 6680400,  storage_rebate: 0, non_refundable_storage_fee: 0

task 2, lines 40-42:
//# programmable --sender A --inputs @A
//> 0: P::M::owner();
//> 1: TransferObjects([Result(0)], Input(0))
created: object(2,0)
mutated: object(0,0)
gas summary: computation_cost: 1000000, storage_cost: 2546000,  storage_rebate: 0, non_refundable_storage_fee: 0

task 3, lines 44-46:
//# programmable --sender A --inputs object(2,0) 42 43 44
//> 0: P::M::add_df(Input(0), Input(1), Input(2));
//> 1: P::M::add_dof(Input(0), Input(1), Input(3))
created: object(3,0), object(3,1), object(3,2)
mutated: object(0,0), object(2,0)
gas summary: computation_cost: 1000000, storage_cost: 8322000,  storage_rebate: 2520540, non_refundable_storage_fee: 25460

task 4, line 48:
//# create-checkpoint
Checkpoint created: 1

task 5, lines 50-54:
//# run-jsonrpc
Response: {
  "jsonrpc": "2.0",
  "id": 0,
  "result": {
    "data": {
      "objectId": "BFC31d17981470d9eeff1d99e141970a8bcdfedd0874645ee27d6572071a3640beb52d8",
      "version": "3",
      "digest": "5mPoGGL8Mqh7d6xcMsVusMepTzrd4DctU7LrBS5qH15L",
      "type": "0x2::dynamic_field::Field<u64, 0xd4dbec826cc1cffc302b00e2a48d0defb63b00c8635b04bd73a1ad835f115201::M::Value>",
      "owner": {
        "ObjectOwner": "BFCe872842d475c8176dab05667cb1c3bc13feffa4f5e7f719c9a34440e985a06ef1927"
      },
      "previousTransaction": "3wxN9zbQ82RP59G3pJZ77k4hLhFytVBbrNoJMQyN6UYk",
      "storageRebate": "2021600",
      "content": {
        "dataType": "moveObject",
        "type": "0x2::dynamic_field::Field<u64, 0xd4dbec826cc1cffc302b00e2a48d0defb63b00c8635b04bd73a1ad835f115201::M::Value>",
        "hasPublicTransfer": false,
        "fields": {
          "id": {
            "id": "BFC31d17981470d9eeff1d99e141970a8bcdfedd0874645ee27d6572071a3640beb52d8"
          },
          "name": "42",
          "value": {
            "type": "0xd4dbec826cc1cffc302b00e2a48d0defb63b00c8635b04bd73a1ad835f115201::M::Value",
            "fields": {
              "id": {
                "id": "BFC92364ed27f636f7446bb640a8f1056971980b4564255a5e8526e0162e49729b5617c"
              },
              "value": "43"
            }
          }
        }
      }
    }
  }
}
