---
source: external-crates/move/crates/move-transactional-test-runner/src/framework.rs
---
processed 19 tasks

init:
A: object(0,0)

task 1, lines 11-13:
//# programmable --sender A --inputs @A
//> 0: sui::bag::new();
//> 1: TransferObjects([Result(0)], Input(0))
created: object(1,0)
mutated: object(0,0)
gas summary: computation_cost: 1000000, storage_cost: 2606800,  storage_rebate: 0, non_refundable_storage_fee: 0

task 2, line 15:
//# create-checkpoint
Checkpoint created: 1

task 3, lines 17-21:
//# run-jsonrpc
Response: {
  "jsonrpc": "2.0",
  "id": 0,
  "result": {
    "error": {
      "code": "dynamicFieldNotFound",
      "parent_object_id": "BFC7c9c04ec1b50d69360d6ad96f68aad7a470bfdb0b78391eac38ec4709d8a667af30a"
    }
  }
}

task 4, lines 23-24:
//# programmable --sender A --inputs object(1,0) 42
//> 0: sui::bag::add<u64, u64>(Input(0), Input(1), Input(1))
created: object(4,0)
mutated: object(0,0), object(1,0)
gas summary: computation_cost: 1000000, storage_cost: 4073600,  storage_rebate: 2580732, non_refundable_storage_fee: 26068

task 5, line 26:
//# create-checkpoint
Checkpoint created: 2

task 6, lines 28-32:
//# run-jsonrpc
Response: {
  "jsonrpc": "2.0",
  "id": 1,
  "result": {
    "data": {
      "objectId": "BFC214065ea8259c1b45e27d67b8bd88ad7e35b9822791b10845dbcb69e693c0e9d41b3",
      "version": "3",
      "digest": "H6N86BbH5QHVZdqjvEKpS9aoEfGQXBzokH2oyE6cGiwc",
      "type": "0x2::dynamic_field::Field<u64, u64>",
      "owner": {
        "ObjectOwner": "BFC7c9c04ec1b50d69360d6ad96f68aad7a470bfdb0b78391eac38ec4709d8a667af30a"
      },
      "previousTransaction": "Bqf5ErZ4crzHMmxuZSXKonLwXXYi1HJ8bYv8LqiaBEcx",
      "storageRebate": "1466800",
      "content": {
        "dataType": "moveObject",
        "type": "0x2::dynamic_field::Field<u64, u64>",
        "hasPublicTransfer": false,
        "fields": {
          "id": {
            "id": "BFC214065ea8259c1b45e27d67b8bd88ad7e35b9822791b10845dbcb69e693c0e9d41b3"
          },
          "name": "42",
          "value": "42"
        }
      }
    }
  }
}

task 7, lines 34-35:
//# programmable --sender A --inputs object(1,0) 42
//> 0: sui::bag::remove<u64, u64>(Input(0), Input(1))
mutated: object(0,0), object(1,0)
deleted: object(4,0)
gas summary: computation_cost: 1000000, storage_cost: 2606800,  storage_rebate: 4032864, non_refundable_storage_fee: 40736

task 8, line 37:
//# create-checkpoint
Checkpoint created: 3

task 9, lines 39-43:
//# run-jsonrpc
Response: {
  "jsonrpc": "2.0",
  "id": 2,
  "result": {
    "error": {
      "code": "dynamicFieldNotFound",
      "parent_object_id": "BFC7c9c04ec1b50d69360d6ad96f68aad7a470bfdb0b78391eac38ec4709d8a667af30a"
    }
  }
}

task 10, lines 45-47:
//# programmable --sender A --inputs @A
//> 0: sui::object_bag::new();
//> 1: TransferObjects([Result(0)], Input(0))
created: object(10,0)
mutated: object(0,0)
gas summary: computation_cost: 1000000, storage_cost: 2705600,  storage_rebate: 1294128, non_refundable_storage_fee: 13072

task 11, line 49:
//# create-checkpoint
Checkpoint created: 4

task 12, lines 51-55:
//# run-jsonrpc
Response: {
  "jsonrpc": "2.0",
  "id": 3,
  "result": {
    "error": {
      "code": "dynamicFieldNotFound",
      "parent_object_id": "BFCcf34f997898410af02cb33f0de87461ab6d91112dbe87855028be88efba491d90949"
    }
  }
}

task 13, lines 57-59:
//# programmable --sender A --inputs object(10,0) 43
//> 0: SplitCoins(Gas, [Input(1)]);
//> 1: sui::object_bag::add<u64, sui::coin::Coin<sui::sui::SUI>>(Input(0), Input(1), Result(0))
Error: Transaction Effects Status: Move Bytecode Verification Error. Please run the Bytecode Verifier for more information.
Execution Error: ExecutionError: ExecutionError { inner: ExecutionErrorInner { kind: VMVerificationOrDeserializationError, source: Some(VMError { major_status: LINKER_ERROR, sub_status: None, message: Some("Cannot find ModuleId { address: sui, name: Identifier(\"sui\") } in data cache"), exec_state: None, location: Undefined, indices: [], offsets: [] }), command: Some(1) } }

task 14, line 61:
//# create-checkpoint
Checkpoint created: 5

task 15, lines 63-67:
//# run-jsonrpc
Response: {
  "jsonrpc": "2.0",
  "id": 4,
  "result": {
    "error": {
      "code": "dynamicFieldNotFound",
      "parent_object_id": "BFCcf34f997898410af02cb33f0de87461ab6d91112dbe87855028be88efba491d90949"
    }
  }
}

task 16, lines 69-71:
//# programmable --sender A --inputs object(10,0) 43
//> 0: sui::object_bag::remove<u64, sui::coin::Coin<sui::sui::SUI>>(Input(0), Input(1));
//> 1: MergeCoins(Gas, [Result(0)])
Error: Transaction Effects Status: Move Bytecode Verification Error. Please run the Bytecode Verifier for more information.
Execution Error: ExecutionError: ExecutionError { inner: ExecutionErrorInner { kind: VMVerificationOrDeserializationError, source: Some(VMError { major_status: LINKER_ERROR, sub_status: None, message: Some("Cannot find ModuleId { address: sui, name: Identifier(\"sui\") } in data cache"), exec_state: None, location: Undefined, indices: [], offsets: [] }), command: Some(0) } }

task 17, line 73:
//# create-checkpoint
Checkpoint created: 6

task 18, lines 75-79:
//# run-jsonrpc
Response: {
  "jsonrpc": "2.0",
  "id": 5,
  "result": {
    "error": {
      "code": "dynamicFieldNotFound",
      "parent_object_id": "BFCcf34f997898410af02cb33f0de87461ab6d91112dbe87855028be88efba491d90949"
    }
  }
}
