---
source: external-crates/move/crates/move-transactional-test-runner/src/framework.rs
---
processed 7 tasks

init:
A: object(0,0)

task 1, lines 9-28:
//# publish
created: object(1,0)
mutated: object(0,1)
gas summary: computation_cost: 1000000, storage_cost: 5692400,  storage_rebate: 0, non_refundable_storage_fee: 0

task 2, lines 30-32:
//# programmable --sender A --inputs @A
//> 0: sui::object_bag::new();
//> 1: TransferObjects([Result(0)], Input(0))
created: object(2,0)
mutated: object(0,0)
gas summary: computation_cost: 1000000, storage_cost: 2705600,  storage_rebate: 0, non_refundable_storage_fee: 0

task 3, lines 34-39:
//# programmable --sender A --inputs object(2,0) 42 43u32 44 45 46 @A
//> 0: P::M::name(Input(1), Input(2));
//> 1: P::M::value(Input(4));
//> 2: P::M::value(Input(5));
//> 3: sui::object_bag::add<u64, P::M::Value>(Input(0), Input(3), Result(1));
//> 4: sui::object_bag::add<P::M::Name, P::M::Value>(Input(0), Result(0), Result(2))
created: object(3,0), object(3,1), object(3,2), object(3,3)
mutated: object(0,0), object(2,0)
gas summary: computation_cost: 1000000, storage_cost: 10548800,  storage_rebate: 2678544, non_refundable_storage_fee: 27056

task 4, line 41:
//# create-checkpoint
Checkpoint created: 1

task 5, lines 43-47:
//# run-jsonrpc
Response: {
  "jsonrpc": "2.0",
  "id": 0,
  "result": {
    "data": {
      "objectId": "BFCb3001d0f12fb65c22e3d0b459b24c75e0b7e2ab95325f1576ab07f6477c245989b4d",
      "version": "3",
      "digest": "BixCnULi9T89T237W2n28ZPBjy9CthzR2mD9y2WNeh1V",
      "type": "0xb35a6fd26e8386771532ab58d9063650a6213c5301b0025f97b0be71efcce9df::M::Value",
      "owner": {
        "ObjectOwner": "BFCb1059ab97bfaeab52c8f4564faaa1268b37a8bc01533df1394dad2858db3ec9b8432"
      },
      "previousTransaction": "2CcWcyLHcjJG7MJVpd4F13J31r76c6xHwVa669wdxPuU",
      "storageRebate": "1299600",
      "content": {
        "dataType": "moveObject",
        "type": "0xb35a6fd26e8386771532ab58d9063650a6213c5301b0025f97b0be71efcce9df::M::Value",
        "hasPublicTransfer": true,
        "fields": {
          "id": {
            "id": "BFCb3001d0f12fb65c22e3d0b459b24c75e0b7e2ab95325f1576ab07f6477c245989b4d"
          },
          "x": "45"
        }
      }
    }
  }
}

task 6, lines 49-56:
//# run-jsonrpc
Response: {
  "jsonrpc": "2.0",
  "id": 1,
  "result": {
    "data": {
      "objectId": "BFC768404417f49ea9a8bf3de71096d958659ac1989264717c71ad3459d39d02013919b",
      "version": "3",
      "digest": "G6fMZexEizhkVTMUhHFBpQQZRJFcPFAoxEwRB1o3v4cp",
      "type": "0xb35a6fd26e8386771532ab58d9063650a6213c5301b0025f97b0be71efcce9df::M::Value",
      "owner": {
        "ObjectOwner": "BFCbfaa0fadb833bef956a29937d55779f3aca0956e9e2f332b4fabe8d75d45c246490e"
      },
      "previousTransaction": "2CcWcyLHcjJG7MJVpd4F13J31r76c6xHwVa669wdxPuU",
      "storageRebate": "1299600",
      "content": {
        "dataType": "moveObject",
        "type": "0xb35a6fd26e8386771532ab58d9063650a6213c5301b0025f97b0be71efcce9df::M::Value",
        "hasPublicTransfer": true,
        "fields": {
          "id": {
            "id": "BFC768404417f49ea9a8bf3de71096d958659ac1989264717c71ad3459d39d02013919b"
          },
          "x": "46"
        }
      }
    }
  }
}
