---
source: external-crates/move/crates/move-transactional-test-runner/src/framework.rs
---
processed 7 tasks

init:
A: object(0,0)

task 1, lines 9-28:
//# publish
created: object(1,0)
mutated: object(0,1)
gas summary: computation_cost: 1000000, storage_cost: 5692400,  storage_rebate: 0, non_refundable_storage_fee: 0

task 2, lines 30-32:
//# programmable --sender A --inputs @A
//> 0: sui::object_bag::new();
//> 1: TransferObjects([Result(0)], Input(0))
created: object(2,0)
mutated: object(0,0)
gas summary: computation_cost: 1000000, storage_cost: 2705600,  storage_rebate: 0, non_refundable_storage_fee: 0

task 3, lines 34-39:
//# programmable --sender A --inputs object(2,0) 42 43u32 44 45 46 @A
//> 0: P::M::name(Input(1), Input(2));
//> 1: P::M::value(Input(4));
//> 2: P::M::value(Input(5));
//> 3: sui::object_bag::add<u64, P::M::Value>(Input(0), Input(3), Result(1));
//> 4: sui::object_bag::add<P::M::Name, P::M::Value>(Input(0), Result(0), Result(2))
created: object(3,0), object(3,1), object(3,2), object(3,3)
mutated: object(0,0), object(2,0)
gas summary: computation_cost: 1000000, storage_cost: 10548800,  storage_rebate: 2678544, non_refundable_storage_fee: 27056

task 4, line 41:
//# create-checkpoint
Checkpoint created: 1

task 5, lines 43-47:
//# run-jsonrpc
Response: {
  "jsonrpc": "2.0",
  "id": 0,
  "result": {
    "data": {
      "objectId": "BFC7e659bae3080683e9774aab21eef004b17fe37c73aff073762bb92b82e1380eb3d4d",
      "version": "3",
      "digest": "3kWs9n3xBVyRRG7zHVysd1iYVHYCvZminFeJNYBp2mkL",
      "type": "0xa915878d128031b5c797d488551fbb81567a706dfb8e06ac418c4d3d92f0f9d9::M::Value",
      "owner": {
        "ObjectOwner": "BFC9042bd8bff1bf4f71b6d31884acf675d43a15b00f5e19eeeb418b82ef0b716cd8d3a"
      },
      "previousTransaction": "3wrZzZn3iYQfj754mEDw8GwWn5dPQXkygB2av8t92fBm",
      "storageRebate": "1299600",
      "content": {
        "dataType": "moveObject",
        "type": "0xa915878d128031b5c797d488551fbb81567a706dfb8e06ac418c4d3d92f0f9d9::M::Value",
        "hasPublicTransfer": true,
        "fields": {
          "id": {
            "id": "BFC7e659bae3080683e9774aab21eef004b17fe37c73aff073762bb92b82e1380eb3d4d"
          },
          "x": "45"
        }
      }
    }
  }
}

task 6, lines 49-56:
//# run-jsonrpc
Response: {
  "jsonrpc": "2.0",
  "id": 1,
  "result": {
    "data": {
      "objectId": "BFC2207242e612e44eae248270230fad5f1007ce48659d6cbd4cca5c0f84fcc1445418a",
      "version": "3",
      "digest": "2s5axEN1DKcui6Msos5CUPGx8ca2gJDncrpfHu7FEmTR",
      "type": "0xa915878d128031b5c797d488551fbb81567a706dfb8e06ac418c4d3d92f0f9d9::M::Value",
      "owner": {
        "ObjectOwner": "BFC672db9638278ca7163b71da4d853f743a03c002850300124e1a704be99e4d81b999d"
      },
      "previousTransaction": "3wrZzZn3iYQfj754mEDw8GwWn5dPQXkygB2av8t92fBm",
      "storageRebate": "1299600",
      "content": {
        "dataType": "moveObject",
        "type": "0xa915878d128031b5c797d488551fbb81567a706dfb8e06ac418c4d3d92f0f9d9::M::Value",
        "hasPublicTransfer": true,
        "fields": {
          "id": {
            "id": "BFC2207242e612e44eae248270230fad5f1007ce48659d6cbd4cca5c0f84fcc1445418a"
          },
          "x": "46"
        }
      }
    }
  }
}
