---
source: external-crates/move/crates/move-transactional-test-runner/src/framework.rs
---
processed 7 tasks

init:
A: object(0,0)

task 1, lines 9-19:
//# publish
created: object(1,0)
mutated: object(0,1)
gas summary: computation_cost: 1000000, storage_cost: 4271200,  storage_rebate: 0, non_refundable_storage_fee: 0

task 2, lines 21-23:
//# programmable --sender A --inputs @A
//> 0: sui::bag::new();
//> 1: TransferObjects([Result(0)], Input(0))
created: object(2,0)
mutated: object(0,0)
gas summary: computation_cost: 1000000, storage_cost: 2606800,  storage_rebate: 0, non_refundable_storage_fee: 0

task 3, lines 25-28:
//# programmable --sender A --inputs object(2,0) 42 43u32 44 45 46
//> 0: P::M::name(Input(1), Input(2));
//> 1: sui::bag::add<u64, u64>(Input(0), Input(3), Input(4));
//> 2: sui::bag::add<P::M::Name, u64>(Input(0), Result(0), Input(5))
created: object(3,0), object(3,1)
mutated: object(0,0), object(2,0)
gas summary: computation_cost: 1000000, storage_cost: 5874800,  storage_rebate: 2580732, non_refundable_storage_fee: 26068

task 4, line 30:
//# create-checkpoint
Checkpoint created: 1

task 5, lines 32-36:
//# run-jsonrpc
Response: {
  "jsonrpc": "2.0",
  "id": 0,
  "result": {
    "data": {
      "objectId": "BFC00ecb2898b8769eccbcd61a650c63ddad6c1a74c3522241ec86abbf8e18ecb88af10",
      "version": "3",
      "digest": "FuauoPku23BBCpE9w4QBLMaiJwegm7aYXh1YHU1kSbup",
      "type": "0x2::dynamic_field::Field<u64, u64>",
      "owner": {
        "ObjectOwner": "BFCc9e57f9b58926b32f88d24aba155bbc0421a7434c015f9c01660a5c24faa9d2f54b1"
      },
      "previousTransaction": "59WxQWLSikvvCzqA87iDP1dbUs2MdPDZxEV5d18qJUf",
      "storageRebate": "1466800",
      "content": {
        "dataType": "moveObject",
        "type": "0x2::dynamic_field::Field<u64, u64>",
        "hasPublicTransfer": false,
        "fields": {
          "id": {
            "id": "BFC00ecb2898b8769eccbcd61a650c63ddad6c1a74c3522241ec86abbf8e18ecb88af10"
          },
          "name": "44",
          "value": "45"
        }
      }
    }
  }
}

task 6, lines 38-45:
//# run-jsonrpc
Response: {
  "jsonrpc": "2.0",
  "id": 1,
  "result": {
    "data": {
      "objectId": "BFCd4fe746c2f87a192155970e7b0eb2fd4628e71f6d7d695367a0406cf290f6a36c33f",
      "version": "3",
      "digest": "Gg3qAzehy3kj318X2uUJutpqirv8YgsKKyChA4vLR2bi",
      "type": "0x2::dynamic_field::Field<0xc7136ea2f92ed2c53a00498ade7fb04f51ccbe226dbf963e1c3f72135fcfa59b::M::Name, u64>",
      "owner": {
        "ObjectOwner": "BFCc9e57f9b58926b32f88d24aba155bbc0421a7434c015f9c01660a5c24faa9d2f54b1"
      },
      "previousTransaction": "59WxQWLSikvvCzqA87iDP1dbUs2MdPDZxEV5d18qJUf",
      "storageRebate": "1801200",
      "content": {
        "dataType": "moveObject",
        "type": "0x2::dynamic_field::Field<0xc7136ea2f92ed2c53a00498ade7fb04f51ccbe226dbf963e1c3f72135fcfa59b::M::Name, u64>",
        "hasPublicTransfer": false,
        "fields": {
          "id": {
            "id": "BFCd4fe746c2f87a192155970e7b0eb2fd4628e71f6d7d695367a0406cf290f6a36c33f"
          },
          "name": {
            "type": "0xc7136ea2f92ed2c53a00498ade7fb04f51ccbe226dbf963e1c3f72135fcfa59b::M::Name",
            "fields": {
              "x": "42",
              "y": 43
            }
          },
          "value": "46"
        }
      }
    }
  }
}
