processed 12 tasks

init:
A: object(0,0), B: object(0,1)

task 1, lines 14-48:
//# publish
created: object(1,0), object(1,1)
mutated: object(0,2)
gas summary: computation_cost: 1000000, storage_cost: 9530400,  storage_rebate: 0, non_refundable_storage_fee: 0

task 2, lines 50-56:
//# programmable --sender A --inputs object(1,0) 42 @A
//> 0: test::counter::inc(Input(0));
//> 1: test::counter::inc_by(Input(0), Input(1));
//> 2: sui::coin::value<sui::sui::SUI>(Gas);
//> 3: test::counter::inc_by(Input(0), Result(2));
//> 4: test::counter::take(Input(0), Input(1));
//> 5: TransferObjects([Result(4)], Input(2))
Error: Transaction Effects Status: Move Bytecode Verification Error. Please run the Bytecode Verifier for more information.
Debug of error: VMVerificationOrDeserializationError at command Some(2)

task 3, lines 58-60:
//# programmable --sender A --inputs 42 @B
//> 0: SplitCoins(Gas, [Input(0)]);
//> 1: TransferObjects([Result(0)], Input(1))
created: object(3,0)
mutated: object(0,0)
gas summary: computation_cost: 1000000, storage_cost: 2614400,  storage_rebate: 1294128, non_refundable_storage_fee: 13072

task 4, line 62:
//# create-checkpoint
Checkpoint created: 1

task 5, lines 64-68:
//# run-jsonrpc
Response: {
  "jsonrpc": "2.0",
  "id": 0,
  "result": {
    "digest": "EdZtEQ8mdKPE6zHLSFRgenKAZciMPp9gQuHuFEq6wVRc"
  }
}

task 6, lines 70-74:
//# run-jsonrpc
Response: {
  "jsonrpc": "2.0",
  "id": 1,
  "error": {
    "code": -32602,
    "message": "Invalid Params: Transaction 11111111111111111111111111111111 not found"
  }
}

task 7, lines 76-86:
//# run-jsonrpc
Response: {
  "jsonrpc": "2.0",
  "id": 2,
  "result": {
    "digest": "EdZtEQ8mdKPE6zHLSFRgenKAZciMPp9gQuHuFEq6wVRc",
    "rawTransaction": "AAADAQFRi7XD9c62hgEP2xI40RHUblouryYlAYe+L1xluFDDewIAAAAAAAAAAQAIKgAAAAAAAAAAIPzMmkIbuxPBpmoaqY8K11Ap7elIV3ecaRW0T5QGi5IeBgAjOTsAk+lity4Xlq16f3+UxnZN4kjkuObAn8sMJ/B2NAdjb3VudGVyA2luYwABAQAAACM5OwCT6WK3LheWrXp/f5TGdk3iSOS45sCfywwn8HY0B2NvdW50ZXIGaW5jX2J5AAIBAAABAQAAAAAAAAAAAAAAAAAAAAAAAAAAAAAAAAAAAAAAAAAAAAIEY29pbgV2YWx1ZQEHAAAAAAAAAAAAAAAAAAAAAAAAAAAAAAAAAAAAAAAAAAIDc3VpA1NVSQABAAAjOTsAk+lity4Xlq16f3+UxnZN4kjkuObAn8sMJ/B2NAdjb3VudGVyBmluY19ieQACAQAAAgIAACM5OwCT6WK3LheWrXp/f5TGdk3iSOS45sCfywwn8HY0B2NvdW50ZXIEdGFrZQACAQAAAQEAAQECBAABAgD8zJpCG7sTwaZqGqmPCtdQKe3pSFd3nGkVtE+UBouSHgGgFiVtyYWOdFkQQWUtUVyIjgiw4nNQ/OrYoUhCZrUO8AEAAAAAAAAAILZ7u7ucSQoHQht8u0+mXvL+dIECoJ/HdpmR10yGKGMq/MyaQhu7E8GmahqpjwrXUCnt6UhXd5xpFbRPlAaLkh7oAwAAAAAAAADyBSoBAAAAAA==",
    "rawEffects": [
      1,
      1,
      13,
      1,
      2,
      0,
      0,
      0,
      0,
      0,
      0,
      0,
      0,
      0,
      0,
      0,
      0,
      0,
      0,
      0,
      0,
      0,
      0,
      0,
      0,
      0,
      0,
      0,
      0,
      202,
      154,
      59,
      0,
      0,
      0,
      0,
      64,
      66,
      15,
      0,
      0,
      0,
      0,
      0,
      80,
      180,
      40,
      0,
      0,
      0,
      0,
      0,
      236,
      140,
      20,
      0,
      0,
      0,
      0,
      0,
      36,
      53,
      0,
      0,
      0,
      0,
      0,
      0,
      32,
      202,
      134,
      5,
      58,
      190,
      150,
      162,
      222,
      115,
      152,
      32,
      111,
      69,
      175,
      5,
      215,
      249,
      218,
      87,
      61,
      161,
      50,
      219,
      217,
      32,
      90,
      6,
      118,
      40,
      174,
      89,
      131,
      1,
      1,
      0,
      0,
      0,
      0,
      2,
      32,
      31,
      247,
      157,
      92,
      40,
      112,
      197,
      48,
      101,
      177,
      125,
      172,
      198,
      190,
      61,
      169,
      228,
      86,
      103,
      54,
      200,
      86,
      153,
      92,
      229,
      160,
      229,
      52,
      52,
      59,
      21,
      184,
      32,
      154,
      46,
      151,
      54,
      171,
      218,
      57,
      26,
      33,
      67,
      128,
      4,
      134,
      155,
      250,
      205,
      46,
      212,
      237,
      30,
      68,
      245,
      80,
      109,
      234,
      76,
      193,
      115,
      16,
      50,
      35,
      33,
      3,
      0,
      0,
      0,
      0,
      0,
      0,
      0,
      2,
      81,
      139,
      181,
      195,
      245,
      206,
      182,
      134,
      1,
      15,
      219,
      18,
      56,
      209,
      17,
      212,
      110,
      90,
      46,
      175,
      38,
      37,
      1,
      135,
      190,
      47,
      92,
      101,
      184,
      80,
      195,
      123,
      1,
      2,
      0,
      0,
      0,
      0,
      0,
      0,
      0,
      32,
      181,
      142,
      209,
      173,
      106,
      219,
      115,
      178,
      168,
      29,
      236,
      0,
      61,
      39,
      240,
      118,
      136,
      224,
      125,
      92,
      71,
      7,
      27,
      147,
      196,
      88,
      67,
      247,
      222,
      10,
      134,
      146,
      2,
      2,
      0,
      0,
      0,
      0,
      0,
      0,
      0,
      1,
      32,
      133,
      200,
      206,
      152,
      68,
      184,
      228,
      216,
      38,
      134,
      139,
      125,
      122,
      144,
      191,
      127,
      1,
      13,
      205,
      169,
      68,
      160,
      195,
      199,
      85,
      87,
      97,
      99,
      255,
      85,
      46,
      10,
      2,
      2,
      0,
      0,
      0,
      0,
      0,
      0,
      0,
      0,
      160,
      22,
      37,
      109,
      201,
      133,
      142,
      116,
      89,
      16,
      65,
      101,
      45,
      81,
      92,
      136,
      142,
      8,
      176,
      226,
      115,
      80,
      252,
      234,
      216,
      161,
      72,
      66,
      102,
      181,
      14,
      240,
      1,
      1,
      0,
      0,
      0,
      0,
      0,
      0,
      0,
      32,
      182,
      123,
      187,
      187,
      156,
      73,
      10,
      7,
      66,
      27,
      124,
      187,
      79,
      166,
      94,
      242,
      254,
      116,
      129,
      2,
      160,
      159,
      199,
      118,
      153,
      145,
      215,
      76,
      134,
      40,
      99,
      42,
      0,
      252,
      204,
      154,
      66,
      27,
      187,
      19,
      193,
      166,
      106,
      26,
      169,
      143,
      10,
      215,
      80,
      41,
      237,
      233,
      72,
      87,
      119,
      156,
      105,
      21,
      180,
      79,
      148,
      6,
      139,
      146,
      30,
      1,
      32,
      19,
      146,
      158,
      16,
      104,
      219,
      151,
      43,
      45,
      185,
      151,
      93,
      251,
      14,
      28,
      246,
      147,
      23,
      253,
      175,
      109,
      231,
      67,
      62,
      212,
      207,
      191,
      149,
      192,
      169,
      56,
      135,
      0,
      252,
      204,
      154,
      66,
      27,
      187,
      19,
      193,
      166,
      106,
      26,
      169,
      143,
      10,
      215,
      80,
      41,
      237,
      233,
      72,
      87,
      119,
      156,
      105,
      21,
      180,
      79,
      148,
      6,
      139,
      146,
      30,
      0,
      0,
      0
    ]
  }
}

task 8, lines 88-98:
//# run-jsonrpc
Response: {
  "jsonrpc": "2.0",
  "id": 3,
  "result": {
    "digest": "EdZtEQ8mdKPE6zHLSFRgenKAZciMPp9gQuHuFEq6wVRc",
    "transaction": {
      "data": {
        "messageVersion": "v1",
        "transaction": {
          "kind": "ProgrammableTransaction",
          "inputs": [
            {
              "type": "object",
              "objectType": "sharedObject",
              "objectId": "BFC518bb5c3f5ceb686010fdb1238d111d46e5a2eaf26250187be2f5c65b850c37b8e7d",
              "initialSharedVersion": "2",
              "mutable": true
            },
            {
              "type": "pure",
              "valueType": "u64",
              "value": "42"
            },
            {
              "type": "pure",
              "valueType": "address",
              "value": "0xfccc9a421bbb13c1a66a1aa98f0ad75029ede94857779c6915b44f94068b921e"
            }
          ],
          "transactions": [
            {
              "MoveCall": {
                "package": "BFC23393b0093e962b72e1796ad7a7f7f94c6764de248e4b8e6c09fcb0c27f076344c12",
                "module": "counter",
                "function": "inc",
                "arguments": [
                  {
                    "Input": 0
                  }
                ]
              }
            },
            {
              "MoveCall": {
                "package": "BFC23393b0093e962b72e1796ad7a7f7f94c6764de248e4b8e6c09fcb0c27f076344c12",
                "module": "counter",
                "function": "inc_by",
                "arguments": [
                  {
                    "Input": 0
                  },
                  {
                    "Input": 1
                  }
                ]
              }
            },
            {
              "MoveCall": {
                "package": "BFC000000000000000000000000000000000000000000000000000000000000000268e4",
                "module": "coin",
                "function": "value",
                "type_arguments": [
                  "0x2::sui::SUI"
                ],
                "arguments": [
                  "GasCoin"
                ]
              }
            },
            {
              "MoveCall": {
                "package": "BFC23393b0093e962b72e1796ad7a7f7f94c6764de248e4b8e6c09fcb0c27f076344c12",
                "module": "counter",
                "function": "inc_by",
                "arguments": [
                  {
                    "Input": 0
                  },
                  {
                    "Result": 2
                  }
                ]
              }
            },
            {
              "MoveCall": {
                "package": "BFC23393b0093e962b72e1796ad7a7f7f94c6764de248e4b8e6c09fcb0c27f076344c12",
                "module": "counter",
                "function": "take",
                "arguments": [
                  {
                    "Input": 0
                  },
                  {
                    "Input": 1
                  }
                ]
              }
            },
            {
              "TransferObjects": [
                [
                  {
                    "Result": 4
                  }
                ],
                {
                  "Input": 2
                }
              ]
            }
          ]
        },
        "sender": "BFCfccc9a421bbb13c1a66a1aa98f0ad75029ede94857779c6915b44f94068b921e71f7",
        "gasData": {
          "payment": [
            {
              "objectId": "BFCa016256dc9858e74591041652d515c888e08b0e27350fcead8a1484266b50ef0b0b0",
              "version": 1,
              "digest": "DHLdcxTCoS36JCg46qQtJhTdFZmZgrWjDaTsoA6wY55T"
            }
          ],
          "owner": "BFCfccc9a421bbb13c1a66a1aa98f0ad75029ede94857779c6915b44f94068b921e71f7",
          "price": "1000",
          "budget": "5000000000"
        }
      },
      "txSignatures": [
        "AB7MA0C656JzwuQOLU/KhhH/PzYwGLV/bl2kE+N0UoXZtPLPXGM2JgM5NLyw6xGRER+vrGC8b9dz0qZE/WtVQAh/UUY663bYjcm3XmNyULIgxJz1t5Z9vxfB+fp8WUoJKA=="
      ]
    },
    "effects": {
      "messageVersion": "v1",
      "status": {
        "status": "failure",
        "error": "VMVerificationOrDeserializationError in command 2"
      },
      "executedEpoch": "0",
      "gasUsed": {
        "computationCost": "1000000",
        "storageCost": "2667600",
        "storageRebate": "1346796",
        "nonRefundableStorageFee": "13604"
      },
      "modifiedAtVersions": [
        {
          "objectId": "BFC518bb5c3f5ceb686010fdb1238d111d46e5a2eaf26250187be2f5c65b850c37b8e7d",
          "sequenceNumber": "2"
        },
        {
          "objectId": "BFCa016256dc9858e74591041652d515c888e08b0e27350fcead8a1484266b50ef0b0b0",
          "sequenceNumber": "1"
        }
      ],
      "sharedObjects": [
        {
          "objectId": "BFC518bb5c3f5ceb686010fdb1238d111d46e5a2eaf26250187be2f5c65b850c37b8e7d",
          "version": 2,
          "digest": "DDj6z8MmzPHwqJQUv65ZxgfGRuYMWz8nWqysfv44XfUV"
        }
      ],
      "transactionDigest": "EdZtEQ8mdKPE6zHLSFRgenKAZciMPp9gQuHuFEq6wVRc",
      "mutated": [
        {
          "owner": {
            "Shared": {
              "initial_shared_version": 2
            }
          },
          "reference": {
            "objectId": "BFC518bb5c3f5ceb686010fdb1238d111d46e5a2eaf26250187be2f5c65b850c37b8e7d",
            "version": 3,
            "digest": "A1EpUa7M7TesG6RvkxHnntF2A8YoHBoE4gTZEcmvCq3F"
          }
        },
        {
          "owner": {
            "AddressOwner": "BFCfccc9a421bbb13c1a66a1aa98f0ad75029ede94857779c6915b44f94068b921e71f7"
          },
          "reference": {
            "objectId": "BFCa016256dc9858e74591041652d515c888e08b0e27350fcead8a1484266b50ef0b0b0",
            "version": 3,
            "digest": "2KQR6cn3VDAjtiWfqqcLX27iyfRNJ8L2UzprMECmoH1x"
          }
        }
      ],
      "gasObject": {
        "owner": {
          "AddressOwner": "BFCfccc9a421bbb13c1a66a1aa98f0ad75029ede94857779c6915b44f94068b921e71f7"
        },
        "reference": {
          "objectId": "BFCa016256dc9858e74591041652d515c888e08b0e27350fcead8a1484266b50ef0b0b0",
          "version": 3,
          "digest": "2KQR6cn3VDAjtiWfqqcLX27iyfRNJ8L2UzprMECmoH1x"
        }
      },
      "dependencies": [
        "39ndZP7G5FYtExpbPkT9kwgG9PGZue9qGRjBYG2TAneT",
        "BNrzSzuKUNE36s2scsHbQJDtSyrkn28rovzQqxHm2JvL"
      ]
    }
  }
}

task 9, lines 100-109:
//# run-jsonrpc
Response: {
  "jsonrpc": "2.0",
  "id": 4,
  "result": {
    "digest": "EdZtEQ8mdKPE6zHLSFRgenKAZciMPp9gQuHuFEq6wVRc",
    "events": []
  }
}

task 10, lines 111-120:
//# run-jsonrpc
Response: {
  "jsonrpc": "2.0",
  "id": 5,
  "result": {
    "digest": "EdZtEQ8mdKPE6zHLSFRgenKAZciMPp9gQuHuFEq6wVRc",
    "balanceChanges": [
      {
        "owner": {
          "AddressOwner": "BFCfccc9a421bbb13c1a66a1aa98f0ad75029ede94857779c6915b44f94068b921e71f7"
        },
        "coinType": "0x2::bfc::BFC",
        "amount": "-2320804"
      }
    ]
  }
}

task 11, lines 122-131:
//# run-jsonrpc
Response: {
  "jsonrpc": "2.0",
  "id": 6,
  "result": {
    "digest": "BQXDtbfMjs9GzojQKZ3FYhRU95sH4mBLPdqowEoEJfuW",
    "balanceChanges": [
      {
        "owner": {
          "AddressOwner": "BFCa7b032703878aa74c3126935789fd1d4d7e111d5911b09247d6963061c312b5a5cf9"
        },
        "coinType": "0x2::bfc::BFC",
        "amount": "42"
      },
      {
        "owner": {
          "AddressOwner": "BFCfccc9a421bbb13c1a66a1aa98f0ad75029ede94857779c6915b44f94068b921e71f7"
        },
        "coinType": "0x2::bfc::BFC",
        "amount": "-2320314"
      }
    ]
  }
}
